<html>
<body>
<pre>
<h1>µVision Build Log</h1>
<h2>Tool Versions:</h2>
IDE-Version: ¦ÌVision V5.24.2.0
Copyright (C) 2017 ARM Ltd and ARM Germany GmbH. All rights reserved.
License Information: liu 8618022095503, hnnydx, LIC=QF82M-XD2I7-SB7EJ-UEHMN-PC1LL-9MJCI
 
Tool Versions:
Toolchain:       MDK-ARM Plus  Version: 5.24.1
Toolchain Path:  C:\Keil_v5\ARM\ARMCC\Bin
C Compiler:      Armcc.exe V5.06 update 5 (build 528)
Assembler:       Armasm.exe V5.06 update 5 (build 528)
Linker/Locator:  ArmLink.exe V5.06 update 5 (build 528)
Library Manager: ArmAr.exe V5.06 update 5 (build 528)
Hex Converter:   FromElf.exe V5.06 update 5 (build 528)
CPU DLL:         SARMCM3.DLL V5.24.1
Dialog DLL:      DCM.DLL V1.16.0.0
Target DLL:      CMSIS_AGDI.dll V1.28.3.0
Dialog DLL:      TCM.DLL V1.32.0.0
 
<h2>Project:</h2>
C:\Users\86180\Desktop\7.15engineer\7.21engineer\7.21engineer\rm_2023_engineer_7_21\MDK-ARM\rm_2023_engineer.uvprojx
Project File Date:  10/19/2023

<h2>Output:</h2>
*** Using Compiler 'V5.06 update 5 (build 528)', folder: 'C:\Keil_v5\ARM\ARMCC\Bin'
Build target 'rm_2023_engineer'
assembling startup_stm32f407xx.s...
compiling bsp_circle.c...
..\bsp\bsp_circle.h(31): warning:  #1-D: last line of file ends without a newline
  #endif
..\bsp\bsp_circle.c(148): warning:  #1-D: last line of file ends without a newline
  }
..\bsp\bsp_circle.c: 2 warnings, 0 errors
compiling bsp_usart.c...
..\bsp\bsp_usart.h(20): warning:  #1295-D: Deprecated declaration Relay_Read_Data - give arg types
  void Relay_Read_Data();
../app/diy_remote.h(40): warning:  #1295-D: Deprecated declaration diy_remote_init - give arg types
  void diy_remote_init();
../app/diy_remote.h(41): warning:  #1295-D: Deprecated declaration t265_controller - give arg types
  void t265_controller();
../app/diy_remote.h(42): warning:  #1295-D: Deprecated declaration t265_data_refresh - give arg types
  void t265_data_refresh();
../app/diy_remote.h(46): warning:  #1-D: last line of file ends without a newline
  #endif
../app/cradle_task.h(68): warning:  #1-D: last line of file ends without a newline
  #endif
..\bsp\bsp_circle.h(31): warning:  #1-D: last line of file ends without a newline
  #endif
..\bsp\bsp_usart.c: 7 warnings, 0 errors
compiling dma.c...
compiling relay_task.c...
..\app\cradle_task.h(68): warning:  #1-D: last line of file ends without a newline
  #endif
../bsp/bsp_usart.h(20): warning:  #1295-D: Deprecated declaration Relay_Read_Data - give arg types
  void Relay_Read_Data();
..\app\relay_task.c(25): warning:  #188-D: enumerated type mixed with another type
  		main_send.chassis.ctrl_mode = 5;
..\app\relay_task.c: 3 warnings, 0 errors
compiling usart.c...
compiling stm32f4xx_it.c...
../bsp/bsp_usart.h(20): warning:  #1295-D: Deprecated declaration Relay_Read_Data - give arg types
  void Relay_Read_Data();
../Core/Src/stm32f4xx_it.c: 1 warning, 0 errors
linking...
Program Size: Code=45876 RO-data=2116 RW-data=504 ZI-data=26968  
FromELF: creating hex file...
"rm_2023_engineer\rm_2023_engineer.axf" - 0 Error(s), 13 Warning(s).

<h2>Software Packages used:</h2>

Package Vendor: ARM
                http://www.keil.com/pack/ARM.CMSIS.5.0.1.pack
                ARM.CMSIS.5.0.1
                CMSIS (Cortex Microcontroller Software Interface Standard)
   * Component: CORE Version: 5.0.1

Package Vendor: Keil
                http://www.keil.com/pack/Keil.STM32F4xx_DFP.2.15.0.pack
                Keil.STM32F4xx_DFP.2.15.0
                STMicroelectronics STM32F4 Series Device Support, Drivers and Examples

<h2>Collection of Component include folders:</h2>
  .\RTE\_rm_2023_engineer
  C:\Keil_v5\ARM\PACK\ARM\CMSIS\5.0.1\CMSIS\Include
  C:\Keil_v5\ARM\PACK\Keil\STM32F4xx_DFP\2.15.0\Drivers\CMSIS\Device\ST\STM32F4xx\Include

<h2>Collection of Component Files used:</h2>

   * Component: ARM::CMSIS:CORE:5.0.1
Build Time Elapsed:  00:00:11
</pre>
</body>
</html>
