Component: ARM Compiler 5.06 update 5 (build 528) Tool: armlink [4d35e2]

==============================================================================

Section Cross References

    startup_stm32f407xx.o(STACK) refers (Special) to heapauxi.o(.text) for __use_two_region_memory
    startup_stm32f407xx.o(HEAP) refers (Special) to heapauxi.o(.text) for __use_two_region_memory
    startup_stm32f407xx.o(RESET) refers (Special) to heapauxi.o(.text) for __use_two_region_memory
    startup_stm32f407xx.o(RESET) refers to startup_stm32f407xx.o(STACK) for __initial_sp
    startup_stm32f407xx.o(RESET) refers to startup_stm32f407xx.o(.text) for Reset_Handler
    startup_stm32f407xx.o(RESET) refers to stm32f4xx_it.o(i.NMI_Handler) for NMI_Handler
    startup_stm32f407xx.o(RESET) refers to stm32f4xx_it.o(i.HardFault_Handler) for HardFault_Handler
    startup_stm32f407xx.o(RESET) refers to stm32f4xx_it.o(i.MemManage_Handler) for MemManage_Handler
    startup_stm32f407xx.o(RESET) refers to stm32f4xx_it.o(i.BusFault_Handler) for BusFault_Handler
    startup_stm32f407xx.o(RESET) refers to stm32f4xx_it.o(i.UsageFault_Handler) for UsageFault_Handler
    startup_stm32f407xx.o(RESET) refers to port.o(.emb_text) for SVC_Handler
    startup_stm32f407xx.o(RESET) refers to stm32f4xx_it.o(i.DebugMon_Handler) for DebugMon_Handler
    startup_stm32f407xx.o(RESET) refers to port.o(i.SysTick_Handler) for SysTick_Handler
    startup_stm32f407xx.o(RESET) refers to stm32f4xx_it.o(i.DMA1_Stream0_IRQHandler) for DMA1_Stream0_IRQHandler
    startup_stm32f407xx.o(RESET) refers to stm32f4xx_it.o(i.DMA1_Stream1_IRQHandler) for DMA1_Stream1_IRQHandler
    startup_stm32f407xx.o(RESET) refers to stm32f4xx_it.o(i.DMA1_Stream3_IRQHandler) for DMA1_Stream3_IRQHandler
    startup_stm32f407xx.o(RESET) refers to stm32f4xx_it.o(i.DMA1_Stream5_IRQHandler) for DMA1_Stream5_IRQHandler
    startup_stm32f407xx.o(RESET) refers to stm32f4xx_it.o(i.DMA1_Stream6_IRQHandler) for DMA1_Stream6_IRQHandler
    startup_stm32f407xx.o(RESET) refers to stm32f4xx_it.o(i.CAN1_TX_IRQHandler) for CAN1_TX_IRQHandler
    startup_stm32f407xx.o(RESET) refers to stm32f4xx_it.o(i.CAN1_RX0_IRQHandler) for CAN1_RX0_IRQHandler
    startup_stm32f407xx.o(RESET) refers to stm32f4xx_it.o(i.CAN1_RX1_IRQHandler) for CAN1_RX1_IRQHandler
    startup_stm32f407xx.o(RESET) refers to stm32f4xx_it.o(i.CAN1_SCE_IRQHandler) for CAN1_SCE_IRQHandler
    startup_stm32f407xx.o(RESET) refers to stm32f4xx_it.o(i.TIM1_UP_TIM10_IRQHandler) for TIM1_UP_TIM10_IRQHandler
    startup_stm32f407xx.o(RESET) refers to stm32f4xx_it.o(i.USART1_IRQHandler) for USART1_IRQHandler
    startup_stm32f407xx.o(RESET) refers to stm32f4xx_it.o(i.USART2_IRQHandler) for USART2_IRQHandler
    startup_stm32f407xx.o(RESET) refers to stm32f4xx_it.o(i.USART3_IRQHandler) for USART3_IRQHandler
    startup_stm32f407xx.o(RESET) refers to stm32f4xx_it.o(i.DMA1_Stream7_IRQHandler) for DMA1_Stream7_IRQHandler
    startup_stm32f407xx.o(RESET) refers to stm32f4xx_it.o(i.UART5_IRQHandler) for UART5_IRQHandler
    startup_stm32f407xx.o(RESET) refers to stm32f4xx_it.o(i.DMA2_Stream2_IRQHandler) for DMA2_Stream2_IRQHandler
    startup_stm32f407xx.o(RESET) refers to stm32f4xx_it.o(i.CAN2_TX_IRQHandler) for CAN2_TX_IRQHandler
    startup_stm32f407xx.o(RESET) refers to stm32f4xx_it.o(i.CAN2_RX0_IRQHandler) for CAN2_RX0_IRQHandler
    startup_stm32f407xx.o(RESET) refers to stm32f4xx_it.o(i.CAN2_RX1_IRQHandler) for CAN2_RX1_IRQHandler
    startup_stm32f407xx.o(RESET) refers to stm32f4xx_it.o(i.CAN2_SCE_IRQHandler) for CAN2_SCE_IRQHandler
    startup_stm32f407xx.o(RESET) refers to stm32f4xx_it.o(i.USART6_IRQHandler) for USART6_IRQHandler
    startup_stm32f407xx.o(.text) refers (Special) to heapauxi.o(.text) for __use_two_region_memory
    startup_stm32f407xx.o(.text) refers to system_stm32f4xx.o(i.SystemInit) for SystemInit
    startup_stm32f407xx.o(.text) refers to __main.o(!!!main) for __main
    startup_stm32f407xx.o(.text) refers to startup_stm32f407xx.o(HEAP) for Heap_Mem
    startup_stm32f407xx.o(.text) refers to startup_stm32f407xx.o(STACK) for Stack_Mem
    main.o(i.HAL_TIM_PeriodElapsedCallback) refers to stm32f4xx_hal.o(i.HAL_IncTick) for HAL_IncTick
    main.o(i.SystemClock_Config) refers to rt_memclr_w.o(.text) for __aeabi_memclr4
    main.o(i.SystemClock_Config) refers to stm32f4xx_hal_rcc.o(i.HAL_RCC_OscConfig) for HAL_RCC_OscConfig
    main.o(i.SystemClock_Config) refers to stm32f4xx_hal_rcc.o(i.HAL_RCC_ClockConfig) for HAL_RCC_ClockConfig
    main.o(i.main) refers to stm32f4xx_hal.o(i.HAL_Init) for HAL_Init
    main.o(i.main) refers to main.o(i.SystemClock_Config) for SystemClock_Config
    main.o(i.main) refers to gpio.o(i.MX_GPIO_Init) for MX_GPIO_Init
    main.o(i.main) refers to dma.o(i.MX_DMA_Init) for MX_DMA_Init
    main.o(i.main) refers to can.o(i.MX_CAN1_Init) for MX_CAN1_Init
    main.o(i.main) refers to can.o(i.MX_CAN2_Init) for MX_CAN2_Init
    main.o(i.main) refers to usart.o(i.MX_USART1_UART_Init) for MX_USART1_UART_Init
[...]
    ui_mode_display                          0x08009479   Thumb Code   352  judge_send_task.o(i.ui_mode_display)
    ui_sendcode                              0x080095e1   Thumb Code   272  bsp_judgesend.o(i.ui_sendcode)
    ui_sendgraph                             0x080096f9   Thumb Code   146  bsp_judgesend.o(i.ui_sendgraph)
    ui_tips_display                          0x08009795   Thumb Code   166  judge_send_task.o(i.ui_tips_display)
    unlock_init                              0x08009849   Thumb Code    42  modeswitch_task.o(i.unlock_init)
    uplift_fall_step                         0x0800987d   Thumb Code   350  uplift_task.o(i.uplift_fall_step)
    uplift_task                              0x08009a09   Thumb Code   306  uplift_task.o(i.uplift_task)
    upliftup_init                            0x08009b61   Thumb Code   144  uplift_task.o(i.upliftup_init)
    upliftup_init_step                       0x08009c05   Thumb Code   118  uplift_task.o(i.upliftup_init_step)
    user_uart_init                           0x08009c8d   Thumb Code   128  bsp_usart.o(i.user_uart_init)
    uxListRemove                             0x08009d29   Thumb Code    38  list.o(i.uxListRemove)
    vApplicationGetIdleTaskMemory            0x08009d51   Thumb Code    16  freertos.o(i.vApplicationGetIdleTaskMemory)
    vApplicationGetTimerTaskMemory           0x08009d65   Thumb Code    18  freertos.o(i.vApplicationGetTimerTaskMemory)
    vListInitialise                          0x08009d7d   Thumb Code    22  list.o(i.vListInitialise)
    vListInitialiseItem                      0x08009d93   Thumb Code     6  list.o(i.vListInitialiseItem)
    vListInsert                              0x08009d99   Thumb Code    48  list.o(i.vListInsert)
    vListInsertEnd                           0x08009dc9   Thumb Code    24  list.o(i.vListInsertEnd)
    vPortEnterCritical                       0x08009de1   Thumb Code    54  port.o(i.vPortEnterCritical)
    vPortExitCritical                        0x08009e21   Thumb Code    34  port.o(i.vPortExitCritical)
    vPortFree                                0x08009e49   Thumb Code    94  heap_4.o(i.vPortFree)
    vPortSetupTimerInterrupt                 0x08009ead   Thumb Code    32  port.o(i.vPortSetupTimerInterrupt)
    vPortValidateInterruptPriority           0x08009ed1   Thumb Code    74  port.o(i.vPortValidateInterruptPriority)
    vQueueAddToRegistry                      0x08009f25   Thumb Code    34  queue.o(i.vQueueAddToRegistry)
    vQueueWaitForMessageRestricted           0x08009f4d   Thumb Code    68  queue.o(i.vQueueWaitForMessageRestricted)
    vTaskDelay                               0x08009f91   Thumb Code    66  tasks.o(i.vTaskDelay)
    vTaskDelayUntil                          0x08009fdd   Thumb Code   132  tasks.o(i.vTaskDelayUntil)
    vTaskInternalSetTimeOutState             0x0800a069   Thumb Code    12  tasks.o(i.vTaskInternalSetTimeOutState)
    vTaskMissedYield                         0x0800a079   Thumb Code     8  tasks.o(i.vTaskMissedYield)
    vTaskPlaceOnEventList                    0x0800a085   Thumb Code    44  tasks.o(i.vTaskPlaceOnEventList)
    vTaskPlaceOnEventListRestricted          0x0800a0b5   Thumb Code    52  tasks.o(i.vTaskPlaceOnEventListRestricted)
    vTaskStartScheduler                      0x0800a0ed   Thumb Code   118  tasks.o(i.vTaskStartScheduler)
    vTaskSuspendAll                          0x0800a175   Thumb Code    10  tasks.o(i.vTaskSuspendAll)
    vTaskSwitchContext                       0x0800a185   Thumb Code    82  tasks.o(i.vTaskSwitchContext)
    xPortStartScheduler                      0x0800a1e1   Thumb Code   222  port.o(i.xPortStartScheduler)
    xQueueGenericCreate                      0x0800a2d5   Thumb Code    66  queue.o(i.xQueueGenericCreate)
    xQueueGenericCreateStatic                0x0800a317   Thumb Code   102  queue.o(i.xQueueGenericCreateStatic)
    xQueueGenericReset                       0x0800a37d   Thumb Code   132  queue.o(i.xQueueGenericReset)
    xQueueGenericSend                        0x0800a405   Thumb Code   346  queue.o(i.xQueueGenericSend)
    xQueueGenericSendFromISR                 0x0800a565   Thumb Code   190  queue.o(i.xQueueGenericSendFromISR)
    xQueueReceive                            0x0800a625   Thumb Code   308  queue.o(i.xQueueReceive)
    xQueueReceiveFromISR                     0x0800a75d   Thumb Code   154  queue.o(i.xQueueReceiveFromISR)
    xTaskCheckForTimeOut                     0x0800a7f9   Thumb Code   112  tasks.o(i.xTaskCheckForTimeOut)
    xTaskCreate                              0x0800a86d   Thumb Code    90  tasks.o(i.xTaskCreate)
    xTaskCreateStatic                        0x0800a8c7   Thumb Code    86  tasks.o(i.xTaskCreateStatic)
    xTaskGetSchedulerState                   0x0800a91d   Thumb Code    22  tasks.o(i.xTaskGetSchedulerState)
    xTaskGetTickCount                        0x0800a939   Thumb Code     6  tasks.o(i.xTaskGetTickCount)
    xTaskGetTickCountFromISR                 0x0800a945   Thumb Code    12  tasks.o(i.xTaskGetTickCountFromISR)
    xTaskIncrementTick                       0x0800a955   Thumb Code   194  tasks.o(i.xTaskIncrementTick)
    xTaskPriorityDisinherit                  0x0800aa21   Thumb Code   144  tasks.o(i.xTaskPriorityDisinherit)
    xTaskRemoveFromEventList                 0x0800aab9   Thumb Code   108  tasks.o(i.xTaskRemoveFromEventList)
    xTaskResumeAll                           0x0800ab2d   Thumb Code   182  tasks.o(i.xTaskResumeAll)
    xTimerCreate                             0x0800abf1   Thumb Code    52  timers.o(i.xTimerCreate)
    xTimerCreateStatic                       0x0800ac25   Thumb Code    46  timers.o(i.xTimerCreateStatic)
    xTimerCreateTimerTask                    0x0800ac55   Thumb Code    78  timers.o(i.xTimerCreateTimerTask)
    xTimerGenericCommand                     0x0800acb5   Thumb Code    92  timers.o(i.xTimerGenericCommand)
    __aeabi_d2f                              0x0800ad15   Thumb Code     0  d2f.o(x$fpl$d2f)
    _d2f                                     0x0800ad15   Thumb Code    98  d2f.o(x$fpl$d2f)
    __aeabi_dadd                             0x0800ad79   Thumb Code     0  daddsub_clz.o(x$fpl$dadd)
    _dadd                                    0x0800ad79   Thumb Code   332  daddsub_clz.o(x$fpl$dadd)
    __fpl_dcmp_Inf                           0x0800aec9   Thumb Code    24  dcmpi.o(x$fpl$dcmpinf)
    __aeabi_i2d                              0x0800aee1   Thumb Code     0  dflt_clz.o(x$fpl$dflt)
    _dflt                                    0x0800aee1   Thumb Code    46  dflt_clz.o(x$fpl$dflt)
    __aeabi_cdcmple                          0x0800af11   Thumb Code     0  dleqf.o(x$fpl$dleqf)
    _dcmple                                  0x0800af11   Thumb Code   120  dleqf.o(x$fpl$dleqf)
    __fpl_dcmple_InfNaN                      0x0800af73   Thumb Code     0  dleqf.o(x$fpl$dleqf)
    __aeabi_dmul                             0x0800af89   Thumb Code     0  dmul.o(x$fpl$dmul)
    _dmul                                    0x0800af89   Thumb Code   332  dmul.o(x$fpl$dmul)
    __fpl_dnaninf                            0x0800b0dd   Thumb Code   156  dnaninf.o(x$fpl$dnaninf)
    __fpl_dretinf                            0x0800b179   Thumb Code    12  dretinf.o(x$fpl$dretinf)
    __aeabi_cdrcmple                         0x0800b185   Thumb Code     0  drleqf.o(x$fpl$drleqf)
    _drcmple                                 0x0800b185   Thumb Code   108  drleqf.o(x$fpl$drleqf)
    __aeabi_dsub                             0x0800b1f1   Thumb Code     0  daddsub_clz.o(x$fpl$dsub)
    _dsub                                    0x0800b1f1   Thumb Code   464  daddsub_clz.o(x$fpl$dsub)
    __aeabi_f2d                              0x0800b3c5   Thumb Code     0  f2d.o(x$fpl$f2d)
    _f2d                                     0x0800b3c5   Thumb Code    86  f2d.o(x$fpl$f2d)
    __fpl_fnaninf                            0x0800b41b   Thumb Code   140  fnaninf.o(x$fpl$fnaninf)
    _fp_init                                 0x0800b4a7   Thumb Code    10  fpinit.o(x$fpl$fpinit)
    __fplib_config_fpu_vfp                   0x0800b4af   Thumb Code     0  fpinit.o(x$fpl$fpinit)
    __fplib_config_pureend_doubles           0x0800b4af   Thumb Code     0  fpinit.o(x$fpl$fpinit)
    __fpl_fretinf                            0x0800b4b1   Thumb Code    10  fretinf.o(x$fpl$fretinf)
    __I$use$fp                               0x0800b4ba   Number         0  usenofp.o(x$fpl$usenofp)
    AHBPrescTable                            0x0800b660   Data          16  system_stm32f4xx.o(.constdata)
    APBPrescTable                            0x0800b670   Data           8  system_stm32f4xx.o(.constdata)
    CRC8_TAB                                 0x0800b7ae   Data         256  crc.o(.constdata)
    wCRC_Table                               0x0800b8ae   Data         512  crc.o(.constdata)
    Region$$Table$$Base                      0x0800bb58   Number         0  anon$$obj.o(Region$$Table)
    Region$$Table$$Limit                     0x0800bb78   Number         0  anon$$obj.o(Region$$Table)
    Can1SendTaskHandle                       0x20000000   Data           4  freertos.o(.data)
    Can2SendTaskHandle                       0x20000004   Data           4  freertos.o(.data)
    upliftTaskHandle                         0x20000008   Data           4  freertos.o(.data)
    crossTaskHandle                          0x2000000c   Data           4  freertos.o(.data)
    cradleTaskHandle                         0x20000010   Data           4  freertos.o(.data)
    stretchTaskHandle                        0x20000014   Data           4  freertos.o(.data)
    rotateTaskHandle                         0x20000018   Data           4  freertos.o(.data)
    chassisTaskHandle                        0x2000001c   Data           4  freertos.o(.data)
    conveyTaskHandle                         0x20000020   Data           4  freertos.o(.data)
    spinTaskHandle                           0x20000024   Data           4  freertos.o(.data)
    relayTaskHandle                          0x20000028   Data           4  freertos.o(.data)
    modeswitchTaskHandle                     0x2000002c   Data           4  freertos.o(.data)
    judgeSendTaskHandle                      0x20000030   Data           4  freertos.o(.data)
    can1msqHandle                            0x20000034   Data           4  freertos.o(.data)
    can2msqHandle                            0x20000038   Data           4  freertos.o(.data)
    defaultTaskHandle                        0x2000003c   Data           4  freertos.o(.data)
    uwTickFreq                               0x20000044   Data           1  stm32f4xx_hal.o(.data)
    uwTickPrio                               0x20000048   Data           4  stm32f4xx_hal.o(.data)
    uwTick                                   0x2000004c   Data           4  stm32f4xx_hal.o(.data)
    SystemCoreClock                          0x20000050   Data           4  system_stm32f4xx.o(.data)
    pxCurrentTCB                             0x20000054   Data           4  tasks.o(.data)
    Game_Result                              0x200000d8   Data           1  bsp_judge.o(.data)
    Dart_Remaining_Time                      0x200000d9   Data           1  bsp_judge.o(.data)
    Buff                                     0x200000da   Data           1  bsp_judge.o(.data)
    Aerial_Robot_Energy                      0x200000db   Data           1  bsp_judge.o(.data)
    Robot_Hurt                               0x200000dc   Data           1  bsp_judge.o(.data)
    Referee_Warning                          0x200000dd   Data           2  bsp_judge.o(.data)
    Dart_Status                              0x200000df   Data           3  bsp_judge.o(.data)
    Event_Data                               0x200000e2   Data           4  bsp_judge.o(.data)
    Supply_Projectile_Action                 0x200000e6   Data           4  bsp_judge.o(.data)
    RFID_Status                              0x200000ea   Data           4  bsp_judge.o(.data)
    FrameHeader                              0x200000ee   Data           5  bsp_judge.o(.data)
    Bullet_Remaining                         0x200000f3   Data           6  bsp_judge.o(.data)
    Dart_Client                              0x200000f9   Data           6  bsp_judge.o(.data)
    Shoot_Data                               0x200000ff   Data           7  bsp_judge.o(.data)
    ui_seq                                   0x20000106   Data           1  bsp_judgesend.o(.data)
    self_inf                                 0x20000107   Data           7  bsp_judgesend.o(.data)
    angle                                    0x20000110   Data           4  bsp_pwm.o(.data)
    exchange_status                          0x20000114   Data           1  keyboard_handle.o(.data)
    oneclick_status                          0x20000115   Data           1  keyboard_handle.o(.data)
    gold_status                              0x20000116   Data           1  keyboard_handle.o(.data)
    block_pick                               0x20000117   Data           1  keyboard_handle.o(.data)
    move_status                              0x20000118   Data           1  keyboard_handle.o(.data)
    move_rotate                              0x20000119   Data           1  keyboard_handle.o(.data)
    block_state                              0x2000011a   Data           3  keyboard_handle.o(.data)
    switch_move_true                         0x20000120   Data           4  keyboard_handle.o(.data)
    wait_pump_time                           0x20000124   Data           4  keyboard_handle.o(.data)
    wait_throw_time                          0x20000128   Data           4  keyboard_handle.o(.data)
    gold_store_wait                          0x2000012c   Data           4  keyboard_handle.o(.data)
    gold_throw_wait                          0x20000130   Data           4  keyboard_handle.o(.data)
    ground_status                            0x20000134   Data           4  keyboard_handle.o(.data)
    init_time                                0x20000138   Data           4  keyboard_handle.o(.data)
    pick_throw_wait                          0x2000013c   Data           4  keyboard_handle.o(.data)
    add                                      0x20000140   Data           4  keyboard_handle.o(.data)
    exchange_time1                           0x20000144   Data           4  keyboard_handle.o(.data)
    exchange_time2                           0x20000148   Data           4  keyboard_handle.o(.data)
    flag_unlock                              0x2000014c   Data           1  modeswitch_task.o(.data)
    init_flag                                0x2000014d   Data           1  modeswitch_task.o(.data)
    global_ctrl_mode                         0x2000014e   Data           1  modeswitch_task.o(.data)
    last_global_ctrl_mode                    0x2000014f   Data           1  modeswitch_task.o(.data)
    func_mode                                0x20000150   Data           1  modeswitch_task.o(.data)
    get_remote                               0x20000151   Data           1  modeswitch_task.o(.data)
    last_func_mode                           0x20000152   Data           1  modeswitch_task.o(.data)
    remote_flag                              0x20000154   Data           4  modeswitch_task.o(.data)
    last_rc2                                 0x20000158   Data           4  modeswitch_task.o(.data)
    remote_init                              0x2000015c   Data           4  modeswitch_task.o(.data)
    entire_init_flag                         0x20000160   Data           1  stretch_task.o(.data)
    stretch_frame_period                     0x20000162   Data           2  stretch_task.o(.data)
    rotate_frame_period                      0x2000016c   Data           4  rotate_task.o(.data)
    addstretch_frame_period                  0x20000172   Data           2  addstretch_task.o(.data)
    lenth                                    0x20000176   Data           2  relay_task.o(.data)
    handle_lt_times1                         0x20000178   Data           1  uplift_task.o(.data)
    chassis_speed                            0x2000017a   Data           2  chassis_task.o(.data)
    mouse_speed                              0x2000017c   Data           2  chassis_task.o(.data)
    cross_frame_period                       0x20000186   Data           2  cross_task.o(.data)
    engineer_mod_uid                         0x2000018a   Data           3  judge_send_task.o(.data)
    engineer_mod_ui                          0x2000018d   Data           3  judge_send_task.o(.data)
    engineer_help_uid                        0x20000190   Data           3  judge_send_task.o(.data)
    figure_line0                             0x20000193   Data           3  judge_send_task.o(.data)
    figure_line1                             0x20000196   Data           3  judge_send_task.o(.data)
    figure_line2                             0x20000199   Data           3  judge_send_task.o(.data)
    figure_line3                             0x2000019c   Data           3  judge_send_task.o(.data)
    figure_line4                             0x2000019f   Data           3  judge_send_task.o(.data)
    ui_fun                                   0x200001ac   Data          30  judge_send_task.o(.data)
    ui_fun_detail                            0x200001ca   Data          30  judge_send_task.o(.data)
    CRC_INIT                                 0x200001f4   Data           2  crc.o(.data)
    hadc1                                    0x200008a0   Data          72  adc.o(.bss)
    hcan1                                    0x200008e8   Data          40  can.o(.bss)
    hcan2                                    0x20000910   Data          40  can.o(.bss)
    htim1                                    0x20000938   Data          72  tim.o(.bss)
    htim3                                    0x20000980   Data          72  tim.o(.bss)
    htim12                                   0x200009c8   Data          72  tim.o(.bss)
    huart5                                   0x20000a10   Data          68  usart.o(.bss)
    huart1                                   0x20000a54   Data          68  usart.o(.bss)
    huart2                                   0x20000a98   Data          68  usart.o(.bss)
    huart3                                   0x20000adc   Data          68  usart.o(.bss)
    huart6                                   0x20000b20   Data          68  usart.o(.bss)
    hdma_uart5_rx                            0x20000b64   Data          96  usart.o(.bss)
    hdma_uart5_tx                            0x20000bc4   Data          96  usart.o(.bss)
    hdma_usart1_rx                           0x20000c24   Data          96  usart.o(.bss)
    hdma_usart2_rx                           0x20000c84   Data          96  usart.o(.bss)
    hdma_usart2_tx                           0x20000ce4   Data          96  usart.o(.bss)
    hdma_usart3_rx                           0x20000d44   Data          96  usart.o(.bss)
    hdma_usart3_tx                           0x20000da4   Data          96  usart.o(.bss)
    htim10                                   0x20000e04   Data          72  stm32f4xx_hal_timebase_tim.o(.bss)
    xQueueRegistry                           0x20000e4c   Data          64  queue.o(.bss)
    moto_uplift                              0x20004c64   Data          48  bsp_can.o(.bss)
    moto_stretch                             0x20004c94   Data          48  bsp_can.o(.bss)
    moto_addstretch                          0x20004cc4   Data          48  bsp_can.o(.bss)
    moto_rotate                              0x20004cf4   Data          48  bsp_can.o(.bss)
    moto_cross                               0x20004d24   Data          24  bsp_can.o(.bss)
    moto_spin                                0x20004d3c   Data          24  bsp_can.o(.bss)
    moto_convey                              0x20004d54   Data          24  bsp_can.o(.bss)
    moto_yaw                                 0x20004d6c   Data          24  bsp_can.o(.bss)
    Can_RxData                               0x20004d84   Data          36  bsp_can.o(.bss)
    Can1_Queue                               0x20004da8   Data          16  bsp_can.o(.bss)
    Can2_Queue                               0x20004db8   Data          16  bsp_can.o(.bss)
    dma_dbus_buf                             0x20004dc8   Data          50  bsp_usart.o(.bss)
    dma_judge_buf                            0x20004dfa   Data         200  bsp_usart.o(.bss)
    dma_tof_buf                              0x20004ec2   Data          80  bsp_usart.o(.bss)
    dma_diy_buf                              0x20004f12   Data          39  bsp_usart.o(.bss)
    Game_State                               0x20004f39   Data          11  bsp_judge.o(.bss)
    RobotHP                                  0x20004f44   Data          32  bsp_judge.o(.bss)
    Game_Robot_Status                        0x20004f64   Data          27  bsp_judge.o(.bss)
    Power_Heat_Data                          0x20004f7f   Data          16  bsp_judge.o(.bss)
    Robot_Position                           0x20004f8f   Data          16  bsp_judge.o(.bss)
    Comm_getdata                             0x20004f9f   Data          26  bsp_judge.o(.bss)
    ringBuff                                 0x20004fba   Data         506  bsp_circle.o(.bss)
    stretch                                  0x200051b4   Data          64  stretch_task.o(.bss)
    rotate                                   0x200051f4   Data          72  rotate_task.o(.bss)
    addstretch                               0x2000523c   Data          40  addstretch_task.o(.bss)
    main_sendbuffer                          0x20005264   Data          29  relay_task.o(.bss)
    main_send                                0x20005284   Data          24  relay_task.o(.bss)
    uplift                                   0x2000529c   Data          76  uplift_task.o(.bss)
    chassis                                  0x200052e8   Data          16  chassis_task.o(.bss)
    cradle                                   0x200052f8   Data          24  cradle_task.o(.bss)
    convey                                   0x20005310   Data          24  convey_task.o(.bss)
    cross                                    0x20005328   Data          48  cross_task.o(.bss)
    figure_line                              0x20005358   Data          75  judge_send_task.o(.bss)
    spin                                     0x200053a4   Data          48  spin_task.o(.bss)
    diy_t265                                 0x200053d4   Data          32  diy_remote.o(.bss)
    diy_remote                               0x200053f4   Data          28  diy_remote.o(.bss)
    rc                                       0x20005410   Data          22  remote_msg.o(.bss)
    chassis_ws_ramp                          0x20005428   Data          20  math_calcu.o(.bss)
    chassis_ad_ramp                          0x2000543c   Data          20  math_calcu.o(.bss)
    pid_uplift_height                        0x20005450   Data         224  pid.o(.bss)
    pid_uplift_spd                           0x20005530   Data         224  pid.o(.bss)
    pid_cross_pos                            0x20005610   Data         112  pid.o(.bss)
    pid_cross_spd                            0x20005680   Data         112  pid.o(.bss)
    pid_crosspos_block                       0x200056f0   Data         112  pid.o(.bss)
    pid_crossspd_block                       0x20005760   Data         112  pid.o(.bss)
    pid_stretch_pos                          0x200057d0   Data         224  pid.o(.bss)
    pid_stretch_spd                          0x200058b0   Data         224  pid.o(.bss)
    pid_stretch_init_spd                     0x20005990   Data         224  pid.o(.bss)
    pid_addstretch_pos                       0x20005a70   Data         224  pid.o(.bss)
    pid_addstretch_spd                       0x20005b50   Data         224  pid.o(.bss)
    pid_addstretch_init_spd                  0x20005c30   Data         224  pid.o(.bss)
    pid_rotate_init_spd                      0x20005d10   Data         224  pid.o(.bss)
    pid_rotate_pos                           0x20005df0   Data         224  pid.o(.bss)
    pid_rotate_spd                           0x20005ed0   Data         224  pid.o(.bss)
    pid_rotate_block_pos                     0x20005fb0   Data         224  pid.o(.bss)
    pid_rotate_block_spd                     0x20006090   Data         224  pid.o(.bss)
    pid_convey_stay_pos                      0x20006170   Data         112  pid.o(.bss)
    pid_convey_stay_spd                      0x200061e0   Data         112  pid.o(.bss)
    pid_convey_store_spd                     0x20006250   Data         112  pid.o(.bss)
    pid_spin_pos                             0x200062c0   Data         112  pid.o(.bss)
    pid_spin_spd                             0x20006330   Data         112  pid.o(.bss)
    pid_yaw_init_spd                         0x200063a0   Data         112  pid.o(.bss)
    pid_yaw_spd                              0x20006410   Data         112  pid.o(.bss)
    pid_yaw_pos                              0x20006480   Data         112  pid.o(.bss)
    __libspace_start                         0x200064f0   Data          96  libspace.o(.bss)
    __temporary_stack_top$libspace           0x20006550   Data           0  libspace.o(.bss)



==============================================================================

Memory Map of the image

  Image Entry point : 0x08000189

  Load Region LR_IROM1 (Base: 0x08000000, Size: 0x0000bd70, Max: 0x00080000, ABSOLUTE, COMPRESSED[0x0000bbc0])

    Execution Region ER_IROM1 (Exec base: 0x08000000, Load base: 0x08000000, Size: 0x0000bb78, Max: 0x00080000, ABSOLUTE)

    Exec Addr    Load Addr    Size         Type   Attr      Idx    E Section Name        Object

    0x08000000   0x08000000   0x00000188   Data   RO            3    RESET               startup_stm32f407xx.o
    0x08000188   0x08000188   0x00000008   Code   RO         7003  * !!!main             c_w.l(__main.o)
    0x08000190   0x08000190   0x00000034   Code   RO         7249    !!!scatter          c_w.l(__scatter.o)
    0x080001c4   0x080001c4   0x0000003a   Code   RO         7247    !!dczerorl          c_w.l(__dczerorl.o)
    0x080001fe   0x080001fe   0x00000002   PAD
    0x08000200   0x08000200   0x0000001c   Code   RO         7251    !!handler_zi        c_w.l(__scatter_zi.o)
    0x0800021c   0x0800021c   0x00000002   Code   RO         7186    .ARM.Collect$$libinit$$00000000  c_w.l(libinit.o)
    0x0800021e   0x0800021e   0x00000004   Code   RO         7059    .ARM.Collect$$libinit$$00000001  c_w.l(libinit2.o)
    0x08000222   0x08000222   0x00000000   Code   RO         7062    .ARM.Collect$$libinit$$00000004  c_w.l(libinit2.o)
    0x08000222   0x08000222   0x00000008   Code   RO         7063    .ARM.Collect$$libinit$$00000005  c_w.l(libinit2.o)
    0x0800022a   0x0800022a   0x00000000   Code   RO         7065    .ARM.Collect$$libinit$$0000000A  c_w.l(libinit2.o)
    0x0800022a   0x0800022a   0x00000000   Code   RO         7067    .ARM.Collect$$libinit$$0000000C  c_w.l(libinit2.o)
    0x0800022a   0x0800022a   0x00000000   Code   RO         7069    .ARM.Collect$$libinit$$0000000E  c_w.l(libinit2.o)
    0x0800022a   0x0800022a   0x00000000   Code   RO         7072    .ARM.Collect$$libinit$$00000011  c_w.l(libinit2.o)
    0x0800022a   0x0800022a   0x00000000   Code   RO         7074    .ARM.Collect$$libinit$$00000013  c_w.l(libinit2.o)
    0x0800022a   0x0800022a   0x00000000   Code   RO         7076    .ARM.Collect$$libinit$$00000015  c_w.l(libinit2.o)
    0x0800022a   0x0800022a   0x00000000   Code   RO         7078    .ARM.Collect$$libinit$$00000017  c_w.l(libinit2.o)
    0x0800022a   0x0800022a   0x00000000   Code   RO         7080    .ARM.Collect$$libinit$$00000019  c_w.l(libinit2.o)
    0x0800022a   0x0800022a   0x00000000   Code   RO         7082    .ARM.Collect$$libinit$$0000001B  c_w.l(libinit2.o)
    0x0800022a   0x0800022a   0x00000000   Code   RO         7084    .ARM.Collect$$libinit$$0000001D  c_w.l(libinit2.o)
    0x0800022a   0x0800022a   0x00000000   Code   RO         7086    .ARM.Collect$$libinit$$0000001F  c_w.l(libinit2.o)
    0x0800022a   0x0800022a   0x00000000   Code   RO         7088    .ARM.Collect$$libinit$$00000021  c_w.l(libinit2.o)
    0x0800022a   0x0800022a   0x00000000   Code   RO         7090    .ARM.Collect$$libinit$$00000023  c_w.l(libinit2.o)
    0x0800022a   0x0800022a   0x00000000   Code   RO         7092    .ARM.Collect$$libinit$$00000025  c_w.l(libinit2.o)
    0x0800022a   0x0800022a   0x00000000   Code   RO         7096    .ARM.Collect$$libinit$$0000002C  c_w.l(libinit2.o)
    0x0800022a   0x0800022a   0x00000000   Code   RO         7098    .ARM.Collect$$libinit$$0000002E  c_w.l(libinit2.o)
    0x0800022a   0x0800022a   0x00000000   Code   RO         7100    .ARM.Collect$$libinit$$00000030  c_w.l(libinit2.o)
    0x0800022a   0x0800022a   0x00000000   Code   RO         7102    .ARM.Collect$$libinit$$00000032  c_w.l(libinit2.o)
    0x0800022a   0x0800022a   0x00000002   Code   RO         7103    .ARM.Collect$$libinit$$00000033  c_w.l(libinit2.o)
    0x0800022c   0x0800022c   0x00000002   Code   RO         7244    .ARM.Collect$$libshutdown$$00000000  c_w.l(libshutdown.o)
    0x0800022e   0x0800022e   0x00000000   Code   RO         7202    .ARM.Collect$$libshutdown$$00000002  c_w.l(libshutdown2.o)
    0x0800022e   0x0800022e   0x00000000   Code   RO         7204    .ARM.Collect$$libshutdown$$00000004  c_w.l(libshutdown2.o)
    0x0800022e   0x0800022e   0x00000000   Code   RO         7207    .ARM.Collect$$libshutdown$$00000007  c_w.l(libshutdown2.o)
    0x0800022e   0x0800022e   0x00000000   Code   RO         7210    .ARM.Collect$$libshutdown$$0000000A  c_w.l(libshutdown2.o)
    0x0800022e   0x0800022e   0x00000000   Code   RO         7212    .ARM.Collect$$libshutdown$$0000000C  c_w.l(libshutdown2.o)
    0x0800022e   0x0800022e   0x00000000   Code   RO         7215    .ARM.Collect$$libshutdown$$0000000F  c_w.l(libshutdown2.o)
    0x0800022e   0x0800022e   0x00000002   Code   RO         7216    .ARM.Collect$$libshutdown$$00000010  c_w.l(libshutdown2.o)
    0x08000230   0x08000230   0x00000000   Code   RO         7027    .ARM.Collect$$rtentry$$00000000  c_w.l(__rtentry.o)
    0x08000230   0x08000230   0x00000000   Code   RO         7121    .ARM.Collect$$rtentry$$00000002  c_w.l(__rtentry2.o)
    0x08000230   0x08000230   0x00000006   Code   RO         7133    .ARM.Collect$$rtentry$$00000004  c_w.l(__rtentry4.o)
    0x08000236   0x08000236   0x00000000   Code   RO         7123    .ARM.Collect$$rtentry$$00000009  c_w.l(__rtentry2.o)
    0x08000236   0x08000236   0x00000004   Code   RO         7124    .ARM.Collect$$rtentry$$0000000A  c_w.l(__rtentry2.o)
    0x0800023a   0x0800023a   0x00000000   Code   RO         7126    .ARM.Collect$$rtentry$$0000000C  c_w.l(__rtentry2.o)
    0x0800023a   0x0800023a   0x00000008   Code   RO         7127    .ARM.Collect$$rtentry$$0000000D  c_w.l(__rtentry2.o)
    0x08000242   0x08000242   0x00000002   Code   RO         7189    .ARM.Collect$$rtexit$$00000000  c_w.l(rtexit.o)
    0x08000244   0x08000244   0x00000000   Code   RO         7220    .ARM.Collect$$rtexit$$00000002  c_w.l(rtexit2.o)
    0x08000244   0x08000244   0x00000004   Code   RO         7221    .ARM.Collect$$rtexit$$00000003  c_w.l(rtexit2.o)
    0x08000248   0x08000248   0x00000006   Code   RO         7222    .ARM.Collect$$rtexit$$00000004  c_w.l(rtexit2.o)
    0x0800024e   0x0800024e   0x00000002   PAD
    0x08000250   0x08000250   0x000000be   Code   RO         5261    .emb_text           port.o
    0x0800030e   0x0800030e   0x00000002   PAD
    0x08000310   0x08000310   0x00000000   Code   RO         7139    .emb_text           c_w.l(maybetermalloc1.o)
    0x08000310   0x08000310   0x00000004   Code   RO         6061    .rev16_text         stretch_task.o
    0x08000314   0x08000314   0x00000004   Code   RO         6113    .rev16_text         rotate_task.o
    0x08000318   0x08000318   0x00000004   Code   RO         6199    .rev16_text         addstretch_task.o
    0x0800031c   0x0800031c   0x00000004   Code   RO         6274    .rev16_text         uplift_task.o
    0x08000320   0x08000320   0x00000004   Code   RO         6362    .rev16_text         cradle_task.o
    0x08000324   0x08000324   0x00000004   Code   RO         6411    .rev16_text         convey_task.o
    0x08000328   0x08000328   0x00000004   Code   RO         6462    .rev16_text         cross_task.o
    0x0800032c   0x0800032c   0x00000004   Code   RO         6581    .rev16_text         spin_task.o
    0x08000330   0x08000330   0x00000040   Code   RO            4    .text               startup_stm32f407xx.o
    0x08000370   0x08000370   0x0000005e   Code   RO         6931    .text               c_w.l(h1_alloc.o)
    0x080003ce   0x080003ce   0x0000004e   Code   RO         6933    .text               c_w.l(h1_free.o)
    0x0800041c   0x0800041c   0x000000ee   Code   RO         6989    .text               c_w.l(lludivv7m.o)
    0x0800050a   0x0800050a   0x0000008a   Code   RO         6991    .text               c_w.l(rt_memcpy_v6.o)
    0x08000594   0x08000594   0x00000064   Code   RO         6993    .text               c_w.l(rt_memcpy_w.o)
    0x080005f8   0x080005f8   0x00000044   Code   RO         6997    .text               c_w.l(rt_memclr.o)
    0x0800063c   0x0800063c   0x0000004e   Code   RO         6999    .text               c_w.l(rt_memclr_w.o)
    0x0800068a   0x0800068a   0x00000006   Code   RO         7001    .text               c_w.l(heapauxi.o)
    0x08000690   0x08000690   0x00000008   Code   RO         7035    .text               c_w.l(rt_heap_descriptor_intlibspace.o)
    0x08000698   0x08000698   0x00000004   Code   RO         7037    .text               c_w.l(hguard.o)
    0x0800069c   0x0800069c   0x0000008a   Code   RO         7039    .text               c_w.l(init_alloc.o)
    0x08000726   0x08000726   0x0000000e   Code   RO         7043    .text               c_w.l(h1_init.o)
    0x08000734   0x08000734   0x00000008   Code   RO         7117    .text               c_w.l(libspace.o)
    0x0800073c   0x0800073c   0x00000034   Code   RO         7141    .text               c_w.l(h1_extend.o)
    0x08000770   0x08000770   0x0000000e   Code   RO         7145    .text               c_w.l(defsig_rtmem_outer.o)
    0x0800077e   0x0800077e   0x00000002   Code   RO         7158    .text               c_w.l(use_no_semi.o)
    0x08000780   0x08000780   0x00000000   Code   RO         7160    .text               c_w.l(indicate_semi.o)
    0x08000780   0x08000780   0x0000004a   Code   RO         7161    .text               c_w.l(sys_stackheap_outer.o)
    0x080007ca   0x080007ca   0x00000012   Code   RO         7167    .text               c_w.l(exit.o)
    0x080007dc   0x080007dc   0x0000000a   Code   RO         7169    .text               c_w.l(defsig_exit.o)
    0x080007e6   0x080007e6   0x00000002   PAD
    0x080007e8   0x080007e8   0x00000050   Code   RO         7175    .text               c_w.l(defsig_rtmem_inner.o)
    0x08000838   0x08000838   0x0000000c   Code   RO         7187    .text               c_w.l(sys_exit.o)
    0x08000844   0x08000844   0x00000032   Code   RO         7197    .text               c_w.l(defsig_general.o)
    0x08000876   0x08000876   0x0000000e   Code   RO         7217    .text               c_w.l(sys_wrch.o)
    0x08000884   0x08000884   0x00000128   Code   RO          881    i.ADC_Init          stm32f4xx_hal_adc.o
    0x080009ac   0x080009ac   0x00000028   Code   RO         6876    i.Append_CRC16_Check_Sum  crc.o
    0x080009d4   0x080009d4   0x00000020   Code   RO         6877    i.Append_CRC8_Check_Sum  crc.o
    0x080009f4   0x080009f4   0x00000002   Code   RO          631    i.BusFault_Handler  stm32f4xx_it.o
    0x080009f6   0x080009f6   0x00000002   PAD
    0x080009f8   0x080009f8   0x00000080   Code   RO         5341    i.CAN1_CALLBACK_FUNC  bsp_can.o
    0x08000a78   0x08000a78   0x00000010   Code   RO         5342    i.CAN1_FilterEnd_Config  bsp_can.o
    0x08000a88   0x08000a88   0x0000006c   Code   RO         5343    i.CAN1_IDList_Config  bsp_can.o
    0x08000af4   0x08000af4   0x0000000c   Code   RO          632    i.CAN1_RX0_IRQHandler  stm32f4xx_it.o
    0x08000b00   0x08000b00   0x0000000c   Code   RO          633    i.CAN1_RX1_IRQHandler  stm32f4xx_it.o
    0x08000b0c   0x08000b0c   0x0000000c   Code   RO          634    i.CAN1_SCE_IRQHandler  stm32f4xx_it.o
    0x08000b18   0x08000b18   0x0000000c   Code   RO          635    i.CAN1_TX_IRQHandler  stm32f4xx_it.o
    0x08000b24   0x08000b24   0x00000074   Code   RO         5344    i.CAN2_CALLBACK_FUNC  bsp_can.o
    0x08000b98   0x08000b98   0x00000012   Code   RO         5345    i.CAN2_FilterEnd_Config  bsp_can.o
    0x08000baa   0x08000baa   0x00000002   PAD
    0x08000bac   0x08000bac   0x0000006c   Code   RO         5346    i.CAN2_IDList_Config  bsp_can.o
    0x08000c18   0x08000c18   0x0000000c   Code   RO          636    i.CAN2_RX0_IRQHandler  stm32f4xx_it.o
    0x08000c24   0x08000c24   0x0000000c   Code   RO          637    i.CAN2_RX1_IRQHandler  stm32f4xx_it.o
    0x08000c30   0x08000c30   0x0000000c   Code   RO          638    i.CAN2_SCE_IRQHandler  stm32f4xx_it.o
    0x08000c3c   0x08000c3c   0x0000000c   Code   RO          639    i.CAN2_TX_IRQHandler  stm32f4xx_it.o
    0x08000c48   0x08000c48   0x0000003c   Code   RO         5347    i.CAN_Filter_IDList_Config  bsp_can.o
    0x08000c84   0x08000c84   0x00000058   Code   RO         6167    i.Can1_Send_Task    common_task.o
    0x08000cdc   0x08000cdc   0x00000058   Code   RO         6168    i.Can2_Send_Task    common_task.o
    0x08000d34   0x08000d34   0x00000048   Code   RO         5348    i.Can_Init          bsp_can.o
    0x08000d7c   0x08000d7c   0x00000058   Code   RO         5349    i.Canx_Init         bsp_can.o
    0x08000dd4   0x08000dd4   0x00000026   Code   RO         5350    i.Canx_SendCurrent  bsp_can.o
    0x08000dfa   0x08000dfa   0x00000002   PAD
    0x08000dfc   0x08000dfc   0x0000000c   Code   RO          640    i.DMA1_Stream0_IRQHandler  stm32f4xx_it.o
    0x08000e08   0x08000e08   0x0000000c   Code   RO          641    i.DMA1_Stream1_IRQHandler  stm32f4xx_it.o
    0x08000e14   0x08000e14   0x0000000c   Code   RO          642    i.DMA1_Stream3_IRQHandler  stm32f4xx_it.o
    0x08000e20   0x08000e20   0x0000000c   Code   RO          643    i.DMA1_Stream5_IRQHandler  stm32f4xx_it.o
    0x08000e2c   0x08000e2c   0x0000000c   Code   RO          644    i.DMA1_Stream6_IRQHandler  stm32f4xx_it.o
    0x08000e38   0x08000e38   0x0000000c   Code   RO          645    i.DMA1_Stream7_IRQHandler  stm32f4xx_it.o
    0x08000e44   0x08000e44   0x0000000c   Code   RO          646    i.DMA2_Stream2_IRQHandler  stm32f4xx_it.o
    0x08000e50   0x08000e50   0x00000028   Code   RO         1615    i.DMA_CalcBaseAndBitshift  stm32f4xx_hal_dma.o
    0x08000e78   0x08000e78   0x00000054   Code   RO         1616    i.DMA_CheckFifoParam  stm32f4xx_hal_dma.o
    0x08000ecc   0x08000ecc   0x00000028   Code   RO         1617    i.DMA_SetConfig     stm32f4xx_hal_dma.o
    0x08000ef4   0x08000ef4   0x00000002   Code   RO          647    i.DebugMon_Handler  stm32f4xx_it.o
    0x08000ef6   0x08000ef6   0x00000004   Code   RO           13    i.Error_Handler     main.o
    0x08000efa   0x08000efa   0x00000002   PAD
    0x08000efc   0x08000efc   0x0000002c   Code   RO         6878    i.Get_CRC16_Check_Sum  crc.o
    0x08000f28   0x08000f28   0x00000020   Code   RO         6879    i.Get_CRC8_Check_Sum  crc.o
    0x08000f48   0x08000f48   0x00000444   Code   RO         5830    i.Gold_Get_Step     keyboard_handle.o
    0x0800138c   0x0800138c   0x00000434   Code   RO         5831    i.Gold_one_click    keyboard_handle.o
    0x080017c0   0x080017c0   0x0000014c   Code   RO          883    i.HAL_ADC_ConfigChannel  stm32f4xx_hal_adc.o
    0x0800190c   0x0800190c   0x00000054   Code   RO          892    i.HAL_ADC_Init      stm32f4xx_hal_adc.o
    0x08001960   0x08001960   0x00000060   Code   RO          391    i.HAL_ADC_MspInit   adc.o
    0x080019c0   0x080019c0   0x00000024   Code   RO         2289    i.HAL_CAN_ActivateNotification  stm32f4xx_hal_can.o
    0x080019e4   0x080019e4   0x000000c8   Code   RO         2290    i.HAL_CAN_AddTxMessage  stm32f4xx_hal_can.o
    0x08001aac   0x08001aac   0x0000010c   Code   RO         2291    i.HAL_CAN_ConfigFilter  stm32f4xx_hal_can.o
    0x08001bb8   0x08001bb8   0x00000002   Code   RO         2294    i.HAL_CAN_ErrorCallback  stm32f4xx_hal_can.o
    0x08001bba   0x08001bba   0x000000e8   Code   RO         2297    i.HAL_CAN_GetRxMessage  stm32f4xx_hal_can.o
    0x08001ca2   0x08001ca2   0x000001fc   Code   RO         2301    i.HAL_CAN_IRQHandler  stm32f4xx_hal_can.o
    0x08001e9e   0x08001e9e   0x0000011a   Code   RO         2302    i.HAL_CAN_Init      stm32f4xx_hal_can.o
    0x08001fb8   0x08001fb8   0x0000015c   Code   RO          433    i.HAL_CAN_MspInit   can.o
    0x08002114   0x08002114   0x00000002   Code   RO         2309    i.HAL_CAN_RxFifo0FullCallback  stm32f4xx_hal_can.o
    0x08002116   0x08002116   0x00000002   PAD
    0x08002118   0x08002118   0x00000038   Code   RO         5352    i.HAL_CAN_RxFifo0MsgPendingCallback  bsp_can.o
    0x08002150   0x08002150   0x00000002   Code   RO         2311    i.HAL_CAN_RxFifo1FullCallback  stm32f4xx_hal_can.o
    0x08002152   0x08002152   0x00000002   PAD
    0x08002154   0x08002154   0x00000038   Code   RO         5353    i.HAL_CAN_RxFifo1MsgPendingCallback  bsp_can.o
    0x0800218c   0x0800218c   0x00000002   Code   RO         2313    i.HAL_CAN_SleepCallback  stm32f4xx_hal_can.o
    0x0800218e   0x0800218e   0x00000002   PAD
    0x08002190   0x08002190   0x00000058   Code   RO         2314    i.HAL_CAN_Start     stm32f4xx_hal_can.o
    0x080021e8   0x080021e8   0x00000002   Code   RO         2316    i.HAL_CAN_TxMailbox0AbortCallback  stm32f4xx_hal_can.o
    0x080021ea   0x080021ea   0x00000002   Code   RO         2317    i.HAL_CAN_TxMailbox0CompleteCallback  stm32f4xx_hal_can.o
    0x080021ec   0x080021ec   0x00000002   Code   RO         2318    i.HAL_CAN_TxMailbox1AbortCallback  stm32f4xx_hal_can.o
    0x080021ee   0x080021ee   0x00000002   Code   RO         2319    i.HAL_CAN_TxMailbox1CompleteCallback  stm32f4xx_hal_can.o
    0x080021f0   0x080021f0   0x00000002   Code   RO         2320    i.HAL_CAN_TxMailbox2AbortCallback  stm32f4xx_hal_can.o
    0x080021f2   0x080021f2   0x00000002   Code   RO         2321    i.HAL_CAN_TxMailbox2CompleteCallback  stm32f4xx_hal_can.o
    0x080021f4   0x080021f4   0x00000002   Code   RO         2323    i.HAL_CAN_WakeUpFromRxMsgCallback  stm32f4xx_hal_can.o
    0x080021f6   0x080021f6   0x00000092   Code   RO         1618    i.HAL_DMA_Abort     stm32f4xx_hal_dma.o
    0x08002288   0x08002288   0x00000024   Code   RO         1619    i.HAL_DMA_Abort_IT  stm32f4xx_hal_dma.o
    0x080022ac   0x080022ac   0x000001a0   Code   RO         1623    i.HAL_DMA_IRQHandler  stm32f4xx_hal_dma.o
    0x0800244c   0x0800244c   0x000000d4   Code   RO         1624    i.HAL_DMA_Init      stm32f4xx_hal_dma.o
    0x08002520   0x08002520   0x0000006e   Code   RO         1628    i.HAL_DMA_Start_IT  stm32f4xx_hal_dma.o
    0x0800258e   0x0800258e   0x00000002   PAD
    0x08002590   0x08002590   0x000001f0   Code   RO         1511    i.HAL_GPIO_Init     stm32f4xx_hal_gpio.o
    0x08002780   0x08002780   0x0000000a   Code   RO         1515    i.HAL_GPIO_WritePin  stm32f4xx_hal_gpio.o
    0x0800278a   0x0800278a   0x00000002   PAD
    0x0800278c   0x0800278c   0x0000000c   Code   RO         2043    i.HAL_GetTick       stm32f4xx_hal.o
    0x08002798   0x08002798   0x00000010   Code   RO         2049    i.HAL_IncTick       stm32f4xx_hal.o
    0x080027a8   0x080027a8   0x00000034   Code   RO         2050    i.HAL_Init          stm32f4xx_hal.o
    0x080027dc   0x080027dc   0x0000008c   Code   RO          839    i.HAL_InitTick      stm32f4xx_hal_timebase_tim.o
    0x08002868   0x08002868   0x00000038   Code   RO          815    i.HAL_MspInit       stm32f4xx_hal_msp.o
    0x080028a0   0x080028a0   0x0000001a   Code   RO         1900    i.HAL_NVIC_EnableIRQ  stm32f4xx_hal_cortex.o
    0x080028ba   0x080028ba   0x00000002   PAD
    0x080028bc   0x080028bc   0x00000040   Code   RO         1906    i.HAL_NVIC_SetPriority  stm32f4xx_hal_cortex.o
    0x080028fc   0x080028fc   0x00000024   Code   RO         1907    i.HAL_NVIC_SetPriorityGrouping  stm32f4xx_hal_cortex.o
    0x08002920   0x08002920   0x00000134   Code   RO         1157    i.HAL_RCC_ClockConfig  stm32f4xx_hal_rcc.o
    0x08002a54   0x08002a54   0x00000040   Code   RO         1161    i.HAL_RCC_GetClockConfig  stm32f4xx_hal_rcc.o
    0x08002a94   0x08002a94   0x00000020   Code   RO         1164    i.HAL_RCC_GetPCLK1Freq  stm32f4xx_hal_rcc.o
    0x08002ab4   0x08002ab4   0x00000020   Code   RO         1165    i.HAL_RCC_GetPCLK2Freq  stm32f4xx_hal_rcc.o
    0x08002ad4   0x08002ad4   0x0000004c   Code   RO         1166    i.HAL_RCC_GetSysClockFreq  stm32f4xx_hal_rcc.o
    0x08002b20   0x08002b20   0x0000036c   Code   RO         1169    i.HAL_RCC_OscConfig  stm32f4xx_hal_rcc.o
    0x08002e8c   0x08002e8c   0x00000002   Code   RO         3228    i.HAL_TIMEx_BreakCallback  stm32f4xx_hal_tim_ex.o
    0x08002e8e   0x08002e8e   0x00000002   Code   RO         3229    i.HAL_TIMEx_CommutCallback  stm32f4xx_hal_tim_ex.o
    0x08002e90   0x08002e90   0x00000054   Code   RO         3231    i.HAL_TIMEx_ConfigBreakDeadTime  stm32f4xx_hal_tim_ex.o
    0x08002ee4   0x08002ee4   0x00000090   Code   RO         3247    i.HAL_TIMEx_MasterConfigSynchronization  stm32f4xx_hal_tim_ex.o
    0x08002f74   0x08002f74   0x0000005a   Code   RO         2524    i.HAL_TIM_Base_Init  stm32f4xx_hal_tim.o
    0x08002fce   0x08002fce   0x00000002   PAD
    0x08002fd0   0x08002fd0   0x00000074   Code   RO          506    i.HAL_TIM_Base_MspInit  tim.o
    0x08003044   0x08003044   0x00000080   Code   RO         2529    i.HAL_TIM_Base_Start_IT  stm32f4xx_hal_tim.o
    0x080030c4   0x080030c4   0x000000dc   Code   RO         2533    i.HAL_TIM_ConfigClockSource  stm32f4xx_hal_tim.o
    0x080031a0   0x080031a0   0x00000002   Code   RO         2558    i.HAL_TIM_IC_CaptureCallback  stm32f4xx_hal_tim.o
    0x080031a2   0x080031a2   0x00000166   Code   RO         2572    i.HAL_TIM_IRQHandler  stm32f4xx_hal_tim.o
    0x08003308   0x08003308   0x00000084   Code   RO          507    i.HAL_TIM_MspPostInit  tim.o
    0x0800338c   0x0800338c   0x00000002   Code   RO         2575    i.HAL_TIM_OC_DelayElapsedCallback  stm32f4xx_hal_tim.o
    0x0800338e   0x0800338e   0x000000cc   Code   RO         2596    i.HAL_TIM_PWM_ConfigChannel  stm32f4xx_hal_tim.o
    0x0800345a   0x0800345a   0x0000005a   Code   RO         2599    i.HAL_TIM_PWM_Init  stm32f4xx_hal_tim.o
    0x080034b4   0x080034b4   0x00000002   Code   RO         2601    i.HAL_TIM_PWM_MspInit  stm32f4xx_hal_tim.o
    0x080034b6   0x080034b6   0x00000002   Code   RO         2602    i.HAL_TIM_PWM_PulseFinishedCallback  stm32f4xx_hal_tim.o
    0x080034b8   0x080034b8   0x000000c8   Code   RO         2604    i.HAL_TIM_PWM_Start  stm32f4xx_hal_tim.o
    0x08003580   0x08003580   0x00000014   Code   RO           14    i.HAL_TIM_PeriodElapsedCallback  main.o
    0x08003594   0x08003594   0x00000056   Code   RO         2613    i.HAL_TIM_SlaveConfigSynchro  stm32f4xx_hal_tim.o
    0x080035ea   0x080035ea   0x00000002   Code   RO         2615    i.HAL_TIM_TriggerCallback  stm32f4xx_hal_tim.o
    0x080035ec   0x080035ec   0x00000002   Code   RO         3506    i.HAL_UARTEx_RxEventCallback  stm32f4xx_hal_uart.o
    0x080035ee   0x080035ee   0x00000070   Code   RO         3518    i.HAL_UART_DMAStop  stm32f4xx_hal_uart.o
    0x0800365e   0x0800365e   0x00000002   Code   RO         3520    i.HAL_UART_ErrorCallback  stm32f4xx_hal_uart.o
    0x08003660   0x08003660   0x00000268   Code   RO         3523    i.HAL_UART_IRQHandler  stm32f4xx_hal_uart.o
    0x080038c8   0x080038c8   0x00000062   Code   RO         3524    i.HAL_UART_Init     stm32f4xx_hal_uart.o
    0x0800392a   0x0800392a   0x00000002   PAD
    0x0800392c   0x0800392c   0x00000390   Code   RO          566    i.HAL_UART_MspInit  usart.o
    0x08003cbc   0x08003cbc   0x0000002a   Code   RO         3528    i.HAL_UART_Receive_DMA  stm32f4xx_hal_uart.o
    0x08003ce6   0x08003ce6   0x0000002a   Code   RO         3529    i.HAL_UART_Receive_IT  stm32f4xx_hal_uart.o
    0x08003d10   0x08003d10   0x00000002   Code   RO         3530    i.HAL_UART_RxCpltCallback  stm32f4xx_hal_uart.o
    0x08003d12   0x08003d12   0x00000002   Code   RO         3531    i.HAL_UART_RxHalfCpltCallback  stm32f4xx_hal_uart.o
    0x08003d14   0x08003d14   0x0000008c   Code   RO         3533    i.HAL_UART_Transmit_DMA  stm32f4xx_hal_uart.o
    0x08003da0   0x08003da0   0x00000002   Code   RO         3535    i.HAL_UART_TxCpltCallback  stm32f4xx_hal_uart.o
    0x08003da2   0x08003da2   0x00000002   Code   RO         3536    i.HAL_UART_TxHalfCpltCallback  stm32f4xx_hal_uart.o
    0x08003da4   0x08003da4   0x00000002   Code   RO          648    i.HardFault_Handler  stm32f4xx_it.o
    0x08003da6   0x08003da6   0x00000002   PAD
    0x08003da8   0x08003da8   0x000001b0   Code   RO         5518    i.Judge_Read_Data   bsp_judge.o
    0x08003f58   0x08003f58   0x00000064   Code   RO          392    i.MX_ADC1_Init      adc.o
    0x08003fbc   0x08003fbc   0x00000044   Code   RO          434    i.MX_CAN1_Init      can.o
    0x08004000   0x08004000   0x00000044   Code   RO          435    i.MX_CAN2_Init      can.o
    0x08004044   0x08004044   0x0000009c   Code   RO          481    i.MX_DMA_Init       dma.o
    0x080040e0   0x080040e0   0x00000198   Code   RO          271    i.MX_FREERTOS_Init  freertos.o
    0x08004278   0x08004278   0x000000b0   Code   RO          247    i.MX_GPIO_Init      gpio.o
    0x08004328   0x08004328   0x0000004c   Code   RO          508    i.MX_TIM12_Init     tim.o
    0x08004374   0x08004374   0x000000fc   Code   RO          509    i.MX_TIM1_Init      tim.o
    0x08004470   0x08004470   0x0000009c   Code   RO          510    i.MX_TIM3_Init      tim.o
    0x0800450c   0x0800450c   0x00000038   Code   RO          567    i.MX_UART5_Init     usart.o
    0x08004544   0x08004544   0x00000040   Code   RO          568    i.MX_USART1_UART_Init  usart.o
    0x08004584   0x08004584   0x00000038   Code   RO          569    i.MX_USART2_UART_Init  usart.o
    0x080045bc   0x080045bc   0x00000038   Code   RO          570    i.MX_USART3_UART_Init  usart.o
    0x080045f4   0x080045f4   0x00000038   Code   RO          571    i.MX_USART6_UART_Init  usart.o
    0x0800462c   0x0800462c   0x00000002   Code   RO          649    i.MemManage_Handler  stm32f4xx_it.o
    0x0800462e   0x0800462e   0x00000002   Code   RO          650    i.NMI_Handler       stm32f4xx_it.o
    0x08004630   0x08004630   0x00000018   Code   RO         6790    i.PID_struct_init   pid.o
    0x08004648   0x08004648   0x0000000c   Code   RO         5746    i.RingBuff_Init     bsp_circle.o
    0x08004654   0x08004654   0x0000001a   Code   RO         5747    i.RingBuffer_GetRemainSize  bsp_circle.o
    0x0800466e   0x0800466e   0x00000022   Code   RO         5750    i.RingBuffer_IsFull  bsp_circle.o
    0x08004690   0x08004690   0x0000002c   Code   RO         5753    i.RingBuffer_Write  bsp_circle.o
    0x080046bc   0x080046bc   0x00000032   Code   RO         5754    i.RingBuffer_WriteData  bsp_circle.o
    0x080046ee   0x080046ee   0x00000008   Code   RO          272    i.StartDefaultTask  freertos.o
    0x080046f6   0x080046f6   0x00000002   PAD
    0x080046f8   0x080046f8   0x0000024c   Code   RO         5832    i.Switch_Move_Step  keyboard_handle.o
    0x08004944   0x08004944   0x0000002c   Code   RO         5262    i.SysTick_Handler   port.o
    0x08004970   0x08004970   0x00000094   Code   RO           15    i.SystemClock_Config  main.o
    0x08004a04   0x08004a04   0x00000010   Code   RO         3853    i.SystemInit        system_stm32f4xx.o
    0x08004a14   0x08004a14   0x0000001c   Code   RO          651    i.TIM1_UP_TIM10_IRQHandler  stm32f4xx_it.o
    0x08004a30   0x08004a30   0x000000c8   Code   RO         2617    i.TIM_Base_SetConfig  stm32f4xx_hal_tim.o
    0x08004af8   0x08004af8   0x0000001a   Code   RO         2618    i.TIM_CCxChannelCmd  stm32f4xx_hal_tim.o
    0x08004b12   0x08004b12   0x00000014   Code   RO         2628    i.TIM_ETR_SetConfig  stm32f4xx_hal_tim.o
    0x08004b26   0x08004b26   0x00000010   Code   RO         2629    i.TIM_ITRx_SetConfig  stm32f4xx_hal_tim.o
    0x08004b36   0x08004b36   0x00000002   PAD
    0x08004b38   0x08004b38   0x00000060   Code   RO         2630    i.TIM_OC1_SetConfig  stm32f4xx_hal_tim.o
    0x08004b98   0x08004b98   0x0000006c   Code   RO         2631    i.TIM_OC2_SetConfig  stm32f4xx_hal_tim.o
    0x08004c04   0x08004c04   0x00000068   Code   RO         2632    i.TIM_OC3_SetConfig  stm32f4xx_hal_tim.o
    0x08004c6c   0x08004c6c   0x00000050   Code   RO         2633    i.TIM_OC4_SetConfig  stm32f4xx_hal_tim.o
    0x08004cbc   0x08004cbc   0x0000008c   Code   RO         2634    i.TIM_SlaveTimer_SetConfig  stm32f4xx_hal_tim.o
    0x08004d48   0x08004d48   0x00000022   Code   RO         2635    i.TIM_TI1_ConfigInputStage  stm32f4xx_hal_tim.o
    0x08004d6a   0x08004d6a   0x00000024   Code   RO         2637    i.TIM_TI2_ConfigInputStage  stm32f4xx_hal_tim.o
    0x08004d8e   0x08004d8e   0x00000002   PAD
    0x08004d90   0x08004d90   0x00000030   Code   RO         6414    i.Tof_Read_Data     convey_task.o
    0x08004dc0   0x08004dc0   0x0000000c   Code   RO          652    i.UART5_IRQHandler  stm32f4xx_it.o
    0x08004dcc   0x08004dcc   0x00000010   Code   RO         3537    i.UART_DMAAbortOnError  stm32f4xx_hal_uart.o
    0x08004ddc   0x08004ddc   0x0000004a   Code   RO         3538    i.UART_DMAError     stm32f4xx_hal_uart.o
    0x08004e26   0x08004e26   0x00000082   Code   RO         3539    i.UART_DMAReceiveCplt  stm32f4xx_hal_uart.o
    0x08004ea8   0x08004ea8   0x0000001a   Code   RO         3541    i.UART_DMARxHalfCplt  stm32f4xx_hal_uart.o
    0x08004ec2   0x08004ec2   0x00000042   Code   RO         3543    i.UART_DMATransmitCplt  stm32f4xx_hal_uart.o
    0x08004f04   0x08004f04   0x0000000a   Code   RO         3545    i.UART_DMATxHalfCplt  stm32f4xx_hal_uart.o
    0x08004f0e   0x08004f0e   0x0000004e   Code   RO         3547    i.UART_EndRxTransfer  stm32f4xx_hal_uart.o
    0x08004f5c   0x08004f5c   0x0000001c   Code   RO         3548    i.UART_EndTxTransfer  stm32f4xx_hal_uart.o
    0x08004f78   0x08004f78   0x000000c0   Code   RO         3549    i.UART_Receive_IT   stm32f4xx_hal_uart.o
    0x08005038   0x08005038   0x0000010c   Code   RO         3550    i.UART_SetConfig    stm32f4xx_hal_uart.o
    0x08005144   0x08005144   0x00000094   Code   RO         3551    i.UART_Start_Receive_DMA  stm32f4xx_hal_uart.o
    0x080051d8   0x080051d8   0x0000003a   Code   RO         3552    i.UART_Start_Receive_IT  stm32f4xx_hal_uart.o
    0x08005212   0x08005212   0x00000002   PAD
    0x08005214   0x08005214   0x00000018   Code   RO          653    i.USART1_IRQHandler  stm32f4xx_it.o
    0x0800522c   0x0800522c   0x00000018   Code   RO          654    i.USART2_IRQHandler  stm32f4xx_it.o
    0x08005244   0x08005244   0x00000018   Code   RO          655    i.USART3_IRQHandler  stm32f4xx_it.o
    0x0800525c   0x0800525c   0x00000018   Code   RO          656    i.USART6_IRQHandler  stm32f4xx_it.o
    0x08005274   0x08005274   0x000000c0   Code   RO         5461    i.USER_UART_IDLECallback  bsp_usart.o
    0x08005334   0x08005334   0x00000026   Code   RO         5462    i.USER_UART_IRQHandler  bsp_usart.o
    0x0800535a   0x0800535a   0x00000002   Code   RO          657    i.UsageFault_Handler  stm32f4xx_it.o
    0x0800535c   0x0800535c   0x0000003c   Code   RO         6880    i.Verify_CRC16_Check_Sum  crc.o
    0x08005398   0x08005398   0x0000002a   Code   RO         6881    i.Verify_CRC8_Check_Sum  crc.o
    0x080053c2   0x080053c2   0x00000020   Code   RO         1913    i.__NVIC_SetPriority  stm32f4xx_hal_cortex.o
    0x080053e2   0x080053e2   0x00000030   Code   RO         6733    i.abs_limit         math_calcu.o
    0x08005412   0x08005412   0x00000002   PAD
    0x08005414   0x08005414   0x000000d0   Code   RO         6202    i.addstretch_init   addstretch_task.o
    0x080054e4   0x080054e4   0x00000138   Code   RO         6203    i.addstretch_init_step  addstretch_task.o
    0x0800561c   0x0800561c   0x000001d4   Code   RO         6204    i.addstretch_task   addstretch_task.o
    0x080057f0   0x080057f0   0x00000704   Code   RO         5833    i.block_exchange_step  keyboard_handle.o
    0x08005ef4   0x08005ef4   0x00000454   Code   RO         5834    i.block_pick_step   keyboard_handle.o
    0x08006348   0x08006348   0x00000038   Code   RO         5835    i.block_state_auto_refresh  keyboard_handle.o
    0x08006380   0x08006380   0x0000008c   Code   RO         5836    i.block_state_set   keyboard_handle.o
    0x0800640c   0x0800640c   0x00000060   Code   RO         5694    i.camera_init       bsp_pwm.o
    0x0800646c   0x0800646c   0x00000170   Code   RO         6327    i.chassis_ramp      chassis_task.o
    0x080065dc   0x080065dc   0x0000014c   Code   RO         6328    i.chassis_task      chassis_task.o
    0x08006728   0x08006728   0x00000080   Code   RO         6415    i.convey_init       convey_task.o
    0x080067a8   0x080067a8   0x00000048   Code   RO         6416    i.convey_init_step  convey_task.o
    0x080067f0   0x080067f0   0x00000138   Code   RO         6417    i.convey_task       convey_task.o
    0x08006928   0x08006928   0x00000088   Code   RO         6365    i.cradle_init       cradle_task.o
    0x080069b0   0x080069b0   0x000000d4   Code   RO         6366    i.cradle_init_step  cradle_task.o
    0x08006a84   0x08006a84   0x000000a8   Code   RO         5837    i.cradle_mode_switch  keyboard_handle.o
    0x08006b2c   0x08006b2c   0x000000cc   Code   RO         6367    i.cradle_task       cradle_task.o
    0x08006bf8   0x08006bf8   0x0000009c   Code   RO         6465    i.cross_init        cross_task.o
    0x08006c94   0x08006c94   0x00000124   Code   RO         6466    i.cross_init_step   cross_task.o
    0x08006db8   0x08006db8   0x000001c4   Code   RO         6467    i.cross_task        cross_task.o
    0x08006f7c   0x08006f7c   0x00000046   Code   RO         5354    i.encoder_data_handler  bsp_can.o
    0x08006fc2   0x08006fc2   0x00000002   PAD
    0x08006fc4   0x08006fc4   0x000000c0   Code   RO         5838    i.entire_reset_handle  keyboard_handle.o
    0x08007084   0x08007084   0x00000010   Code   RO         5355    i.get_moto_offset   bsp_can.o
    0x08007094   0x08007094   0x0000000c   Code   RO         4837    i.inHandlerMode     cmsis_os.o
    0x080070a0   0x080070a0   0x00000040   Code   RO         5559    i.judge_get_basedata  bsp_judgesend.o
    0x080070e0   0x080070e0   0x0000003c   Code   RO         6509    i.judge_send_task   judge_send_task.o
    0x0800711c   0x0800711c   0x00000054   Code   RO         5839    i.keyboard_chassis_ctrl  keyboard_handle.o
    0x08007170   0x08007170   0x00000060   Code   RO         5841    i.keyboard_handle   keyboard_handle.o
    0x080071d0   0x080071d0   0x000000a8   Code   RO         5842    i.keyboard_mode_switch  keyboard_handle.o
    0x08007278   0x08007278   0x00000056   Code   RO           16    i.main              main.o
    0x080072ce   0x080072ce   0x0000000c   Code   RO         4839    i.makeFreeRtosPriority  cmsis_os.o
    0x080072da   0x080072da   0x00000002   PAD
    0x080072dc   0x080072dc   0x000000f4   Code   RO         5999    i.modeswitch_task   modeswitch_task.o
    0x080073d0   0x080073d0   0x00000030   Code   RO         5843    i.move_rotate_change  keyboard_handle.o
    0x08007400   0x08007400   0x00000040   Code   RO         6696    i.oneclick_verify   remote_msg.o
    0x08007440   0x08007440   0x0000000e   Code   RO         4841    i.osDelay           cmsis_os.o
    0x0800744e   0x0800744e   0x0000000e   Code   RO         4842    i.osDelayUntil      cmsis_os.o
    0x0800745c   0x0800745c   0x0000000a   Code   RO         4844    i.osKernelStart     cmsis_os.o
    0x08007466   0x08007466   0x00000018   Code   RO         4845    i.osKernelSysTick   cmsis_os.o
    0x0800747e   0x0800747e   0x00000026   Code   RO         4853    i.osMessageCreate   cmsis_os.o
    0x080074a4   0x080074a4   0x00000094   Code   RO         4855    i.osMessageGet      cmsis_os.o
    0x08007538   0x08007538   0x0000005c   Code   RO         4857    i.osMessagePut      cmsis_os.o
    0x08007594   0x08007594   0x00000054   Code   RO         4878    i.osThreadCreate    cmsis_os.o
    0x080075e8   0x080075e8   0x00000040   Code   RO         4889    i.osTimerCreate     cmsis_os.o
    0x08007628   0x08007628   0x0000005c   Code   RO         4891    i.osTimerStart      cmsis_os.o
    0x08007684   0x08007684   0x000001f0   Code   RO         6791    i.pid_calc          pid.o
    0x08007874   0x08007874   0x00000026   Code   RO         6000    i.pid_init          modeswitch_task.o
    0x0800789a   0x0800789a   0x0000000e   Code   RO         6792    i.pid_param_init    pid.o
    0x080078a8   0x080078a8   0x00000006   Code   RO         6793    i.pid_reset         pid.o
    0x080078ae   0x080078ae   0x00000002   PAD
    0x080078b0   0x080078b0   0x00000070   Code   RO         4373    i.prvAddCurrentTaskToDelayedList  tasks.o
    0x08007920   0x08007920   0x000000d0   Code   RO         4374    i.prvAddNewTaskToReadyList  tasks.o
    0x080079f0   0x080079f0   0x00000058   Code   RO         4693    i.prvCheckForValidListAndQueue  timers.o
    0x08007a48   0x08007a48   0x00000026   Code   RO         4031    i.prvCopyDataFromQueue  queue.o
    0x08007a6e   0x08007a6e   0x0000006c   Code   RO         4032    i.prvCopyDataToQueue  queue.o
    0x08007ada   0x08007ada   0x00000034   Code   RO         4375    i.prvDeleteTCB      tasks.o
    0x08007b0e   0x08007b0e   0x00000002   PAD
    0x08007b10   0x08007b10   0x0000004c   Code   RO         5206    i.prvHeapInit       heap_4.o
    0x08007b5c   0x08007b5c   0x00000060   Code   RO         4376    i.prvIdleTask       tasks.o
    0x08007bbc   0x08007bbc   0x00000016   Code   RO         4034    i.prvInitialiseNewQueue  queue.o
    0x08007bd2   0x08007bd2   0x00000098   Code   RO         4377    i.prvInitialiseNewTask  tasks.o
    0x08007c6a   0x08007c6a   0x0000004e   Code   RO         4694    i.prvInitialiseNewTimer  timers.o
    0x08007cb8   0x08007cb8   0x0000004c   Code   RO         5207    i.prvInsertBlockIntoFreeList  heap_4.o
    0x08007d04   0x08007d04   0x00000038   Code   RO         4695    i.prvInsertTimerInActiveList  timers.o
    0x08007d3c   0x08007d3c   0x0000001c   Code   RO         4035    i.prvIsQueueEmpty   queue.o
    0x08007d58   0x08007d58   0x000000f0   Code   RO         4696    i.prvProcessReceivedCommands  timers.o
    0x08007e48   0x08007e48   0x000000c0   Code   RO         4697    i.prvProcessTimerOrBlockTask  timers.o
    0x08007f08   0x08007f08   0x00000020   Code   RO         4378    i.prvResetNextTaskUnblockTime  tasks.o
    0x08007f28   0x08007f28   0x00000028   Code   RO         4698    i.prvSampleTimeNow  timers.o
    0x08007f50   0x08007f50   0x0000006c   Code   RO         4699    i.prvSwitchTimerLists  timers.o
    0x08007fbc   0x08007fbc   0x00000028   Code   RO         5263    i.prvTaskExitError  port.o
    0x08007fe4   0x08007fe4   0x00000024   Code   RO         4700    i.prvTimerTask      timers.o
    0x08008008   0x08008008   0x0000006a   Code   RO         4036    i.prvUnlockQueue    queue.o
    0x08008072   0x08008072   0x00000002   PAD
    0x08008074   0x08008074   0x000000dc   Code   RO         5208    i.pvPortMalloc      heap_4.o
    0x08008150   0x08008150   0x0000002c   Code   RO         5264    i.pxPortInitialiseStack  port.o
    0x0800817c   0x0800817c   0x0000003c   Code   RO         6736    i.ramp_calc         math_calcu.o
    0x080081b8   0x080081b8   0x000000b6   Code   RO         6697    i.rc_callback_handler  remote_msg.o
    0x0800826e   0x0800826e   0x00000002   PAD
    0x08008270   0x08008270   0x0000007c   Code   RO         6246    i.relay_task        relay_task.o
    0x080082ec   0x080082ec   0x00000040   Code   RO         5844    i.reset_spin        keyboard_handle.o
    0x0800832c   0x0800832c   0x00000140   Code   RO         6116    i.rotate_init       rotate_task.o
    0x0800846c   0x0800846c   0x0000015c   Code   RO         6117    i.rotate_init_step  rotate_task.o
    0x080085c8   0x080085c8   0x00000214   Code   RO         6118    i.rotate_task       rotate_task.o
    0x080087dc   0x080087dc   0x00000060   Code   RO         6584    i.spin_init         spin_task.o
    0x0800883c   0x0800883c   0x00000050   Code   RO         6585    i.spin_init_step    spin_task.o
    0x0800888c   0x0800888c   0x00000100   Code   RO         6586    i.spin_task         spin_task.o
    0x0800898c   0x0800898c   0x000000d8   Code   RO         6064    i.stretch_init      stretch_task.o
    0x08008a64   0x08008a64   0x00000188   Code   RO         6065    i.stretch_init_step  stretch_task.o
    0x08008bec   0x08008bec   0x000001e8   Code   RO         6066    i.stretch_task      stretch_task.o
    0x08008dd4   0x08008dd4   0x00000070   Code   RO         6001    i.switch_protect_mode  modeswitch_task.o
    0x08008e44   0x08008e44   0x00000254   Code   RO         6002    i.switch_remote_mode  modeswitch_task.o
    0x08009098   0x08009098   0x00000128   Code   RO         6510    i.ui_block_display  judge_send_task.o
    0x080091c0   0x080091c0   0x0000006a   Code   RO         5563    i.ui_data_packed_line  bsp_judgesend.o
    0x0800922a   0x0800922a   0x00000002   PAD
    0x0800922c   0x0800922c   0x0000008c   Code   RO         5567    i.ui_delete         bsp_judgesend.o
    0x080092b8   0x080092b8   0x000001c0   Code   RO         6512    i.ui_init           judge_send_task.o
    0x08009478   0x08009478   0x00000168   Code   RO         6513    i.ui_mode_display   judge_send_task.o
    0x080095e0   0x080095e0   0x00000118   Code   RO         5568    i.ui_sendcode       bsp_judgesend.o
    0x080096f8   0x080096f8   0x0000009c   Code   RO         5569    i.ui_sendgraph      bsp_judgesend.o
    0x08009794   0x08009794   0x000000b4   Code   RO         6514    i.ui_tips_display   judge_send_task.o
    0x08009848   0x08009848   0x00000034   Code   RO         6003    i.unlock_init       modeswitch_task.o
    0x0800987c   0x0800987c   0x0000018c   Code   RO         6277    i.uplift_fall_step  uplift_task.o
    0x08009a08   0x08009a08   0x00000158   Code   RO         6278    i.uplift_task       uplift_task.o
    0x08009b60   0x08009b60   0x000000a4   Code   RO         6279    i.upliftup_init     uplift_task.o
    0x08009c04   0x08009c04   0x00000088   Code   RO         6280    i.upliftup_init_step  uplift_task.o
    0x08009c8c   0x08009c8c   0x0000009c   Code   RO         5463    i.user_uart_init    bsp_usart.o
    0x08009d28   0x08009d28   0x00000026   Code   RO         3991    i.uxListRemove      list.o
    0x08009d4e   0x08009d4e   0x00000002   PAD
    0x08009d50   0x08009d50   0x00000014   Code   RO          273    i.vApplicationGetIdleTaskMemory  freertos.o
    0x08009d64   0x08009d64   0x00000018   Code   RO          274    i.vApplicationGetTimerTaskMemory  freertos.o
    0x08009d7c   0x08009d7c   0x00000016   Code   RO         3992    i.vListInitialise   list.o
    0x08009d92   0x08009d92   0x00000006   Code   RO         3993    i.vListInitialiseItem  list.o
    0x08009d98   0x08009d98   0x00000030   Code   RO         3994    i.vListInsert       list.o
    0x08009dc8   0x08009dc8   0x00000018   Code   RO         3995    i.vListInsertEnd    list.o
    0x08009de0   0x08009de0   0x00000040   Code   RO         5266    i.vPortEnterCritical  port.o
    0x08009e20   0x08009e20   0x00000028   Code   RO         5267    i.vPortExitCritical  port.o
    0x08009e48   0x08009e48   0x00000064   Code   RO         5209    i.vPortFree         heap_4.o
    0x08009eac   0x08009eac   0x00000024   Code   RO         5268    i.vPortSetupTimerInterrupt  port.o
    0x08009ed0   0x08009ed0   0x00000054   Code   RO         5269    i.vPortValidateInterruptPriority  port.o
    0x08009f24   0x08009f24   0x00000028   Code   RO         4040    i.vQueueAddToRegistry  queue.o
    0x08009f4c   0x08009f4c   0x00000044   Code   RO         4043    i.vQueueWaitForMessageRestricted  queue.o
    0x08009f90   0x08009f90   0x0000004c   Code   RO         4387    i.vTaskDelay        tasks.o
    0x08009fdc   0x08009fdc   0x0000008c   Code   RO         4388    i.vTaskDelayUntil   tasks.o
    0x0800a068   0x0800a068   0x00000010   Code   RO         4391    i.vTaskInternalSetTimeOutState  tasks.o
    0x0800a078   0x0800a078   0x0000000c   Code   RO         4392    i.vTaskMissedYield  tasks.o
    0x0800a084   0x0800a084   0x00000030   Code   RO         4394    i.vTaskPlaceOnEventList  tasks.o
    0x0800a0b4   0x0800a0b4   0x00000038   Code   RO         4395    i.vTaskPlaceOnEventListRestricted  tasks.o
    0x0800a0ec   0x0800a0ec   0x00000088   Code   RO         4402    i.vTaskStartScheduler  tasks.o
    0x0800a174   0x0800a174   0x00000010   Code   RO         4404    i.vTaskSuspendAll   tasks.o
    0x0800a184   0x0800a184   0x0000005c   Code   RO         4405    i.vTaskSwitchContext  tasks.o
    0x0800a1e0   0x0800a1e0   0x000000f4   Code   RO         5270    i.xPortStartScheduler  port.o
    0x0800a2d4   0x0800a2d4   0x00000042   Code   RO         4046    i.xQueueGenericCreate  queue.o
    0x0800a316   0x0800a316   0x00000066   Code   RO         4047    i.xQueueGenericCreateStatic  queue.o
    0x0800a37c   0x0800a37c   0x00000088   Code   RO         4048    i.xQueueGenericReset  queue.o
    0x0800a404   0x0800a404   0x00000160   Code   RO         4049    i.xQueueGenericSend  queue.o
    0x0800a564   0x0800a564   0x000000be   Code   RO         4050    i.xQueueGenericSendFromISR  queue.o
    0x0800a622   0x0800a622   0x00000002   PAD
    0x0800a624   0x0800a624   0x00000138   Code   RO         4058    i.xQueueReceive     queue.o
    0x0800a75c   0x0800a75c   0x0000009a   Code   RO         4059    i.xQueueReceiveFromISR  queue.o
    0x0800a7f6   0x0800a7f6   0x00000002   PAD
    0x0800a7f8   0x0800a7f8   0x00000074   Code   RO         4407    i.xTaskCheckForTimeOut  tasks.o
    0x0800a86c   0x0800a86c   0x0000005a   Code   RO         4408    i.xTaskCreate       tasks.o
    0x0800a8c6   0x0800a8c6   0x00000056   Code   RO         4409    i.xTaskCreateStatic  tasks.o
    0x0800a91c   0x0800a91c   0x0000001c   Code   RO         4413    i.xTaskGetSchedulerState  tasks.o
    0x0800a938   0x0800a938   0x0000000c   Code   RO         4414    i.xTaskGetTickCount  tasks.o
    0x0800a944   0x0800a944   0x00000010   Code   RO         4415    i.xTaskGetTickCountFromISR  tasks.o
    0x0800a954   0x0800a954   0x000000cc   Code   RO         4416    i.xTaskIncrementTick  tasks.o
    0x0800aa20   0x0800aa20   0x00000098   Code   RO         4419    i.xTaskPriorityDisinherit  tasks.o
    0x0800aab8   0x0800aab8   0x00000074   Code   RO         4421    i.xTaskRemoveFromEventList  tasks.o
    0x0800ab2c   0x0800ab2c   0x000000c4   Code   RO         4422    i.xTaskResumeAll    tasks.o
    0x0800abf0   0x0800abf0   0x00000034   Code   RO         4705    i.xTimerCreate      timers.o
    0x0800ac24   0x0800ac24   0x0000002e   Code   RO         4706    i.xTimerCreateStatic  timers.o
    0x0800ac52   0x0800ac52   0x00000002   PAD
    0x0800ac54   0x0800ac54   0x00000060   Code   RO         4707    i.xTimerCreateTimerTask  timers.o
    0x0800acb4   0x0800acb4   0x00000060   Code   RO         4708    i.xTimerGenericCommand  timers.o
    0x0800ad14   0x0800ad14   0x00000062   Code   RO         7005    x$fpl$d2f           fz_wm.l(d2f.o)
    0x0800ad76   0x0800ad76   0x00000002   PAD
    0x0800ad78   0x0800ad78   0x00000150   Code   RO         7007    x$fpl$dadd          fz_wm.l(daddsub_clz.o)
    0x0800aec8   0x0800aec8   0x00000018   Code   RO         7154    x$fpl$dcmpinf       fz_wm.l(dcmpi.o)
    0x0800aee0   0x0800aee0   0x0000002e   Code   RO         7014    x$fpl$dflt          fz_wm.l(dflt_clz.o)
    0x0800af0e   0x0800af0e   0x00000002   PAD
    0x0800af10   0x0800af10   0x00000078   Code   RO         7104    x$fpl$dleqf         fz_wm.l(dleqf.o)
    0x0800af88   0x0800af88   0x00000154   Code   RO         7019    x$fpl$dmul          fz_wm.l(dmul.o)
    0x0800b0dc   0x0800b0dc   0x0000009c   Code   RO         7106    x$fpl$dnaninf       fz_wm.l(dnaninf.o)
    0x0800b178   0x0800b178   0x0000000c   Code   RO         7108    x$fpl$dretinf       fz_wm.l(dretinf.o)
    0x0800b184   0x0800b184   0x0000006c   Code   RO         7021    x$fpl$drleqf        fz_wm.l(drleqf.o)
    0x0800b1f0   0x0800b1f0   0x000001d4   Code   RO         7009    x$fpl$dsub          fz_wm.l(daddsub_clz.o)
    0x0800b3c4   0x0800b3c4   0x00000056   Code   RO         7023    x$fpl$f2d           fz_wm.l(f2d.o)
    0x0800b41a   0x0800b41a   0x0000008c   Code   RO         7110    x$fpl$fnaninf       fz_wm.l(fnaninf.o)
    0x0800b4a6   0x0800b4a6   0x0000000a   Code   RO         7156    x$fpl$fpinit        fz_wm.l(fpinit.o)
    0x0800b4b0   0x0800b4b0   0x0000000a   Code   RO         7112    x$fpl$fretinf       fz_wm.l(fretinf.o)
    0x0800b4ba   0x0800b4ba   0x00000000   Code   RO         7114    x$fpl$usenofp       fz_wm.l(usenofp.o)
    0x0800b4ba   0x0800b4ba   0x00000002   PAD
    0x0800b4bc   0x0800b4bc   0x0000019c   Data   RO          276    .constdata          freertos.o
    0x0800b658   0x0800b658   0x00000008   Data   RO         1630    .constdata          stm32f4xx_hal_dma.o
    0x0800b660   0x0800b660   0x00000010   Data   RO         3854    .constdata          system_stm32f4xx.o
    0x0800b670   0x0800b670   0x00000008   Data   RO         3855    .constdata          system_stm32f4xx.o
    0x0800b678   0x0800b678   0x00000038   Data   RO         5359    .constdata          bsp_can.o
    0x0800b6b0   0x0800b6b0   0x000000fe   Data   RO         6517    .constdata          judge_send_task.o
    0x0800b7ae   0x0800b7ae   0x00000300   Data   RO         6883    .constdata          crc.o
    0x0800baae   0x0800baae   0x00000002   PAD
    0x0800bab0   0x0800bab0   0x000000a7   Data   RO          277    .conststring        freertos.o
    0x0800bb57   0x0800bb57   0x00000001   PAD
    0x0800bb58   0x0800bb58   0x00000020   Data   RO         7245    Region$$Table       anon$$obj.o


    Execution Region RW_IRAM1 (Exec base: 0x20000000, Load base: 0x0800bb78, Size: 0x00006b50, Max: 0x00020000, ABSOLUTE, COMPRESSED[0x00000048])

    Exec Addr    Load Addr    Size         Type   Attr      Idx    E Section Name        Object

    0x20000000   COMPRESSED   0x00000040   Data   RW          278    .data               freertos.o
    0x20000040   COMPRESSED   0x00000004   Data   RW          437    .data               can.o
    0x20000044   COMPRESSED   0x0000000c   Data   RW         2057    .data               stm32f4xx_hal.o
    0x20000050   COMPRESSED   0x00000004   Data   RW         3856    .data               system_stm32f4xx.o
    0x20000054   COMPRESSED   0x0000003c   Data   RW         4425    .data               tasks.o
    0x20000090   COMPRESSED   0x00000014   Data   RW         4714    .data               timers.o
    0x200000a4   COMPRESSED   0x00000020   Data   RW         5215    .data               heap_4.o
    0x200000c4   COMPRESSED   0x0000000c   Data   RW         5271    .data               port.o
    0x200000d0   COMPRESSED   0x00000008   Data   RW         5360    .data               bsp_can.o
    0x200000d8   COMPRESSED   0x0000002e   Data   RW         5523    .data               bsp_judge.o
    0x20000106   COMPRESSED   0x00000008   Data   RW         5571    .data               bsp_judgesend.o
    0x2000010e   COMPRESSED   0x00000002   PAD
    0x20000110   COMPRESSED   0x00000004   Data   RW         5699    .data               bsp_pwm.o
    0x20000114   COMPRESSED   0x00000038   Data   RW         5846    .data               keyboard_handle.o
    0x2000014c   COMPRESSED   0x00000014   Data   RW         6004    .data               modeswitch_task.o
    0x20000160   COMPRESSED   0x00000006   Data   RW         6068    .data               stretch_task.o
    0x20000166   COMPRESSED   0x00000002   PAD
    0x20000168   COMPRESSED   0x00000008   Data   RW         6120    .data               rotate_task.o
    0x20000170   COMPRESSED   0x00000002   Data   RW         6169    .data               common_task.o
    0x20000172   COMPRESSED   0x00000004   Data   RW         6206    .data               addstretch_task.o
    0x20000176   COMPRESSED   0x00000002   Data   RW         6248    .data               relay_task.o
    0x20000178   COMPRESSED   0x00000002   Data   RW         6282    .data               uplift_task.o
    0x2000017a   COMPRESSED   0x00000004   Data   RW         6330    .data               chassis_task.o
    0x2000017e   COMPRESSED   0x00000002   Data   RW         6370    .data               cradle_task.o
    0x20000180   COMPRESSED   0x00000004   Data   RW         6420    .data               convey_task.o
    0x20000184   COMPRESSED   0x00000004   Data   RW         6469    .data               cross_task.o
    0x20000188   COMPRESSED   0x00000060   Data   RW         6522    .data               judge_send_task.o
    0x200001e8   COMPRESSED   0x0000000c   Data   RW         6699    .data               remote_msg.o
    0x200001f4   COMPRESSED   0x00000002   Data   RW         6884    .data               crc.o
    0x200001f6   COMPRESSED   0x00000002   PAD
    0x200001f8        -       0x000006a8   Zero   RW          275    .bss                freertos.o
    0x200008a0        -       0x00000048   Zero   RW          393    .bss                adc.o
    0x200008e8        -       0x00000050   Zero   RW          436    .bss                can.o
    0x20000938        -       0x000000d8   Zero   RW          511    .bss                tim.o
    0x20000a10        -       0x000003f4   Zero   RW          572    .bss                usart.o
    0x20000e04        -       0x00000048   Zero   RW          842    .bss                stm32f4xx_hal_timebase_tim.o
    0x20000e4c        -       0x00000040   Zero   RW         4061    .bss                queue.o
    0x20000e8c        -       0x000000f0   Zero   RW         4424    .bss                tasks.o
    0x20000f7c        -       0x000000e8   Zero   RW         4713    .bss                timers.o
    0x20001064        -       0x00003c00   Zero   RW         5214    .bss                heap_4.o
    0x20004c64        -       0x00000144   Zero   RW         5356    .bss                bsp_can.o
    0x20004da8        -       0x00000010   Zero   RW         5357    .bss                bsp_can.o
    0x20004db8        -       0x00000010   Zero   RW         5358    .bss                bsp_can.o
    0x20004dc8        -       0x00000171   Zero   RW         5464    .bss                bsp_usart.o
    0x20004f39        -       0x00000080   Zero   RW         5520    .bss                bsp_judge.o
    0x20004fb9   COMPRESSED   0x00000001   PAD
    0x20004fba        -       0x000001fa   Zero   RW         5755    .bss                bsp_circle.o
    0x200051b4        -       0x00000040   Zero   RW         6067    .bss                stretch_task.o
    0x200051f4        -       0x00000048   Zero   RW         6119    .bss                rotate_task.o
    0x2000523c        -       0x00000028   Zero   RW         6205    .bss                addstretch_task.o
    0x20005264        -       0x00000038   Zero   RW         6247    .bss                relay_task.o
    0x2000529c        -       0x0000004c   Zero   RW         6281    .bss                uplift_task.o
    0x200052e8        -       0x00000010   Zero   RW         6329    .bss                chassis_task.o
    0x200052f8        -       0x00000018   Zero   RW         6368    .bss                cradle_task.o
    0x20005310        -       0x00000018   Zero   RW         6418    .bss                convey_task.o
    0x20005328        -       0x00000030   Zero   RW         6468    .bss                cross_task.o
    0x20005358        -       0x0000004b   Zero   RW         6516    .bss                judge_send_task.o
    0x200053a3   COMPRESSED   0x00000001   PAD
    0x200053a4        -       0x00000030   Zero   RW         6587    .bss                spin_task.o
    0x200053d4        -       0x0000003c   Zero   RW         6631    .bss                diy_remote.o
    0x20005410        -       0x00000016   Zero   RW         6698    .bss                remote_msg.o
    0x20005426   COMPRESSED   0x00000002   PAD
    0x20005428        -       0x00000014   Zero   RW         6737    .bss                math_calcu.o
    0x2000543c        -       0x00000014   Zero   RW         6738    .bss                math_calcu.o
    0x20005450        -       0x000000e0   Zero   RW         6795    .bss                pid.o
    0x20005530        -       0x000000e0   Zero   RW         6796    .bss                pid.o
    0x20005610        -       0x00000070   Zero   RW         6797    .bss                pid.o
    0x20005680        -       0x00000070   Zero   RW         6799    .bss                pid.o
    0x200056f0        -       0x00000070   Zero   RW         6800    .bss                pid.o
    0x20005760        -       0x00000070   Zero   RW         6801    .bss                pid.o
    0x200057d0        -       0x000000e0   Zero   RW         6802    .bss                pid.o
    0x200058b0        -       0x000000e0   Zero   RW         6803    .bss                pid.o
    0x20005990        -       0x000000e0   Zero   RW         6804    .bss                pid.o
    0x20005a70        -       0x000000e0   Zero   RW         6805    .bss                pid.o
    0x20005b50        -       0x000000e0   Zero   RW         6806    .bss                pid.o
    0x20005c30        -       0x000000e0   Zero   RW         6807    .bss                pid.o
    0x20005d10        -       0x000000e0   Zero   RW         6808    .bss                pid.o
    0x20005df0        -       0x000000e0   Zero   RW         6809    .bss                pid.o
    0x20005ed0        -       0x000000e0   Zero   RW         6810    .bss                pid.o
    0x20005fb0        -       0x000000e0   Zero   RW         6811    .bss                pid.o
    0x20006090        -       0x000000e0   Zero   RW         6812    .bss                pid.o
    0x20006170        -       0x00000070   Zero   RW         6815    .bss                pid.o
    0x200061e0        -       0x00000070   Zero   RW         6816    .bss                pid.o
    0x20006250        -       0x00000070   Zero   RW         6817    .bss                pid.o
    0x200062c0        -       0x00000070   Zero   RW         6818    .bss                pid.o
    0x20006330        -       0x00000070   Zero   RW         6819    .bss                pid.o
    0x200063a0        -       0x00000070   Zero   RW         6820    .bss                pid.o
    0x20006410        -       0x00000070   Zero   RW         6821    .bss                pid.o
    0x20006480        -       0x00000070   Zero   RW         6822    .bss                pid.o
    0x200064f0        -       0x00000060   Zero   RW         7118    .bss                c_w.l(libspace.o)
    0x20006550        -       0x00000200   Zero   RW            2    HEAP                startup_stm32f407xx.o
    0x20006750        -       0x00000400   Zero   RW            1    STACK               startup_stm32f407xx.o


==============================================================================

Image component sizes


      Code (inc. data)   RO Data    RW Data    ZI Data      Debug   Object Name

       196         24          0          0         72       1889   adc.o
       992         92          0          4         40       3988   addstretch_task.o
       950         90         56          8        356      12024   bsp_can.o
       166          0          0          0        506       4648   bsp_circle.o
       432          8          0         46        128       7152   bsp_judge.o
       746         38          0          8          0       5166   bsp_judgesend.o
        96         16          0          4          0        896   bsp_pwm.o
       386         68          0          0        369      10128   bsp_usart.o
       484         40          0          4         80       2758   can.o
       700         72          0          4         16       2714   chassis_task.o
       604         18          0          0          0      35341   cmsis_os.o
       176         24          0          2          0       1948   common_task.o
       564         80          0          4         24       4732   convey_task.o
       556         84          0          2         24       3961   cradle_task.o
       250         22        768          2          0       5036   crc.o
       904        122          0          4         48       3855   cross_task.o
         0          0          0          0         60       1117   diy_remote.o
       156          4          0          0          0        954   dma.o
         0          0          0          0          0      20160   event_groups.o
       460         22        579         64       1704      18337   freertos.o
       176         12          0          0          0       1131   gpio.o
       472         24          0         32      15360       5147   heap_4.o
      1344         64        254         96         75       7552   judge_send_task.o
      6676        792          0         56          0      18137   keyboard_handle.o
       138          0          0          0          0       3822   list.o
       258         14          0          0          0     753829   main.o
       108          0          0          0         40       3046   math_calcu.o
      1042        144          0         20          0       5858   modeswitch_task.o
       540         14          0          0       4256       6276   pid.o
       786         82          0         12          0      12409   port.o
      1722         20          0          0         64      20589   queue.o
       124         14          0          2         56       3031   relay_task.o
       246          8          0         12         22       3789   remote_msg.o
      1204        130          0          8         72       4253   rotate_task.o
       436         62          0          0         48       3372   spin_task.o
        64         26        392          0       1536        892   startup_stm32f407xx.o
        80         14          0         12          0       8362   stm32f4xx_hal.o
       712         28          0          0          0       3071   stm32f4xx_hal_adc.o
      1636          6          0          0          0      14587   stm32f4xx_hal_can.o
       158         14          0          0          0      33386   stm32f4xx_hal_cortex.o
      1084         16          8          0          0       7770   stm32f4xx_hal_dma.o
       506         46          0          0          0       2336   stm32f4xx_hal_gpio.o
        56          4          0          0          0        962   stm32f4xx_hal_msp.o
      1388         84          0          0          0       6165   stm32f4xx_hal_rcc.o
      2246        144          0          0          0      19847   stm32f4xx_hal_tim.o
       232         28          0          0          0       3509   stm32f4xx_hal_tim_ex.o
       140         20          0          0         72       1572   stm32f4xx_hal_timebase_tim.o
      2156         44          0          0          0      19205   stm32f4xx_hal_uart.o
       328        130          0          0          0      14223   stm32f4xx_it.o
         0          0          0          0          0        392   stream_buffer.o
      1100        120          0          6         64       4242   stretch_task.o
        16          4         24          4          0       1271   system_stm32f4xx.o
      2260        172          0         60        240      29801   tasks.o
       732         68          0          0        216       4316   tim.o
      1128         80          0         20        232      33863   timers.o
      1044        122          0          2         76       4964   uplift_task.o
      1200        108          0          0       1012       5603   usart.o

    ----------------------------------------------------------------------
     42416       3482       2116        504      26872    1219384   Object Totals
         0          0         32          0          0          0   (incl. Generated)
        60          0          3          6          4          0   (incl. Padding)

    ----------------------------------------------------------------------

      Code (inc. data)   RO Data    RW Data    ZI Data      Debug   Library Member Name

        58          0          0          0          0          0   __dczerorl.o
         8          0          0          0          0         68   __main.o
         0          0          0          0          0          0   __rtentry.o
        12          0          0          0          0          0   __rtentry2.o
         6          0          0          0          0          0   __rtentry4.o
        52          8          0          0          0          0   __scatter.o
        28          0          0          0          0          0   __scatter_zi.o
        10          0          0          0          0         68   defsig_exit.o
        50          0          0          0          0         88   defsig_general.o
        80         58          0          0          0         76   defsig_rtmem_inner.o
        14          0          0          0          0         80   defsig_rtmem_outer.o
        18          0          0          0          0         80   exit.o
        94          0          0          0          0         80   h1_alloc.o
        52          0          0          0          0         68   h1_extend.o
        78          0          0          0          0         80   h1_free.o
        14          0          0          0          0         84   h1_init.o
         6          0          0          0          0        152   heapauxi.o
         4          0          0          0          0        136   hguard.o
         0          0          0          0          0          0   indicate_semi.o
       138          0          0          0          0        168   init_alloc.o
         2          0          0          0          0          0   libinit.o
        14          0          0          0          0          0   libinit2.o
         2          0          0          0          0          0   libshutdown.o
         2          0          0          0          0          0   libshutdown2.o
         8          4          0          0         96         68   libspace.o
       238          0          0          0          0        100   lludivv7m.o
         0          0          0          0          0          0   maybetermalloc1.o
         8          4          0          0          0         68   rt_heap_descriptor_intlibspace.o
        68          0          0          0          0         68   rt_memclr.o
        78          0          0          0          0         80   rt_memclr_w.o
       138          0          0          0          0         68   rt_memcpy_v6.o
       100          0          0          0          0         80   rt_memcpy_w.o
         2          0          0          0          0          0   rtexit.o
        10          0          0          0          0          0   rtexit2.o
        12          4          0          0          0         68   sys_exit.o
        74          0          0          0          0         80   sys_stackheap_outer.o
        14          0          0          0          0         76   sys_wrch.o
         2          0          0          0          0         68   use_no_semi.o
        98          4          0          0          0        140   d2f.o
       804         16          0          0          0        368   daddsub_clz.o
        24          0          0          0          0        116   dcmpi.o
        46          0          0          0          0        116   dflt_clz.o
       120          4          0          0          0        140   dleqf.o
       340         12          0          0          0        152   dmul.o
       156          4          0          0          0        140   dnaninf.o
        12          0          0          0          0        116   dretinf.o
       108          0          0          0          0        128   drleqf.o
        86          4          0          0          0        132   f2d.o
       140          4          0          0          0        132   fnaninf.o
        10          0          0          0          0        116   fpinit.o
        10          0          0          0          0        116   fretinf.o
         0          0          0          0          0          0   usenofp.o

    ----------------------------------------------------------------------
      3460        126          0          0         96       3964   Library Totals
        12          0          0          0          0          0   (incl. Padding)

    ----------------------------------------------------------------------

      Code (inc. data)   RO Data    RW Data    ZI Data      Debug   Library Name

      1494         78          0          0         96       2052   c_w.l
      1954         48          0          0          0       1912   fz_wm.l

    ----------------------------------------------------------------------
      3460        126          0          0         96       3964   Library Totals

    ----------------------------------------------------------------------

==============================================================================


      Code (inc. data)   RO Data    RW Data    ZI Data      Debug   

     45876       3608       2116        504      26968    1188156   Grand Totals
     45876       3608       2116         72      26968    1188156   ELF Image Totals (compressed)
     45876       3608       2116         72          0          0   ROM Totals

==============================================================================

    Total RO  Size (Code + RO Data)                47992 (  46.87kB)
    Total RW  Size (RW Data + ZI Data)             27472 (  26.83kB)
    Total ROM Size (Code + RO Data + RW Data)      48064 (  46.94kB)

==============================================================================

