Component: ARM Compiler 5.06 update 5 (build 528) Tool: armlink [4d35e2]

==============================================================================

Section Cross References

    startup_stm32f407xx.o(STACK) refers (Special) to heapauxi.o(.text) for __use_two_region_memory
    startup_stm32f407xx.o(HEAP) refers (Special) to heapauxi.o(.text) for __use_two_region_memory
    startup_stm32f407xx.o(RESET) refers (Special) to heapauxi.o(.text) for __use_two_region_memory
    startup_stm32f407xx.o(RESET) refers to startup_stm32f407xx.o(STACK) for __initial_sp
    startup_stm32f407xx.o(RESET) refers to startup_stm32f407xx.o(.text) for Reset_Handler
    startup_stm32f407xx.o(RESET) refers to stm32f4xx_it.o(i.NMI_Handler) for NMI_Handler
    startup_stm32f407xx.o(RESET) refers to stm32f4xx_it.o(i.HardFault_Handler) for HardFault_Handler
    startup_stm32f407xx.o(RESET) refers to stm32f4xx_it.o(i.MemManage_Handler) for MemManage_Handler
    startup_stm32f407xx.o(RESET) refers to stm32f4xx_it.o(i.BusFault_Handler) for BusFault_Handler
    startup_stm32f407xx.o(RESET) refers to stm32f4xx_it.o(i.UsageFault_Handler) for UsageFault_Handler
    startup_stm32f407xx.o(RESET) refers to port.o(.emb_text) for SVC_Handler
    startup_stm32f407xx.o(RESET) refers to stm32f4xx_it.o(i.DebugMon_Handler) for DebugMon_Handler
    startup_stm32f407xx.o(RESET) refers to port.o(i.SysTick_Handler) for SysTick_Handler
    startup_stm32f407xx.o(RESET) refers to stm32f4xx_it.o(i.DMA1_Stream0_IRQHandler) for DMA1_Stream0_IRQHandler
    startup_stm32f407xx.o(RESET) refers to stm32f4xx_it.o(i.DMA1_Stream1_IRQHandler) for DMA1_Stream1_IRQHandler
    startup_stm32f407xx.o(RESET) refers to stm32f4xx_it.o(i.DMA1_Stream3_IRQHandler) for DMA1_Stream3_IRQHandler
    startup_stm32f407xx.o(RESET) refers to stm32f4xx_it.o(i.DMA1_Stream5_IRQHandler) for DMA1_Stream5_IRQHandler
    startup_stm32f407xx.o(RESET) refers to stm32f4xx_it.o(i.DMA1_Stream6_IRQHandler) for DMA1_Stream6_IRQHandler
    startup_stm32f407xx.o(RESET) refers to stm32f4xx_it.o(i.CAN1_TX_IRQHandler) for CAN1_TX_IRQHandler
    startup_stm32f407xx.o(RESET) refers to stm32f4xx_it.o(i.CAN1_RX0_IRQHandler) for CAN1_RX0_IRQHandler
    startup_stm32f407xx.o(RESET) refers to stm32f4xx_it.o(i.CAN1_RX1_IRQHandler) for CAN1_RX1_IRQHandler
    startup_stm32f407xx.o(RESET) refers to stm32f4xx_it.o(i.CAN1_SCE_IRQHandler) for CAN1_SCE_IRQHandler
    startup_stm32f407xx.o(RESET) refers to stm32f4xx_it.o(i.TIM1_UP_TIM10_IRQHandler) for TIM1_UP_TIM10_IRQHandler
    startup_stm32f407xx.o(RESET) refers to stm32f4xx_it.o(i.USART1_IRQHandler) for USART1_IRQHandler
    startup_stm32f407xx.o(RESET) refers to stm32f4xx_it.o(i.USART2_IRQHandler) for USART2_IRQHandler
    startup_stm32f407xx.o(RESET) refers to stm32f4xx_it.o(i.USART3_IRQHandler) for USART3_IRQHandler
    startup_stm32f407xx.o(RESET) refers to stm32f4xx_it.o(i.DMA1_Stream7_IRQHandler) for DMA1_Stream7_IRQHandler
    startup_stm32f407xx.o(RESET) refers to stm32f4xx_it.o(i.UART5_IRQHandler) for UART5_IRQHandler
    startup_stm32f407xx.o(RESET) refers to stm32f4xx_it.o(i.DMA2_Stream1_IRQHandler) for DMA2_Stream1_IRQHandler
    startup_stm32f407xx.o(RESET) refers to stm32f4xx_it.o(i.DMA2_Stream2_IRQHandler) for DMA2_Stream2_IRQHandler
    startup_stm32f407xx.o(RESET) refers to stm32f4xx_it.o(i.CAN2_TX_IRQHandler) for CAN2_TX_IRQHandler
    startup_stm32f407xx.o(RESET) refers to stm32f4xx_it.o(i.CAN2_RX0_IRQHandler) for CAN2_RX0_IRQHandler
    startup_stm32f407xx.o(RESET) refers to stm32f4xx_it.o(i.CAN2_RX1_IRQHandler) for CAN2_RX1_IRQHandler
    startup_stm32f407xx.o(RESET) refers to stm32f4xx_it.o(i.CAN2_SCE_IRQHandler) for CAN2_SCE_IRQHandler
    startup_stm32f407xx.o(RESET) refers to stm32f4xx_it.o(i.DMA2_Stream6_IRQHandler) for DMA2_Stream6_IRQHandler
    startup_stm32f407xx.o(RESET) refers to stm32f4xx_it.o(i.USART6_IRQHandler) for USART6_IRQHandler
    startup_stm32f407xx.o(.text) refers (Special) to heapauxi.o(.text) for __use_two_region_memory
    startup_stm32f407xx.o(.text) refers to system_stm32f4xx.o(i.SystemInit) for SystemInit
    startup_stm32f407xx.o(.text) refers to __main.o(!!!main) for __main
    startup_stm32f407xx.o(.text) refers to startup_stm32f407xx.o(HEAP) for Heap_Mem
    startup_stm32f407xx.o(.text) refers to startup_stm32f407xx.o(STACK) for Stack_Mem
    main.o(i.HAL_TIM_PeriodElapsedCallback) refers to stm32f4xx_hal.o(i.HAL_IncTick) for HAL_IncTick
    main.o(i.SystemClock_Config) refers to rt_memclr_w.o(.text) for __aeabi_memclr4
    main.o(i.SystemClock_Config) refers to stm32f4xx_hal_rcc.o(i.HAL_RCC_OscConfig) for HAL_RCC_OscConfig
    main.o(i.SystemClock_Config) refers to stm32f4xx_hal_rcc.o(i.HAL_RCC_ClockConfig) for HAL_RCC_ClockConfig
    main.o(i.main) refers to stm32f4xx_hal.o(i.HAL_Init) for HAL_Init
    main.o(i.main) refers to main.o(i.SystemClock_Config) for SystemClock_Config
    main.o(i.main) refers to gpio.o(i.MX_GPIO_Init) for MX_GPIO_Init
[...]
    ui_tips_display                          0x0800985d   Thumb Code   166  judge_send_task.o(i.ui_tips_display)
    unlock_init                              0x08009911   Thumb Code    42  modeswitch_task.o(i.unlock_init)
    uplift_fall_step                         0x08009945   Thumb Code   350  uplift_task.o(i.uplift_fall_step)
    uplift_task                              0x08009ad1   Thumb Code   306  uplift_task.o(i.uplift_task)
    upliftup_init                            0x08009c29   Thumb Code   144  uplift_task.o(i.upliftup_init)
    upliftup_init_step                       0x08009ccd   Thumb Code   118  uplift_task.o(i.upliftup_init_step)
    user_uart_init                           0x08009d55   Thumb Code   114  bsp_usart.o(i.user_uart_init)
    uxListRemove                             0x08009de1   Thumb Code    38  list.o(i.uxListRemove)
    vApplicationGetIdleTaskMemory            0x08009e09   Thumb Code    16  freertos.o(i.vApplicationGetIdleTaskMemory)
    vApplicationGetTimerTaskMemory           0x08009e1d   Thumb Code    18  freertos.o(i.vApplicationGetTimerTaskMemory)
    vListInitialise                          0x08009e35   Thumb Code    22  list.o(i.vListInitialise)
    vListInitialiseItem                      0x08009e4b   Thumb Code     6  list.o(i.vListInitialiseItem)
    vListInsert                              0x08009e51   Thumb Code    48  list.o(i.vListInsert)
    vListInsertEnd                           0x08009e81   Thumb Code    24  list.o(i.vListInsertEnd)
    vPortEnterCritical                       0x08009e99   Thumb Code    54  port.o(i.vPortEnterCritical)
    vPortExitCritical                        0x08009ed9   Thumb Code    34  port.o(i.vPortExitCritical)
    vPortFree                                0x08009f01   Thumb Code    94  heap_4.o(i.vPortFree)
    vPortSetupTimerInterrupt                 0x08009f65   Thumb Code    32  port.o(i.vPortSetupTimerInterrupt)
    vPortValidateInterruptPriority           0x08009f89   Thumb Code    74  port.o(i.vPortValidateInterruptPriority)
    vQueueAddToRegistry                      0x08009fdd   Thumb Code    34  queue.o(i.vQueueAddToRegistry)
    vQueueWaitForMessageRestricted           0x0800a005   Thumb Code    68  queue.o(i.vQueueWaitForMessageRestricted)
    vTaskDelay                               0x0800a049   Thumb Code    66  tasks.o(i.vTaskDelay)
    vTaskDelayUntil                          0x0800a095   Thumb Code   132  tasks.o(i.vTaskDelayUntil)
    vTaskInternalSetTimeOutState             0x0800a121   Thumb Code    12  tasks.o(i.vTaskInternalSetTimeOutState)
    vTaskMissedYield                         0x0800a131   Thumb Code     8  tasks.o(i.vTaskMissedYield)
    vTaskPlaceOnEventList                    0x0800a13d   Thumb Code    44  tasks.o(i.vTaskPlaceOnEventList)
    vTaskPlaceOnEventListRestricted          0x0800a16d   Thumb Code    52  tasks.o(i.vTaskPlaceOnEventListRestricted)
    vTaskStartScheduler                      0x0800a1a5   Thumb Code   118  tasks.o(i.vTaskStartScheduler)
    vTaskSuspendAll                          0x0800a22d   Thumb Code    10  tasks.o(i.vTaskSuspendAll)
    vTaskSwitchContext                       0x0800a23d   Thumb Code    82  tasks.o(i.vTaskSwitchContext)
    writeBuffer                              0x0800a299   Thumb Code    90  bsp_circle.o(i.writeBuffer)
    xPortStartScheduler                      0x0800a2f5   Thumb Code   222  port.o(i.xPortStartScheduler)
    xQueueGenericCreate                      0x0800a3e9   Thumb Code    66  queue.o(i.xQueueGenericCreate)
    xQueueGenericCreateStatic                0x0800a42b   Thumb Code   102  queue.o(i.xQueueGenericCreateStatic)
    xQueueGenericReset                       0x0800a491   Thumb Code   132  queue.o(i.xQueueGenericReset)
    xQueueGenericSend                        0x0800a519   Thumb Code   346  queue.o(i.xQueueGenericSend)
    xQueueGenericSendFromISR                 0x0800a679   Thumb Code   190  queue.o(i.xQueueGenericSendFromISR)
    xQueueReceive                            0x0800a739   Thumb Code   308  queue.o(i.xQueueReceive)
    xQueueReceiveFromISR                     0x0800a871   Thumb Code   154  queue.o(i.xQueueReceiveFromISR)
    xTaskCheckForTimeOut                     0x0800a90d   Thumb Code   112  tasks.o(i.xTaskCheckForTimeOut)
    xTaskCreate                              0x0800a981   Thumb Code    90  tasks.o(i.xTaskCreate)
    xTaskCreateStatic                        0x0800a9db   Thumb Code    86  tasks.o(i.xTaskCreateStatic)
    xTaskGetSchedulerState                   0x0800aa31   Thumb Code    22  tasks.o(i.xTaskGetSchedulerState)
    xTaskGetTickCount                        0x0800aa4d   Thumb Code     6  tasks.o(i.xTaskGetTickCount)
    xTaskGetTickCountFromISR                 0x0800aa59   Thumb Code    12  tasks.o(i.xTaskGetTickCountFromISR)
    xTaskIncrementTick                       0x0800aa69   Thumb Code   194  tasks.o(i.xTaskIncrementTick)
    xTaskPriorityDisinherit                  0x0800ab35   Thumb Code   144  tasks.o(i.xTaskPriorityDisinherit)
    xTaskRemoveFromEventList                 0x0800abcd   Thumb Code   108  tasks.o(i.xTaskRemoveFromEventList)
    xTaskResumeAll                           0x0800ac41   Thumb Code   182  tasks.o(i.xTaskResumeAll)
    xTimerCreate                             0x0800ad05   Thumb Code    52  timers.o(i.xTimerCreate)
    xTimerCreateStatic                       0x0800ad39   Thumb Code    46  timers.o(i.xTimerCreateStatic)
    xTimerCreateTimerTask                    0x0800ad69   Thumb Code    78  timers.o(i.xTimerCreateTimerTask)
    xTimerGenericCommand                     0x0800adc9   Thumb Code    92  timers.o(i.xTimerGenericCommand)
    __aeabi_d2f                              0x0800ae29   Thumb Code     0  d2f.o(x$fpl$d2f)
    _d2f                                     0x0800ae29   Thumb Code    98  d2f.o(x$fpl$d2f)
    __aeabi_dadd                             0x0800ae8d   Thumb Code     0  daddsub_clz.o(x$fpl$dadd)
    _dadd                                    0x0800ae8d   Thumb Code   332  daddsub_clz.o(x$fpl$dadd)
    __fpl_dcmp_Inf                           0x0800afdd   Thumb Code    24  dcmpi.o(x$fpl$dcmpinf)
    __aeabi_i2d                              0x0800aff5   Thumb Code     0  dflt_clz.o(x$fpl$dflt)
    _dflt                                    0x0800aff5   Thumb Code    46  dflt_clz.o(x$fpl$dflt)
    __aeabi_cdcmple                          0x0800b025   Thumb Code     0  dleqf.o(x$fpl$dleqf)
    _dcmple                                  0x0800b025   Thumb Code   120  dleqf.o(x$fpl$dleqf)
    __fpl_dcmple_InfNaN                      0x0800b087   Thumb Code     0  dleqf.o(x$fpl$dleqf)
    __aeabi_dmul                             0x0800b09d   Thumb Code     0  dmul.o(x$fpl$dmul)
    _dmul                                    0x0800b09d   Thumb Code   332  dmul.o(x$fpl$dmul)
    __fpl_dnaninf                            0x0800b1f1   Thumb Code   156  dnaninf.o(x$fpl$dnaninf)
    __fpl_dretinf                            0x0800b28d   Thumb Code    12  dretinf.o(x$fpl$dretinf)
    __aeabi_cdrcmple                         0x0800b299   Thumb Code     0  drleqf.o(x$fpl$drleqf)
    _drcmple                                 0x0800b299   Thumb Code   108  drleqf.o(x$fpl$drleqf)
    __aeabi_dsub                             0x0800b305   Thumb Code     0  daddsub_clz.o(x$fpl$dsub)
    _dsub                                    0x0800b305   Thumb Code   464  daddsub_clz.o(x$fpl$dsub)
    __aeabi_f2d                              0x0800b4d9   Thumb Code     0  f2d.o(x$fpl$f2d)
    _f2d                                     0x0800b4d9   Thumb Code    86  f2d.o(x$fpl$f2d)
    __fpl_fnaninf                            0x0800b52f   Thumb Code   140  fnaninf.o(x$fpl$fnaninf)
    _fp_init                                 0x0800b5bb   Thumb Code    10  fpinit.o(x$fpl$fpinit)
    __fplib_config_fpu_vfp                   0x0800b5c3   Thumb Code     0  fpinit.o(x$fpl$fpinit)
    __fplib_config_pureend_doubles           0x0800b5c3   Thumb Code     0  fpinit.o(x$fpl$fpinit)
    __fpl_fretinf                            0x0800b5c5   Thumb Code    10  fretinf.o(x$fpl$fretinf)
    __I$use$fp                               0x0800b5ce   Number         0  usenofp.o(x$fpl$usenofp)
    AHBPrescTable                            0x0800b774   Data          16  system_stm32f4xx.o(.constdata)
    APBPrescTable                            0x0800b784   Data           8  system_stm32f4xx.o(.constdata)
    CRC8_TAB                                 0x0800b8c2   Data         256  crc.o(.constdata)
    wCRC_Table                               0x0800b9c2   Data         512  crc.o(.constdata)
    Region$$Table$$Base                      0x0800bc6c   Number         0  anon$$obj.o(Region$$Table)
    Region$$Table$$Limit                     0x0800bc8c   Number         0  anon$$obj.o(Region$$Table)
    Can1SendTaskHandle                       0x20000000   Data           4  freertos.o(.data)
    Can2SendTaskHandle                       0x20000004   Data           4  freertos.o(.data)
    upliftTaskHandle                         0x20000008   Data           4  freertos.o(.data)
    crossTaskHandle                          0x2000000c   Data           4  freertos.o(.data)
    cradleTaskHandle                         0x20000010   Data           4  freertos.o(.data)
    stretchTaskHandle                        0x20000014   Data           4  freertos.o(.data)
    rotateTaskHandle                         0x20000018   Data           4  freertos.o(.data)
    chassisTaskHandle                        0x2000001c   Data           4  freertos.o(.data)
    conveyTaskHandle                         0x20000020   Data           4  freertos.o(.data)
    spinTaskHandle                           0x20000024   Data           4  freertos.o(.data)
    relayTaskHandle                          0x20000028   Data           4  freertos.o(.data)
    modeswitchTaskHandle                     0x2000002c   Data           4  freertos.o(.data)
    judgeSendTaskHandle                      0x20000030   Data           4  freertos.o(.data)
    can1msqHandle                            0x20000034   Data           4  freertos.o(.data)
    can2msqHandle                            0x20000038   Data           4  freertos.o(.data)
    defaultTaskHandle                        0x2000003c   Data           4  freertos.o(.data)
    uwTickFreq                               0x20000044   Data           1  stm32f4xx_hal.o(.data)
    uwTickPrio                               0x20000048   Data           4  stm32f4xx_hal.o(.data)
    uwTick                                   0x2000004c   Data           4  stm32f4xx_hal.o(.data)
    SystemCoreClock                          0x20000050   Data           4  system_stm32f4xx.o(.data)
    pxCurrentTCB                             0x20000054   Data           4  tasks.o(.data)
    Game_Result                              0x200000d8   Data           1  bsp_judge.o(.data)
    Dart_Remaining_Time                      0x200000d9   Data           1  bsp_judge.o(.data)
    Buff                                     0x200000da   Data           1  bsp_judge.o(.data)
    Aerial_Robot_Energy                      0x200000db   Data           1  bsp_judge.o(.data)
    Robot_Hurt                               0x200000dc   Data           1  bsp_judge.o(.data)
    Referee_Warning                          0x200000dd   Data           2  bsp_judge.o(.data)
    Dart_Status                              0x200000df   Data           3  bsp_judge.o(.data)
    Event_Data                               0x200000e2   Data           4  bsp_judge.o(.data)
    Supply_Projectile_Action                 0x200000e6   Data           4  bsp_judge.o(.data)
    RFID_Status                              0x200000ea   Data           4  bsp_judge.o(.data)
    FrameHeader                              0x200000ee   Data           5  bsp_judge.o(.data)
    Bullet_Remaining                         0x200000f3   Data           6  bsp_judge.o(.data)
    Dart_Client                              0x200000f9   Data           6  bsp_judge.o(.data)
    Shoot_Data                               0x200000ff   Data           7  bsp_judge.o(.data)
    ui_seq                                   0x20000106   Data           1  bsp_judgesend.o(.data)
    self_inf                                 0x20000107   Data           7  bsp_judgesend.o(.data)
    angle                                    0x20000110   Data           4  bsp_pwm.o(.data)
    exchange_status                          0x20000114   Data           1  keyboard_handle.o(.data)
    oneclick_status                          0x20000115   Data           1  keyboard_handle.o(.data)
    gold_status                              0x20000116   Data           1  keyboard_handle.o(.data)
    block_pick                               0x20000117   Data           1  keyboard_handle.o(.data)
    move_status                              0x20000118   Data           1  keyboard_handle.o(.data)
    move_rotate                              0x20000119   Data           1  keyboard_handle.o(.data)
    block_state                              0x2000011a   Data           3  keyboard_handle.o(.data)
    switch_move_true                         0x20000120   Data           4  keyboard_handle.o(.data)
    wait_pump_time                           0x20000124   Data           4  keyboard_handle.o(.data)
    wait_throw_time                          0x20000128   Data           4  keyboard_handle.o(.data)
    gold_store_wait                          0x2000012c   Data           4  keyboard_handle.o(.data)
    gold_throw_wait                          0x20000130   Data           4  keyboard_handle.o(.data)
    ground_status                            0x20000134   Data           4  keyboard_handle.o(.data)
    init_time                                0x20000138   Data           4  keyboard_handle.o(.data)
    pick_throw_wait                          0x2000013c   Data           4  keyboard_handle.o(.data)
    add                                      0x20000140   Data           4  keyboard_handle.o(.data)
    exchange_time1                           0x20000144   Data           4  keyboard_handle.o(.data)
    exchange_time2                           0x20000148   Data           4  keyboard_handle.o(.data)
    flag_unlock                              0x2000014c   Data           1  modeswitch_task.o(.data)
    init_flag                                0x2000014d   Data           1  modeswitch_task.o(.data)
    global_ctrl_mode                         0x2000014e   Data           1  modeswitch_task.o(.data)
    last_global_ctrl_mode                    0x2000014f   Data           1  modeswitch_task.o(.data)
    func_mode                                0x20000150   Data           1  modeswitch_task.o(.data)
    get_remote                               0x20000151   Data           1  modeswitch_task.o(.data)
    last_func_mode                           0x20000152   Data           1  modeswitch_task.o(.data)
    remote_flag                              0x20000154   Data           4  modeswitch_task.o(.data)
    last_rc2                                 0x20000158   Data           4  modeswitch_task.o(.data)
    remote_init                              0x2000015c   Data           4  modeswitch_task.o(.data)
    entire_init_flag                         0x20000160   Data           1  stretch_task.o(.data)
    stretch_frame_period                     0x20000162   Data           2  stretch_task.o(.data)
    rotate_frame_period                      0x2000016c   Data           4  rotate_task.o(.data)
    addstretch_frame_period                  0x20000172   Data           2  addstretch_task.o(.data)
    lenth                                    0x20000176   Data           2  relay_task.o(.data)
    handle_lt_times1                         0x20000178   Data           1  uplift_task.o(.data)
    chassis_speed                            0x2000017a   Data           2  chassis_task.o(.data)
    mouse_speed                              0x2000017c   Data           2  chassis_task.o(.data)
    cross_frame_period                       0x20000186   Data           2  cross_task.o(.data)
    engineer_mod_uid                         0x2000018a   Data           3  judge_send_task.o(.data)
    engineer_mod_ui                          0x2000018d   Data           3  judge_send_task.o(.data)
    engineer_help_uid                        0x20000190   Data           3  judge_send_task.o(.data)
    figure_line0                             0x20000193   Data           3  judge_send_task.o(.data)
    figure_line1                             0x20000196   Data           3  judge_send_task.o(.data)
    figure_line2                             0x20000199   Data           3  judge_send_task.o(.data)
    figure_line3                             0x2000019c   Data           3  judge_send_task.o(.data)
    figure_line4                             0x2000019f   Data           3  judge_send_task.o(.data)
    ui_fun                                   0x200001ac   Data          30  judge_send_task.o(.data)
    ui_fun_detail                            0x200001ca   Data          30  judge_send_task.o(.data)
    CRC_INIT                                 0x200001f4   Data           2  crc.o(.data)
    hadc1                                    0x200008a0   Data          72  adc.o(.bss)
    hcan1                                    0x200008e8   Data          40  can.o(.bss)
    hcan2                                    0x20000910   Data          40  can.o(.bss)
    htim1                                    0x20000938   Data          72  tim.o(.bss)
    htim3                                    0x20000980   Data          72  tim.o(.bss)
    htim12                                   0x200009c8   Data          72  tim.o(.bss)
    huart5                                   0x20000a10   Data          68  usart.o(.bss)
    huart1                                   0x20000a54   Data          68  usart.o(.bss)
    huart2                                   0x20000a98   Data          68  usart.o(.bss)
    huart3                                   0x20000adc   Data          68  usart.o(.bss)
    huart6                                   0x20000b20   Data          68  usart.o(.bss)
    hdma_uart5_rx                            0x20000b64   Data          96  usart.o(.bss)
    hdma_uart5_tx                            0x20000bc4   Data          96  usart.o(.bss)
    hdma_usart1_rx                           0x20000c24   Data          96  usart.o(.bss)
    hdma_usart2_rx                           0x20000c84   Data          96  usart.o(.bss)
    hdma_usart2_tx                           0x20000ce4   Data          96  usart.o(.bss)
    hdma_usart3_rx                           0x20000d44   Data          96  usart.o(.bss)
    hdma_usart3_tx                           0x20000da4   Data          96  usart.o(.bss)
    hdma_usart6_rx                           0x20000e04   Data          96  usart.o(.bss)
    hdma_usart6_tx                           0x20000e64   Data          96  usart.o(.bss)
    htim10                                   0x20000ec4   Data          72  stm32f4xx_hal_timebase_tim.o(.bss)
    xQueueRegistry                           0x20000f0c   Data          64  queue.o(.bss)
    moto_uplift                              0x20004d24   Data          48  bsp_can.o(.bss)
    moto_stretch                             0x20004d54   Data          48  bsp_can.o(.bss)
    moto_addstretch                          0x20004d84   Data          48  bsp_can.o(.bss)
    moto_rotate                              0x20004db4   Data          48  bsp_can.o(.bss)
    moto_cross                               0x20004de4   Data          24  bsp_can.o(.bss)
    moto_spin                                0x20004dfc   Data          24  bsp_can.o(.bss)
    moto_convey                              0x20004e14   Data          24  bsp_can.o(.bss)
    moto_yaw                                 0x20004e2c   Data          24  bsp_can.o(.bss)
    Can_RxData                               0x20004e44   Data          36  bsp_can.o(.bss)
    Can1_Queue                               0x20004e68   Data          16  bsp_can.o(.bss)
    Can2_Queue                               0x20004e78   Data          16  bsp_can.o(.bss)
    dma_dbus_buf                             0x20004e88   Data          50  bsp_usart.o(.bss)
    dma_judge_buf                            0x20004eba   Data         200  bsp_usart.o(.bss)
    dma_tof_buf                              0x20004f82   Data          80  bsp_usart.o(.bss)
    dma_diy_buf                              0x20004fd2   Data          39  bsp_usart.o(.bss)
    circle_diy_buf                           0x20004ff9   Data          39  bsp_usart.o(.bss)
    Game_State                               0x20005020   Data          11  bsp_judge.o(.bss)
    RobotHP                                  0x2000502b   Data          32  bsp_judge.o(.bss)
    Game_Robot_Status                        0x2000504b   Data          27  bsp_judge.o(.bss)
    Power_Heat_Data                          0x20005066   Data          16  bsp_judge.o(.bss)
    Robot_Position                           0x20005076   Data          16  bsp_judge.o(.bss)
    Comm_getdata                             0x20005086   Data          26  bsp_judge.o(.bss)
    ringBuff                                 0x200050a0   Data          24  bsp_circle.o(.bss)
    stretch                                  0x200050b8   Data          64  stretch_task.o(.bss)
    rotate                                   0x200050f8   Data          72  rotate_task.o(.bss)
    addstretch                               0x20005140   Data          40  addstretch_task.o(.bss)
    main_sendbuffer                          0x20005168   Data          29  relay_task.o(.bss)
    main_send                                0x20005188   Data          24  relay_task.o(.bss)
    uplift                                   0x200051a0   Data          76  uplift_task.o(.bss)
    chassis                                  0x200051ec   Data          16  chassis_task.o(.bss)
    cradle                                   0x200051fc   Data          24  cradle_task.o(.bss)
    convey                                   0x20005214   Data          24  convey_task.o(.bss)
    cross                                    0x2000522c   Data          48  cross_task.o(.bss)
    figure_line                              0x2000525c   Data          75  judge_send_task.o(.bss)
    spin                                     0x200052a8   Data          48  spin_task.o(.bss)
    diy_t265                                 0x200052d8   Data          32  diy_remote.o(.bss)
    diy_remote                               0x200052f8   Data          28  diy_remote.o(.bss)
    rc                                       0x20005314   Data          22  remote_msg.o(.bss)
    chassis_ws_ramp                          0x2000532c   Data          20  math_calcu.o(.bss)
    chassis_ad_ramp                          0x20005340   Data          20  math_calcu.o(.bss)
    pid_uplift_height                        0x20005354   Data         224  pid.o(.bss)
    pid_uplift_spd                           0x20005434   Data         224  pid.o(.bss)
    pid_cross_pos                            0x20005514   Data         112  pid.o(.bss)
    pid_cross_spd                            0x20005584   Data         112  pid.o(.bss)
    pid_crosspos_block                       0x200055f4   Data         112  pid.o(.bss)
    pid_crossspd_block                       0x20005664   Data         112  pid.o(.bss)
    pid_stretch_pos                          0x200056d4   Data         224  pid.o(.bss)
    pid_stretch_spd                          0x200057b4   Data         224  pid.o(.bss)
    pid_stretch_init_spd                     0x20005894   Data         224  pid.o(.bss)
    pid_addstretch_pos                       0x20005974   Data         224  pid.o(.bss)
    pid_addstretch_spd                       0x20005a54   Data         224  pid.o(.bss)
    pid_addstretch_init_spd                  0x20005b34   Data         224  pid.o(.bss)
    pid_rotate_init_spd                      0x20005c14   Data         224  pid.o(.bss)
    pid_rotate_pos                           0x20005cf4   Data         224  pid.o(.bss)
    pid_rotate_spd                           0x20005dd4   Data         224  pid.o(.bss)
    pid_rotate_block_pos                     0x20005eb4   Data         224  pid.o(.bss)
    pid_rotate_block_spd                     0x20005f94   Data         224  pid.o(.bss)
    pid_convey_stay_pos                      0x20006074   Data         112  pid.o(.bss)
    pid_convey_stay_spd                      0x200060e4   Data         112  pid.o(.bss)
    pid_convey_store_spd                     0x20006154   Data         112  pid.o(.bss)
    pid_spin_pos                             0x200061c4   Data         112  pid.o(.bss)
    pid_spin_spd                             0x20006234   Data         112  pid.o(.bss)
    pid_yaw_init_spd                         0x200062a4   Data         112  pid.o(.bss)
    pid_yaw_spd                              0x20006314   Data         112  pid.o(.bss)
    pid_yaw_pos                              0x20006384   Data         112  pid.o(.bss)
    __libspace_start                         0x200063f4   Data          96  libspace.o(.bss)
    __temporary_stack_top$libspace           0x20006454   Data           0  libspace.o(.bss)



==============================================================================

Memory Map of the image

  Image Entry point : 0x08000189

  Load Region LR_IROM1 (Base: 0x08000000, Size: 0x0000be84, Max: 0x00080000, ABSOLUTE, COMPRESSED[0x0000bcd4])

    Execution Region ER_IROM1 (Exec base: 0x08000000, Load base: 0x08000000, Size: 0x0000bc8c, Max: 0x00080000, ABSOLUTE)

    Exec Addr    Load Addr    Size         Type   Attr      Idx    E Section Name        Object

    0x08000000   0x08000000   0x00000188   Data   RO            3    RESET               startup_stm32f407xx.o
    0x08000188   0x08000188   0x00000008   Code   RO         7225  * !!!main             c_w.l(__main.o)
    0x08000190   0x08000190   0x00000034   Code   RO         7471    !!!scatter          c_w.l(__scatter.o)
    0x080001c4   0x080001c4   0x0000003a   Code   RO         7469    !!dczerorl          c_w.l(__dczerorl.o)
    0x080001fe   0x080001fe   0x00000002   PAD
    0x08000200   0x08000200   0x0000001c   Code   RO         7473    !!handler_zi        c_w.l(__scatter_zi.o)
    0x0800021c   0x0800021c   0x00000002   Code   RO         7408    .ARM.Collect$$libinit$$00000000  c_w.l(libinit.o)
    0x0800021e   0x0800021e   0x00000004   Code   RO         7281    .ARM.Collect$$libinit$$00000001  c_w.l(libinit2.o)
    0x08000222   0x08000222   0x00000000   Code   RO         7284    .ARM.Collect$$libinit$$00000004  c_w.l(libinit2.o)
    0x08000222   0x08000222   0x00000008   Code   RO         7285    .ARM.Collect$$libinit$$00000005  c_w.l(libinit2.o)
    0x0800022a   0x0800022a   0x00000000   Code   RO         7287    .ARM.Collect$$libinit$$0000000A  c_w.l(libinit2.o)
    0x0800022a   0x0800022a   0x00000000   Code   RO         7289    .ARM.Collect$$libinit$$0000000C  c_w.l(libinit2.o)
    0x0800022a   0x0800022a   0x00000000   Code   RO         7291    .ARM.Collect$$libinit$$0000000E  c_w.l(libinit2.o)
    0x0800022a   0x0800022a   0x00000000   Code   RO         7294    .ARM.Collect$$libinit$$00000011  c_w.l(libinit2.o)
    0x0800022a   0x0800022a   0x00000000   Code   RO         7296    .ARM.Collect$$libinit$$00000013  c_w.l(libinit2.o)
    0x0800022a   0x0800022a   0x00000000   Code   RO         7298    .ARM.Collect$$libinit$$00000015  c_w.l(libinit2.o)
    0x0800022a   0x0800022a   0x00000000   Code   RO         7300    .ARM.Collect$$libinit$$00000017  c_w.l(libinit2.o)
    0x0800022a   0x0800022a   0x00000000   Code   RO         7302    .ARM.Collect$$libinit$$00000019  c_w.l(libinit2.o)
    0x0800022a   0x0800022a   0x00000000   Code   RO         7304    .ARM.Collect$$libinit$$0000001B  c_w.l(libinit2.o)
    0x0800022a   0x0800022a   0x00000000   Code   RO         7306    .ARM.Collect$$libinit$$0000001D  c_w.l(libinit2.o)
    0x0800022a   0x0800022a   0x00000000   Code   RO         7308    .ARM.Collect$$libinit$$0000001F  c_w.l(libinit2.o)
    0x0800022a   0x0800022a   0x00000000   Code   RO         7310    .ARM.Collect$$libinit$$00000021  c_w.l(libinit2.o)
    0x0800022a   0x0800022a   0x00000000   Code   RO         7312    .ARM.Collect$$libinit$$00000023  c_w.l(libinit2.o)
    0x0800022a   0x0800022a   0x00000000   Code   RO         7314    .ARM.Collect$$libinit$$00000025  c_w.l(libinit2.o)
    0x0800022a   0x0800022a   0x00000000   Code   RO         7318    .ARM.Collect$$libinit$$0000002C  c_w.l(libinit2.o)
    0x0800022a   0x0800022a   0x00000000   Code   RO         7320    .ARM.Collect$$libinit$$0000002E  c_w.l(libinit2.o)
    0x0800022a   0x0800022a   0x00000000   Code   RO         7322    .ARM.Collect$$libinit$$00000030  c_w.l(libinit2.o)
    0x0800022a   0x0800022a   0x00000000   Code   RO         7324    .ARM.Collect$$libinit$$00000032  c_w.l(libinit2.o)
    0x0800022a   0x0800022a   0x00000002   Code   RO         7325    .ARM.Collect$$libinit$$00000033  c_w.l(libinit2.o)
    0x0800022c   0x0800022c   0x00000002   Code   RO         7466    .ARM.Collect$$libshutdown$$00000000  c_w.l(libshutdown.o)
    0x0800022e   0x0800022e   0x00000000   Code   RO         7424    .ARM.Collect$$libshutdown$$00000002  c_w.l(libshutdown2.o)
    0x0800022e   0x0800022e   0x00000000   Code   RO         7426    .ARM.Collect$$libshutdown$$00000004  c_w.l(libshutdown2.o)
    0x0800022e   0x0800022e   0x00000000   Code   RO         7429    .ARM.Collect$$libshutdown$$00000007  c_w.l(libshutdown2.o)
    0x0800022e   0x0800022e   0x00000000   Code   RO         7432    .ARM.Collect$$libshutdown$$0000000A  c_w.l(libshutdown2.o)
    0x0800022e   0x0800022e   0x00000000   Code   RO         7434    .ARM.Collect$$libshutdown$$0000000C  c_w.l(libshutdown2.o)
    0x0800022e   0x0800022e   0x00000000   Code   RO         7437    .ARM.Collect$$libshutdown$$0000000F  c_w.l(libshutdown2.o)
    0x0800022e   0x0800022e   0x00000002   Code   RO         7438    .ARM.Collect$$libshutdown$$00000010  c_w.l(libshutdown2.o)
    0x08000230   0x08000230   0x00000000   Code   RO         7249    .ARM.Collect$$rtentry$$00000000  c_w.l(__rtentry.o)
    0x08000230   0x08000230   0x00000000   Code   RO         7343    .ARM.Collect$$rtentry$$00000002  c_w.l(__rtentry2.o)
    0x08000230   0x08000230   0x00000006   Code   RO         7355    .ARM.Collect$$rtentry$$00000004  c_w.l(__rtentry4.o)
    0x08000236   0x08000236   0x00000000   Code   RO         7345    .ARM.Collect$$rtentry$$00000009  c_w.l(__rtentry2.o)
    0x08000236   0x08000236   0x00000004   Code   RO         7346    .ARM.Collect$$rtentry$$0000000A  c_w.l(__rtentry2.o)
    0x0800023a   0x0800023a   0x00000000   Code   RO         7348    .ARM.Collect$$rtentry$$0000000C  c_w.l(__rtentry2.o)
    0x0800023a   0x0800023a   0x00000008   Code   RO         7349    .ARM.Collect$$rtentry$$0000000D  c_w.l(__rtentry2.o)
    0x08000242   0x08000242   0x00000002   Code   RO         7411    .ARM.Collect$$rtexit$$00000000  c_w.l(rtexit.o)
    0x08000244   0x08000244   0x00000000   Code   RO         7442    .ARM.Collect$$rtexit$$00000002  c_w.l(rtexit2.o)
    0x08000244   0x08000244   0x00000004   Code   RO         7443    .ARM.Collect$$rtexit$$00000003  c_w.l(rtexit2.o)
    0x08000248   0x08000248   0x00000006   Code   RO         7444    .ARM.Collect$$rtexit$$00000004  c_w.l(rtexit2.o)
    0x0800024e   0x0800024e   0x00000002   PAD
    0x08000250   0x08000250   0x000000be   Code   RO         5273    .emb_text           port.o
    0x0800030e   0x0800030e   0x00000002   PAD
    0x08000310   0x08000310   0x00000000   Code   RO         7361    .emb_text           c_w.l(maybetermalloc1.o)
    0x08000310   0x08000310   0x00000004   Code   RO         6198    .rev16_text         stretch_task.o
    0x08000314   0x08000314   0x00000004   Code   RO         6250    .rev16_text         rotate_task.o
    0x08000318   0x08000318   0x00000004   Code   RO         6336    .rev16_text         addstretch_task.o
    0x0800031c   0x0800031c   0x00000004   Code   RO         6411    .rev16_text         uplift_task.o
    0x08000320   0x08000320   0x00000004   Code   RO         6499    .rev16_text         cradle_task.o
    0x08000324   0x08000324   0x00000004   Code   RO         6548    .rev16_text         convey_task.o
    0x08000328   0x08000328   0x00000004   Code   RO         6599    .rev16_text         cross_task.o
    0x0800032c   0x0800032c   0x00000004   Code   RO         6718    .rev16_text         spin_task.o
    0x08000330   0x08000330   0x00000040   Code   RO            4    .text               startup_stm32f407xx.o
    0x08000370   0x08000370   0x0000005e   Code   RO         7153    .text               c_w.l(h1_alloc.o)
    0x080003ce   0x080003ce   0x0000004e   Code   RO         7155    .text               c_w.l(h1_free.o)
    0x0800041c   0x0800041c   0x000000ee   Code   RO         7211    .text               c_w.l(lludivv7m.o)
    0x0800050a   0x0800050a   0x0000008a   Code   RO         7213    .text               c_w.l(rt_memcpy_v6.o)
    0x08000594   0x08000594   0x00000064   Code   RO         7215    .text               c_w.l(rt_memcpy_w.o)
    0x080005f8   0x080005f8   0x00000044   Code   RO         7219    .text               c_w.l(rt_memclr.o)
    0x0800063c   0x0800063c   0x0000004e   Code   RO         7221    .text               c_w.l(rt_memclr_w.o)
    0x0800068a   0x0800068a   0x00000006   Code   RO         7223    .text               c_w.l(heapauxi.o)
    0x08000690   0x08000690   0x00000008   Code   RO         7257    .text               c_w.l(rt_heap_descriptor_intlibspace.o)
    0x08000698   0x08000698   0x00000004   Code   RO         7259    .text               c_w.l(hguard.o)
    0x0800069c   0x0800069c   0x0000008a   Code   RO         7261    .text               c_w.l(init_alloc.o)
    0x08000726   0x08000726   0x0000000e   Code   RO         7265    .text               c_w.l(h1_init.o)
    0x08000734   0x08000734   0x00000008   Code   RO         7339    .text               c_w.l(libspace.o)
    0x0800073c   0x0800073c   0x00000034   Code   RO         7363    .text               c_w.l(h1_extend.o)
    0x08000770   0x08000770   0x0000000e   Code   RO         7367    .text               c_w.l(defsig_rtmem_outer.o)
    0x0800077e   0x0800077e   0x00000002   Code   RO         7380    .text               c_w.l(use_no_semi.o)
    0x08000780   0x08000780   0x00000000   Code   RO         7382    .text               c_w.l(indicate_semi.o)
    0x08000780   0x08000780   0x0000004a   Code   RO         7383    .text               c_w.l(sys_stackheap_outer.o)
    0x080007ca   0x080007ca   0x00000012   Code   RO         7389    .text               c_w.l(exit.o)
    0x080007dc   0x080007dc   0x0000000a   Code   RO         7391    .text               c_w.l(defsig_exit.o)
    0x080007e6   0x080007e6   0x00000002   PAD
    0x080007e8   0x080007e8   0x00000050   Code   RO         7397    .text               c_w.l(defsig_rtmem_inner.o)
    0x08000838   0x08000838   0x0000000c   Code   RO         7409    .text               c_w.l(sys_exit.o)
    0x08000844   0x08000844   0x00000032   Code   RO         7419    .text               c_w.l(defsig_general.o)
    0x08000876   0x08000876   0x0000000e   Code   RO         7439    .text               c_w.l(sys_wrch.o)
    0x08000884   0x08000884   0x00000128   Code   RO          893    i.ADC_Init          stm32f4xx_hal_adc.o
    0x080009ac   0x080009ac   0x00000028   Code   RO         7098    i.Append_CRC16_Check_Sum  crc.o
    0x080009d4   0x080009d4   0x00000020   Code   RO         7099    i.Append_CRC8_Check_Sum  crc.o
    0x080009f4   0x080009f4   0x00000002   Code   RO          631    i.BusFault_Handler  stm32f4xx_it.o
    0x080009f6   0x080009f6   0x00000002   PAD
    0x080009f8   0x080009f8   0x00000080   Code   RO         5353    i.CAN1_CALLBACK_FUNC  bsp_can.o
    0x08000a78   0x08000a78   0x00000010   Code   RO         5354    i.CAN1_FilterEnd_Config  bsp_can.o
    0x08000a88   0x08000a88   0x0000006c   Code   RO         5355    i.CAN1_IDList_Config  bsp_can.o
    0x08000af4   0x08000af4   0x0000000c   Code   RO          632    i.CAN1_RX0_IRQHandler  stm32f4xx_it.o
    0x08000b00   0x08000b00   0x0000000c   Code   RO          633    i.CAN1_RX1_IRQHandler  stm32f4xx_it.o
    0x08000b0c   0x08000b0c   0x0000000c   Code   RO          634    i.CAN1_SCE_IRQHandler  stm32f4xx_it.o
    0x08000b18   0x08000b18   0x0000000c   Code   RO          635    i.CAN1_TX_IRQHandler  stm32f4xx_it.o
    0x08000b24   0x08000b24   0x00000074   Code   RO         5356    i.CAN2_CALLBACK_FUNC  bsp_can.o
    0x08000b98   0x08000b98   0x00000012   Code   RO         5357    i.CAN2_FilterEnd_Config  bsp_can.o
    0x08000baa   0x08000baa   0x00000002   PAD
    0x08000bac   0x08000bac   0x0000006c   Code   RO         5358    i.CAN2_IDList_Config  bsp_can.o
    0x08000c18   0x08000c18   0x0000000c   Code   RO          636    i.CAN2_RX0_IRQHandler  stm32f4xx_it.o
    0x08000c24   0x08000c24   0x0000000c   Code   RO          637    i.CAN2_RX1_IRQHandler  stm32f4xx_it.o
    0x08000c30   0x08000c30   0x0000000c   Code   RO          638    i.CAN2_SCE_IRQHandler  stm32f4xx_it.o
    0x08000c3c   0x08000c3c   0x0000000c   Code   RO          639    i.CAN2_TX_IRQHandler  stm32f4xx_it.o
    0x08000c48   0x08000c48   0x0000003c   Code   RO         5359    i.CAN_Filter_IDList_Config  bsp_can.o
    0x08000c84   0x08000c84   0x00000058   Code   RO         6304    i.Can1_Send_Task    common_task.o
    0x08000cdc   0x08000cdc   0x00000058   Code   RO         6305    i.Can2_Send_Task    common_task.o
    0x08000d34   0x08000d34   0x00000048   Code   RO         5360    i.Can_Init          bsp_can.o
    0x08000d7c   0x08000d7c   0x00000058   Code   RO         5361    i.Canx_Init         bsp_can.o
    0x08000dd4   0x08000dd4   0x00000026   Code   RO         5362    i.Canx_SendCurrent  bsp_can.o
    0x08000dfa   0x08000dfa   0x00000002   PAD
    0x08000dfc   0x08000dfc   0x0000000c   Code   RO          640    i.DMA1_Stream0_IRQHandler  stm32f4xx_it.o
    0x08000e08   0x08000e08   0x0000000c   Code   RO          641    i.DMA1_Stream1_IRQHandler  stm32f4xx_it.o
    0x08000e14   0x08000e14   0x0000000c   Code   RO          642    i.DMA1_Stream3_IRQHandler  stm32f4xx_it.o
    0x08000e20   0x08000e20   0x0000000c   Code   RO          643    i.DMA1_Stream5_IRQHandler  stm32f4xx_it.o
    0x08000e2c   0x08000e2c   0x0000000c   Code   RO          644    i.DMA1_Stream6_IRQHandler  stm32f4xx_it.o
    0x08000e38   0x08000e38   0x0000000c   Code   RO          645    i.DMA1_Stream7_IRQHandler  stm32f4xx_it.o
    0x08000e44   0x08000e44   0x0000000c   Code   RO          646    i.DMA2_Stream1_IRQHandler  stm32f4xx_it.o
    0x08000e50   0x08000e50   0x0000000c   Code   RO          647    i.DMA2_Stream2_IRQHandler  stm32f4xx_it.o
    0x08000e5c   0x08000e5c   0x0000000c   Code   RO          648    i.DMA2_Stream6_IRQHandler  stm32f4xx_it.o
    0x08000e68   0x08000e68   0x00000028   Code   RO         1627    i.DMA_CalcBaseAndBitshift  stm32f4xx_hal_dma.o
    0x08000e90   0x08000e90   0x00000054   Code   RO         1628    i.DMA_CheckFifoParam  stm32f4xx_hal_dma.o
    0x08000ee4   0x08000ee4   0x00000028   Code   RO         1629    i.DMA_SetConfig     stm32f4xx_hal_dma.o
    0x08000f0c   0x08000f0c   0x00000002   Code   RO          649    i.DebugMon_Handler  stm32f4xx_it.o
    0x08000f0e   0x08000f0e   0x00000004   Code   RO           13    i.Error_Handler     main.o
    0x08000f12   0x08000f12   0x00000002   PAD
    0x08000f14   0x08000f14   0x0000002c   Code   RO         7100    i.Get_CRC16_Check_Sum  crc.o
    0x08000f40   0x08000f40   0x00000020   Code   RO         7101    i.Get_CRC8_Check_Sum  crc.o
    0x08000f60   0x08000f60   0x00000444   Code   RO         5967    i.Gold_Get_Step     keyboard_handle.o
    0x080013a4   0x080013a4   0x00000434   Code   RO         5968    i.Gold_one_click    keyboard_handle.o
    0x080017d8   0x080017d8   0x0000014c   Code   RO          895    i.HAL_ADC_ConfigChannel  stm32f4xx_hal_adc.o
    0x08001924   0x08001924   0x00000054   Code   RO          904    i.HAL_ADC_Init      stm32f4xx_hal_adc.o
    0x08001978   0x08001978   0x00000060   Code   RO          391    i.HAL_ADC_MspInit   adc.o
    0x080019d8   0x080019d8   0x00000024   Code   RO         2301    i.HAL_CAN_ActivateNotification  stm32f4xx_hal_can.o
    0x080019fc   0x080019fc   0x000000c8   Code   RO         2302    i.HAL_CAN_AddTxMessage  stm32f4xx_hal_can.o
    0x08001ac4   0x08001ac4   0x0000010c   Code   RO         2303    i.HAL_CAN_ConfigFilter  stm32f4xx_hal_can.o
    0x08001bd0   0x08001bd0   0x00000002   Code   RO         2306    i.HAL_CAN_ErrorCallback  stm32f4xx_hal_can.o
    0x08001bd2   0x08001bd2   0x000000e8   Code   RO         2309    i.HAL_CAN_GetRxMessage  stm32f4xx_hal_can.o
    0x08001cba   0x08001cba   0x000001fc   Code   RO         2313    i.HAL_CAN_IRQHandler  stm32f4xx_hal_can.o
    0x08001eb6   0x08001eb6   0x0000011a   Code   RO         2314    i.HAL_CAN_Init      stm32f4xx_hal_can.o
    0x08001fd0   0x08001fd0   0x0000015c   Code   RO          433    i.HAL_CAN_MspInit   can.o
    0x0800212c   0x0800212c   0x00000002   Code   RO         2321    i.HAL_CAN_RxFifo0FullCallback  stm32f4xx_hal_can.o
    0x0800212e   0x0800212e   0x00000002   PAD
    0x08002130   0x08002130   0x00000038   Code   RO         5364    i.HAL_CAN_RxFifo0MsgPendingCallback  bsp_can.o
    0x08002168   0x08002168   0x00000002   Code   RO         2323    i.HAL_CAN_RxFifo1FullCallback  stm32f4xx_hal_can.o
    0x0800216a   0x0800216a   0x00000002   PAD
    0x0800216c   0x0800216c   0x00000038   Code   RO         5365    i.HAL_CAN_RxFifo1MsgPendingCallback  bsp_can.o
    0x080021a4   0x080021a4   0x00000002   Code   RO         2325    i.HAL_CAN_SleepCallback  stm32f4xx_hal_can.o
    0x080021a6   0x080021a6   0x00000002   PAD
    0x080021a8   0x080021a8   0x00000058   Code   RO         2326    i.HAL_CAN_Start     stm32f4xx_hal_can.o
    0x08002200   0x08002200   0x00000002   Code   RO         2328    i.HAL_CAN_TxMailbox0AbortCallback  stm32f4xx_hal_can.o
    0x08002202   0x08002202   0x00000002   Code   RO         2329    i.HAL_CAN_TxMailbox0CompleteCallback  stm32f4xx_hal_can.o
    0x08002204   0x08002204   0x00000002   Code   RO         2330    i.HAL_CAN_TxMailbox1AbortCallback  stm32f4xx_hal_can.o
    0x08002206   0x08002206   0x00000002   Code   RO         2331    i.HAL_CAN_TxMailbox1CompleteCallback  stm32f4xx_hal_can.o
    0x08002208   0x08002208   0x00000002   Code   RO         2332    i.HAL_CAN_TxMailbox2AbortCallback  stm32f4xx_hal_can.o
    0x0800220a   0x0800220a   0x00000002   Code   RO         2333    i.HAL_CAN_TxMailbox2CompleteCallback  stm32f4xx_hal_can.o
    0x0800220c   0x0800220c   0x00000002   Code   RO         2335    i.HAL_CAN_WakeUpFromRxMsgCallback  stm32f4xx_hal_can.o
    0x0800220e   0x0800220e   0x00000092   Code   RO         1630    i.HAL_DMA_Abort     stm32f4xx_hal_dma.o
    0x080022a0   0x080022a0   0x00000024   Code   RO         1631    i.HAL_DMA_Abort_IT  stm32f4xx_hal_dma.o
    0x080022c4   0x080022c4   0x000001a0   Code   RO         1635    i.HAL_DMA_IRQHandler  stm32f4xx_hal_dma.o
    0x08002464   0x08002464   0x000000d4   Code   RO         1636    i.HAL_DMA_Init      stm32f4xx_hal_dma.o
    0x08002538   0x08002538   0x0000006e   Code   RO         1640    i.HAL_DMA_Start_IT  stm32f4xx_hal_dma.o
    0x080025a6   0x080025a6   0x00000002   PAD
    0x080025a8   0x080025a8   0x000001f0   Code   RO         1523    i.HAL_GPIO_Init     stm32f4xx_hal_gpio.o
    0x08002798   0x08002798   0x0000000a   Code   RO         1527    i.HAL_GPIO_WritePin  stm32f4xx_hal_gpio.o
    0x080027a2   0x080027a2   0x00000002   PAD
    0x080027a4   0x080027a4   0x0000000c   Code   RO         2055    i.HAL_GetTick       stm32f4xx_hal.o
    0x080027b0   0x080027b0   0x00000010   Code   RO         2061    i.HAL_IncTick       stm32f4xx_hal.o
    0x080027c0   0x080027c0   0x00000034   Code   RO         2062    i.HAL_Init          stm32f4xx_hal.o
    0x080027f4   0x080027f4   0x0000008c   Code   RO          851    i.HAL_InitTick      stm32f4xx_hal_timebase_tim.o
    0x08002880   0x08002880   0x00000038   Code   RO          827    i.HAL_MspInit       stm32f4xx_hal_msp.o
    0x080028b8   0x080028b8   0x0000001a   Code   RO         1912    i.HAL_NVIC_EnableIRQ  stm32f4xx_hal_cortex.o
    0x080028d2   0x080028d2   0x00000002   PAD
    0x080028d4   0x080028d4   0x00000040   Code   RO         1918    i.HAL_NVIC_SetPriority  stm32f4xx_hal_cortex.o
    0x08002914   0x08002914   0x00000024   Code   RO         1919    i.HAL_NVIC_SetPriorityGrouping  stm32f4xx_hal_cortex.o
    0x08002938   0x08002938   0x00000134   Code   RO         1169    i.HAL_RCC_ClockConfig  stm32f4xx_hal_rcc.o
    0x08002a6c   0x08002a6c   0x00000040   Code   RO         1173    i.HAL_RCC_GetClockConfig  stm32f4xx_hal_rcc.o
    0x08002aac   0x08002aac   0x00000020   Code   RO         1176    i.HAL_RCC_GetPCLK1Freq  stm32f4xx_hal_rcc.o
    0x08002acc   0x08002acc   0x00000020   Code   RO         1177    i.HAL_RCC_GetPCLK2Freq  stm32f4xx_hal_rcc.o
    0x08002aec   0x08002aec   0x0000004c   Code   RO         1178    i.HAL_RCC_GetSysClockFreq  stm32f4xx_hal_rcc.o
    0x08002b38   0x08002b38   0x0000036c   Code   RO         1181    i.HAL_RCC_OscConfig  stm32f4xx_hal_rcc.o
    0x08002ea4   0x08002ea4   0x00000002   Code   RO         3240    i.HAL_TIMEx_BreakCallback  stm32f4xx_hal_tim_ex.o
    0x08002ea6   0x08002ea6   0x00000002   Code   RO         3241    i.HAL_TIMEx_CommutCallback  stm32f4xx_hal_tim_ex.o
    0x08002ea8   0x08002ea8   0x00000054   Code   RO         3243    i.HAL_TIMEx_ConfigBreakDeadTime  stm32f4xx_hal_tim_ex.o
    0x08002efc   0x08002efc   0x00000090   Code   RO         3259    i.HAL_TIMEx_MasterConfigSynchronization  stm32f4xx_hal_tim_ex.o
    0x08002f8c   0x08002f8c   0x0000005a   Code   RO         2536    i.HAL_TIM_Base_Init  stm32f4xx_hal_tim.o
    0x08002fe6   0x08002fe6   0x00000002   PAD
    0x08002fe8   0x08002fe8   0x00000074   Code   RO          506    i.HAL_TIM_Base_MspInit  tim.o
    0x0800305c   0x0800305c   0x00000080   Code   RO         2541    i.HAL_TIM_Base_Start_IT  stm32f4xx_hal_tim.o
    0x080030dc   0x080030dc   0x000000dc   Code   RO         2545    i.HAL_TIM_ConfigClockSource  stm32f4xx_hal_tim.o
    0x080031b8   0x080031b8   0x00000002   Code   RO         2570    i.HAL_TIM_IC_CaptureCallback  stm32f4xx_hal_tim.o
    0x080031ba   0x080031ba   0x00000166   Code   RO         2584    i.HAL_TIM_IRQHandler  stm32f4xx_hal_tim.o
    0x08003320   0x08003320   0x00000084   Code   RO          507    i.HAL_TIM_MspPostInit  tim.o
    0x080033a4   0x080033a4   0x00000002   Code   RO         2587    i.HAL_TIM_OC_DelayElapsedCallback  stm32f4xx_hal_tim.o
    0x080033a6   0x080033a6   0x000000cc   Code   RO         2608    i.HAL_TIM_PWM_ConfigChannel  stm32f4xx_hal_tim.o
    0x08003472   0x08003472   0x0000005a   Code   RO         2611    i.HAL_TIM_PWM_Init  stm32f4xx_hal_tim.o
    0x080034cc   0x080034cc   0x00000002   Code   RO         2613    i.HAL_TIM_PWM_MspInit  stm32f4xx_hal_tim.o
    0x080034ce   0x080034ce   0x00000002   Code   RO         2614    i.HAL_TIM_PWM_PulseFinishedCallback  stm32f4xx_hal_tim.o
    0x080034d0   0x080034d0   0x000000c8   Code   RO         2616    i.HAL_TIM_PWM_Start  stm32f4xx_hal_tim.o
    0x08003598   0x08003598   0x00000014   Code   RO           14    i.HAL_TIM_PeriodElapsedCallback  main.o
    0x080035ac   0x080035ac   0x00000056   Code   RO         2625    i.HAL_TIM_SlaveConfigSynchro  stm32f4xx_hal_tim.o
    0x08003602   0x08003602   0x00000002   Code   RO         2627    i.HAL_TIM_TriggerCallback  stm32f4xx_hal_tim.o
    0x08003604   0x08003604   0x00000002   Code   RO         3518    i.HAL_UARTEx_RxEventCallback  stm32f4xx_hal_uart.o
    0x08003606   0x08003606   0x00000070   Code   RO         3530    i.HAL_UART_DMAStop  stm32f4xx_hal_uart.o
    0x08003676   0x08003676   0x00000002   Code   RO         3532    i.HAL_UART_ErrorCallback  stm32f4xx_hal_uart.o
    0x08003678   0x08003678   0x00000268   Code   RO         3535    i.HAL_UART_IRQHandler  stm32f4xx_hal_uart.o
    0x080038e0   0x080038e0   0x00000062   Code   RO         3536    i.HAL_UART_Init     stm32f4xx_hal_uart.o
    0x08003942   0x08003942   0x00000002   PAD
    0x08003944   0x08003944   0x000003e8   Code   RO          566    i.HAL_UART_MspInit  usart.o
    0x08003d2c   0x08003d2c   0x0000002a   Code   RO         3540    i.HAL_UART_Receive_DMA  stm32f4xx_hal_uart.o
    0x08003d56   0x08003d56   0x0000002a   Code   RO         3541    i.HAL_UART_Receive_IT  stm32f4xx_hal_uart.o
    0x08003d80   0x08003d80   0x00000002   Code   RO         3542    i.HAL_UART_RxCpltCallback  stm32f4xx_hal_uart.o
    0x08003d82   0x08003d82   0x00000002   Code   RO         3543    i.HAL_UART_RxHalfCpltCallback  stm32f4xx_hal_uart.o
    0x08003d84   0x08003d84   0x0000008c   Code   RO         3545    i.HAL_UART_Transmit_DMA  stm32f4xx_hal_uart.o
    0x08003e10   0x08003e10   0x00000002   Code   RO         3547    i.HAL_UART_TxCpltCallback  stm32f4xx_hal_uart.o
    0x08003e12   0x08003e12   0x00000002   Code   RO         3548    i.HAL_UART_TxHalfCpltCallback  stm32f4xx_hal_uart.o
    0x08003e14   0x08003e14   0x00000002   Code   RO          650    i.HardFault_Handler  stm32f4xx_it.o
    0x08003e16   0x08003e16   0x00000002   PAD
    0x08003e18   0x08003e18   0x000001b0   Code   RO         5677    i.Judge_Read_Data   bsp_judge.o
    0x08003fc8   0x08003fc8   0x00000064   Code   RO          392    i.MX_ADC1_Init      adc.o
    0x0800402c   0x0800402c   0x00000044   Code   RO          434    i.MX_CAN1_Init      can.o
    0x08004070   0x08004070   0x00000044   Code   RO          435    i.MX_CAN2_Init      can.o
    0x080040b4   0x080040b4   0x000000bc   Code   RO          481    i.MX_DMA_Init       dma.o
    0x08004170   0x08004170   0x00000198   Code   RO          271    i.MX_FREERTOS_Init  freertos.o
    0x08004308   0x08004308   0x000000b0   Code   RO          247    i.MX_GPIO_Init      gpio.o
    0x080043b8   0x080043b8   0x0000004c   Code   RO          508    i.MX_TIM12_Init     tim.o
    0x08004404   0x08004404   0x000000fc   Code   RO          509    i.MX_TIM1_Init      tim.o
    0x08004500   0x08004500   0x0000009c   Code   RO          510    i.MX_TIM3_Init      tim.o
    0x0800459c   0x0800459c   0x00000038   Code   RO          567    i.MX_UART5_Init     usart.o
    0x080045d4   0x080045d4   0x00000040   Code   RO          568    i.MX_USART1_UART_Init  usart.o
    0x08004614   0x08004614   0x00000038   Code   RO          569    i.MX_USART2_UART_Init  usart.o
    0x0800464c   0x0800464c   0x00000038   Code   RO          570    i.MX_USART3_UART_Init  usart.o
    0x08004684   0x08004684   0x00000038   Code   RO          571    i.MX_USART6_UART_Init  usart.o
    0x080046bc   0x080046bc   0x00000002   Code   RO          651    i.MemManage_Handler  stm32f4xx_it.o
    0x080046be   0x080046be   0x00000002   Code   RO          652    i.NMI_Handler       stm32f4xx_it.o
    0x080046c0   0x080046c0   0x00000018   Code   RO         7012    i.PID_struct_init   pid.o
    0x080046d8   0x080046d8   0x00000008   Code   RO          272    i.StartDefaultTask  freertos.o
    0x080046e0   0x080046e0   0x0000024c   Code   RO         5969    i.Switch_Move_Step  keyboard_handle.o
    0x0800492c   0x0800492c   0x0000002c   Code   RO         5274    i.SysTick_Handler   port.o
    0x08004958   0x08004958   0x00000094   Code   RO           15    i.SystemClock_Config  main.o
    0x080049ec   0x080049ec   0x00000010   Code   RO         3865    i.SystemInit        system_stm32f4xx.o
    0x080049fc   0x080049fc   0x0000001c   Code   RO          653    i.TIM1_UP_TIM10_IRQHandler  stm32f4xx_it.o
    0x08004a18   0x08004a18   0x000000c8   Code   RO         2629    i.TIM_Base_SetConfig  stm32f4xx_hal_tim.o
    0x08004ae0   0x08004ae0   0x0000001a   Code   RO         2630    i.TIM_CCxChannelCmd  stm32f4xx_hal_tim.o
    0x08004afa   0x08004afa   0x00000014   Code   RO         2640    i.TIM_ETR_SetConfig  stm32f4xx_hal_tim.o
    0x08004b0e   0x08004b0e   0x00000010   Code   RO         2641    i.TIM_ITRx_SetConfig  stm32f4xx_hal_tim.o
    0x08004b1e   0x08004b1e   0x00000002   PAD
    0x08004b20   0x08004b20   0x00000060   Code   RO         2642    i.TIM_OC1_SetConfig  stm32f4xx_hal_tim.o
    0x08004b80   0x08004b80   0x0000006c   Code   RO         2643    i.TIM_OC2_SetConfig  stm32f4xx_hal_tim.o
    0x08004bec   0x08004bec   0x00000068   Code   RO         2644    i.TIM_OC3_SetConfig  stm32f4xx_hal_tim.o
    0x08004c54   0x08004c54   0x00000050   Code   RO         2645    i.TIM_OC4_SetConfig  stm32f4xx_hal_tim.o
    0x08004ca4   0x08004ca4   0x0000008c   Code   RO         2646    i.TIM_SlaveTimer_SetConfig  stm32f4xx_hal_tim.o
    0x08004d30   0x08004d30   0x00000022   Code   RO         2647    i.TIM_TI1_ConfigInputStage  stm32f4xx_hal_tim.o
    0x08004d52   0x08004d52   0x00000024   Code   RO         2649    i.TIM_TI2_ConfigInputStage  stm32f4xx_hal_tim.o
    0x08004d76   0x08004d76   0x00000002   PAD
    0x08004d78   0x08004d78   0x00000030   Code   RO         6551    i.Tof_Read_Data     convey_task.o
    0x08004da8   0x08004da8   0x0000000c   Code   RO          654    i.UART5_IRQHandler  stm32f4xx_it.o
    0x08004db4   0x08004db4   0x00000010   Code   RO         3549    i.UART_DMAAbortOnError  stm32f4xx_hal_uart.o
    0x08004dc4   0x08004dc4   0x0000004a   Code   RO         3550    i.UART_DMAError     stm32f4xx_hal_uart.o
    0x08004e0e   0x08004e0e   0x00000082   Code   RO         3551    i.UART_DMAReceiveCplt  stm32f4xx_hal_uart.o
    0x08004e90   0x08004e90   0x0000001a   Code   RO         3553    i.UART_DMARxHalfCplt  stm32f4xx_hal_uart.o
    0x08004eaa   0x08004eaa   0x00000042   Code   RO         3555    i.UART_DMATransmitCplt  stm32f4xx_hal_uart.o
    0x08004eec   0x08004eec   0x0000000a   Code   RO         3557    i.UART_DMATxHalfCplt  stm32f4xx_hal_uart.o
    0x08004ef6   0x08004ef6   0x0000004e   Code   RO         3559    i.UART_EndRxTransfer  stm32f4xx_hal_uart.o
    0x08004f44   0x08004f44   0x0000001c   Code   RO         3560    i.UART_EndTxTransfer  stm32f4xx_hal_uart.o
    0x08004f60   0x08004f60   0x000000c0   Code   RO         3561    i.UART_Receive_IT   stm32f4xx_hal_uart.o
    0x08005020   0x08005020   0x0000010c   Code   RO         3562    i.UART_SetConfig    stm32f4xx_hal_uart.o
    0x0800512c   0x0800512c   0x00000094   Code   RO         3563    i.UART_Start_Receive_DMA  stm32f4xx_hal_uart.o
    0x080051c0   0x080051c0   0x0000003a   Code   RO         3564    i.UART_Start_Receive_IT  stm32f4xx_hal_uart.o
    0x080051fa   0x080051fa   0x00000002   PAD
    0x080051fc   0x080051fc   0x00000018   Code   RO          655    i.USART1_IRQHandler  stm32f4xx_it.o
    0x08005214   0x08005214   0x00000018   Code   RO          656    i.USART2_IRQHandler  stm32f4xx_it.o
    0x0800522c   0x0800522c   0x00000018   Code   RO          657    i.USART3_IRQHandler  stm32f4xx_it.o
    0x08005244   0x08005244   0x00000018   Code   RO          658    i.USART6_IRQHandler  stm32f4xx_it.o
    0x0800525c   0x0800525c   0x000000d4   Code   RO         5473    i.USER_UART_IDLECallback  bsp_usart.o
    0x08005330   0x08005330   0x00000026   Code   RO         5474    i.USER_UART_IRQHandler  bsp_usart.o
    0x08005356   0x08005356   0x00000002   Code   RO          659    i.UsageFault_Handler  stm32f4xx_it.o
    0x08005358   0x08005358   0x0000003c   Code   RO         7102    i.Verify_CRC16_Check_Sum  crc.o
    0x08005394   0x08005394   0x0000002a   Code   RO         7103    i.Verify_CRC8_Check_Sum  crc.o
    0x080053be   0x080053be   0x00000020   Code   RO         1925    i.__NVIC_SetPriority  stm32f4xx_hal_cortex.o
    0x080053de   0x080053de   0x00000030   Code   RO         6955    i.abs_limit         math_calcu.o
    0x0800540e   0x0800540e   0x00000002   PAD
    0x08005410   0x08005410   0x000000d0   Code   RO         6339    i.addstretch_init   addstretch_task.o
    0x080054e0   0x080054e0   0x00000138   Code   RO         6340    i.addstretch_init_step  addstretch_task.o
    0x08005618   0x08005618   0x000001d4   Code   RO         6341    i.addstretch_task   addstretch_task.o
    0x080057ec   0x080057ec   0x00000704   Code   RO         5970    i.block_exchange_step  keyboard_handle.o
    0x08005ef0   0x08005ef0   0x00000454   Code   RO         5971    i.block_pick_step   keyboard_handle.o
    0x08006344   0x08006344   0x00000038   Code   RO         5972    i.block_state_auto_refresh  keyboard_handle.o
    0x0800637c   0x0800637c   0x0000008c   Code   RO         5973    i.block_state_set   keyboard_handle.o
    0x08006408   0x08006408   0x00000060   Code   RO         5863    i.camera_init       bsp_pwm.o
    0x08006468   0x08006468   0x00000170   Code   RO         6464    i.chassis_ramp      chassis_task.o
    0x080065d8   0x080065d8   0x0000014c   Code   RO         6465    i.chassis_task      chassis_task.o
    0x08006724   0x08006724   0x00000080   Code   RO         6552    i.convey_init       convey_task.o
    0x080067a4   0x080067a4   0x00000048   Code   RO         6553    i.convey_init_step  convey_task.o
    0x080067ec   0x080067ec   0x00000138   Code   RO         6554    i.convey_task       convey_task.o
    0x08006924   0x08006924   0x00000088   Code   RO         6502    i.cradle_init       cradle_task.o
    0x080069ac   0x080069ac   0x000000d4   Code   RO         6503    i.cradle_init_step  cradle_task.o
    0x08006a80   0x08006a80   0x000000a8   Code   RO         5974    i.cradle_mode_switch  keyboard_handle.o
    0x08006b28   0x08006b28   0x000000cc   Code   RO         6504    i.cradle_task       cradle_task.o
    0x08006bf4   0x08006bf4   0x0000009c   Code   RO         6602    i.cross_init        cross_task.o
    0x08006c90   0x08006c90   0x00000124   Code   RO         6603    i.cross_init_step   cross_task.o
    0x08006db4   0x08006db4   0x000001c4   Code   RO         6604    i.cross_task        cross_task.o
    0x08006f78   0x08006f78   0x00000078   Code   RO         5678    i.diy_Read_Data     bsp_judge.o
    0x08006ff0   0x08006ff0   0x00000046   Code   RO         5366    i.encoder_data_handler  bsp_can.o
    0x08007036   0x08007036   0x00000002   PAD
    0x08007038   0x08007038   0x000000c0   Code   RO         5975    i.entire_reset_handle  keyboard_handle.o
    0x080070f8   0x080070f8   0x00000010   Code   RO         5367    i.get_moto_offset   bsp_can.o
    0x08007108   0x08007108   0x0000000c   Code   RO         4849    i.inHandlerMode     cmsis_os.o
    0x08007114   0x08007114   0x00000040   Code   RO         5721    i.judge_get_basedata  bsp_judgesend.o
    0x08007154   0x08007154   0x0000003c   Code   RO         6646    i.judge_send_task   judge_send_task.o
    0x08007190   0x08007190   0x00000054   Code   RO         5976    i.keyboard_chassis_ctrl  keyboard_handle.o
    0x080071e4   0x080071e4   0x00000060   Code   RO         5978    i.keyboard_handle   keyboard_handle.o
    0x08007244   0x08007244   0x000000a8   Code   RO         5979    i.keyboard_mode_switch  keyboard_handle.o
    0x080072ec   0x080072ec   0x00000056   Code   RO           16    i.main              main.o
    0x08007342   0x08007342   0x0000000c   Code   RO         4851    i.makeFreeRtosPriority  cmsis_os.o
    0x0800734e   0x0800734e   0x00000002   PAD
    0x08007350   0x08007350   0x000000f4   Code   RO         6136    i.modeswitch_task   modeswitch_task.o
    0x08007444   0x08007444   0x00000030   Code   RO         5980    i.move_rotate_change  keyboard_handle.o
    0x08007474   0x08007474   0x00000040   Code   RO         6918    i.oneclick_verify   remote_msg.o
    0x080074b4   0x080074b4   0x0000000e   Code   RO         4853    i.osDelay           cmsis_os.o
    0x080074c2   0x080074c2   0x0000000e   Code   RO         4854    i.osDelayUntil      cmsis_os.o
    0x080074d0   0x080074d0   0x0000000a   Code   RO         4856    i.osKernelStart     cmsis_os.o
    0x080074da   0x080074da   0x00000018   Code   RO         4857    i.osKernelSysTick   cmsis_os.o
    0x080074f2   0x080074f2   0x00000026   Code   RO         4865    i.osMessageCreate   cmsis_os.o
    0x08007518   0x08007518   0x00000094   Code   RO         4867    i.osMessageGet      cmsis_os.o
    0x080075ac   0x080075ac   0x0000005c   Code   RO         4869    i.osMessagePut      cmsis_os.o
    0x08007608   0x08007608   0x00000054   Code   RO         4890    i.osThreadCreate    cmsis_os.o
    0x0800765c   0x0800765c   0x00000040   Code   RO         4901    i.osTimerCreate     cmsis_os.o
    0x0800769c   0x0800769c   0x0000005c   Code   RO         4903    i.osTimerStart      cmsis_os.o
    0x080076f8   0x080076f8   0x000001f0   Code   RO         7013    i.pid_calc          pid.o
    0x080078e8   0x080078e8   0x00000026   Code   RO         6137    i.pid_init          modeswitch_task.o
    0x0800790e   0x0800790e   0x0000000e   Code   RO         7014    i.pid_param_init    pid.o
    0x0800791c   0x0800791c   0x00000006   Code   RO         7015    i.pid_reset         pid.o
    0x08007922   0x08007922   0x00000002   PAD
    0x08007924   0x08007924   0x00000070   Code   RO         4385    i.prvAddCurrentTaskToDelayedList  tasks.o
    0x08007994   0x08007994   0x000000d0   Code   RO         4386    i.prvAddNewTaskToReadyList  tasks.o
    0x08007a64   0x08007a64   0x00000058   Code   RO         4705    i.prvCheckForValidListAndQueue  timers.o
    0x08007abc   0x08007abc   0x00000026   Code   RO         4043    i.prvCopyDataFromQueue  queue.o
    0x08007ae2   0x08007ae2   0x0000006c   Code   RO         4044    i.prvCopyDataToQueue  queue.o
    0x08007b4e   0x08007b4e   0x00000034   Code   RO         4387    i.prvDeleteTCB      tasks.o
    0x08007b82   0x08007b82   0x00000002   PAD
    0x08007b84   0x08007b84   0x0000004c   Code   RO         5218    i.prvHeapInit       heap_4.o
    0x08007bd0   0x08007bd0   0x00000060   Code   RO         4388    i.prvIdleTask       tasks.o
    0x08007c30   0x08007c30   0x00000016   Code   RO         4046    i.prvInitialiseNewQueue  queue.o
    0x08007c46   0x08007c46   0x00000098   Code   RO         4389    i.prvInitialiseNewTask  tasks.o
    0x08007cde   0x08007cde   0x0000004e   Code   RO         4706    i.prvInitialiseNewTimer  timers.o
    0x08007d2c   0x08007d2c   0x0000004c   Code   RO         5219    i.prvInsertBlockIntoFreeList  heap_4.o
    0x08007d78   0x08007d78   0x00000038   Code   RO         4707    i.prvInsertTimerInActiveList  timers.o
    0x08007db0   0x08007db0   0x0000001c   Code   RO         4047    i.prvIsQueueEmpty   queue.o
    0x08007dcc   0x08007dcc   0x000000f0   Code   RO         4708    i.prvProcessReceivedCommands  timers.o
    0x08007ebc   0x08007ebc   0x000000c0   Code   RO         4709    i.prvProcessTimerOrBlockTask  timers.o
    0x08007f7c   0x08007f7c   0x00000020   Code   RO         4390    i.prvResetNextTaskUnblockTime  tasks.o
    0x08007f9c   0x08007f9c   0x00000028   Code   RO         4710    i.prvSampleTimeNow  timers.o
    0x08007fc4   0x08007fc4   0x0000006c   Code   RO         4711    i.prvSwitchTimerLists  timers.o
    0x08008030   0x08008030   0x00000028   Code   RO         5275    i.prvTaskExitError  port.o
    0x08008058   0x08008058   0x00000024   Code   RO         4712    i.prvTimerTask      timers.o
    0x0800807c   0x0800807c   0x0000006a   Code   RO         4048    i.prvUnlockQueue    queue.o
    0x080080e6   0x080080e6   0x00000002   PAD
    0x080080e8   0x080080e8   0x000000dc   Code   RO         5220    i.pvPortMalloc      heap_4.o
    0x080081c4   0x080081c4   0x0000002c   Code   RO         5276    i.pxPortInitialiseStack  port.o
    0x080081f0   0x080081f0   0x0000003c   Code   RO         6958    i.ramp_calc         math_calcu.o
    0x0800822c   0x0800822c   0x000000b6   Code   RO         6919    i.rc_callback_handler  remote_msg.o
    0x080082e2   0x080082e2   0x0000005e   Code   RO         5916    i.readBuffer        bsp_circle.o
    0x08008340   0x08008340   0x00000074   Code   RO         6383    i.relay_task        relay_task.o
    0x080083b4   0x080083b4   0x00000040   Code   RO         5981    i.reset_spin        keyboard_handle.o
    0x080083f4   0x080083f4   0x00000140   Code   RO         6253    i.rotate_init       rotate_task.o
    0x08008534   0x08008534   0x0000015c   Code   RO         6254    i.rotate_init_step  rotate_task.o
    0x08008690   0x08008690   0x00000214   Code   RO         6255    i.rotate_task       rotate_task.o
    0x080088a4   0x080088a4   0x00000060   Code   RO         6721    i.spin_init         spin_task.o
    0x08008904   0x08008904   0x00000050   Code   RO         6722    i.spin_init_step    spin_task.o
    0x08008954   0x08008954   0x00000100   Code   RO         6723    i.spin_task         spin_task.o
    0x08008a54   0x08008a54   0x000000d8   Code   RO         6201    i.stretch_init      stretch_task.o
    0x08008b2c   0x08008b2c   0x00000188   Code   RO         6202    i.stretch_init_step  stretch_task.o
    0x08008cb4   0x08008cb4   0x000001e8   Code   RO         6203    i.stretch_task      stretch_task.o
    0x08008e9c   0x08008e9c   0x00000070   Code   RO         6138    i.switch_protect_mode  modeswitch_task.o
    0x08008f0c   0x08008f0c   0x00000254   Code   RO         6139    i.switch_remote_mode  modeswitch_task.o
    0x08009160   0x08009160   0x00000128   Code   RO         6647    i.ui_block_display  judge_send_task.o
    0x08009288   0x08009288   0x0000006a   Code   RO         5725    i.ui_data_packed_line  bsp_judgesend.o
    0x080092f2   0x080092f2   0x00000002   PAD
    0x080092f4   0x080092f4   0x0000008c   Code   RO         5729    i.ui_delete         bsp_judgesend.o
    0x08009380   0x08009380   0x000001c0   Code   RO         6649    i.ui_init           judge_send_task.o
    0x08009540   0x08009540   0x00000168   Code   RO         6650    i.ui_mode_display   judge_send_task.o
    0x080096a8   0x080096a8   0x00000118   Code   RO         5730    i.ui_sendcode       bsp_judgesend.o
    0x080097c0   0x080097c0   0x0000009c   Code   RO         5731    i.ui_sendgraph      bsp_judgesend.o
    0x0800985c   0x0800985c   0x000000b4   Code   RO         6651    i.ui_tips_display   judge_send_task.o
    0x08009910   0x08009910   0x00000034   Code   RO         6140    i.unlock_init       modeswitch_task.o
    0x08009944   0x08009944   0x0000018c   Code   RO         6414    i.uplift_fall_step  uplift_task.o
    0x08009ad0   0x08009ad0   0x00000158   Code   RO         6415    i.uplift_task       uplift_task.o
    0x08009c28   0x08009c28   0x000000a4   Code   RO         6416    i.upliftup_init     uplift_task.o
    0x08009ccc   0x08009ccc   0x00000088   Code   RO         6417    i.upliftup_init_step  uplift_task.o
    0x08009d54   0x08009d54   0x0000008c   Code   RO         5475    i.user_uart_init    bsp_usart.o
    0x08009de0   0x08009de0   0x00000026   Code   RO         4003    i.uxListRemove      list.o
    0x08009e06   0x08009e06   0x00000002   PAD
    0x08009e08   0x08009e08   0x00000014   Code   RO          273    i.vApplicationGetIdleTaskMemory  freertos.o
    0x08009e1c   0x08009e1c   0x00000018   Code   RO          274    i.vApplicationGetTimerTaskMemory  freertos.o
    0x08009e34   0x08009e34   0x00000016   Code   RO         4004    i.vListInitialise   list.o
    0x08009e4a   0x08009e4a   0x00000006   Code   RO         4005    i.vListInitialiseItem  list.o
    0x08009e50   0x08009e50   0x00000030   Code   RO         4006    i.vListInsert       list.o
    0x08009e80   0x08009e80   0x00000018   Code   RO         4007    i.vListInsertEnd    list.o
    0x08009e98   0x08009e98   0x00000040   Code   RO         5278    i.vPortEnterCritical  port.o
    0x08009ed8   0x08009ed8   0x00000028   Code   RO         5279    i.vPortExitCritical  port.o
    0x08009f00   0x08009f00   0x00000064   Code   RO         5221    i.vPortFree         heap_4.o
    0x08009f64   0x08009f64   0x00000024   Code   RO         5280    i.vPortSetupTimerInterrupt  port.o
    0x08009f88   0x08009f88   0x00000054   Code   RO         5281    i.vPortValidateInterruptPriority  port.o
    0x08009fdc   0x08009fdc   0x00000028   Code   RO         4052    i.vQueueAddToRegistry  queue.o
    0x0800a004   0x0800a004   0x00000044   Code   RO         4055    i.vQueueWaitForMessageRestricted  queue.o
    0x0800a048   0x0800a048   0x0000004c   Code   RO         4399    i.vTaskDelay        tasks.o
    0x0800a094   0x0800a094   0x0000008c   Code   RO         4400    i.vTaskDelayUntil   tasks.o
    0x0800a120   0x0800a120   0x00000010   Code   RO         4403    i.vTaskInternalSetTimeOutState  tasks.o
    0x0800a130   0x0800a130   0x0000000c   Code   RO         4404    i.vTaskMissedYield  tasks.o
    0x0800a13c   0x0800a13c   0x00000030   Code   RO         4406    i.vTaskPlaceOnEventList  tasks.o
    0x0800a16c   0x0800a16c   0x00000038   Code   RO         4407    i.vTaskPlaceOnEventListRestricted  tasks.o
    0x0800a1a4   0x0800a1a4   0x00000088   Code   RO         4414    i.vTaskStartScheduler  tasks.o
    0x0800a22c   0x0800a22c   0x00000010   Code   RO         4416    i.vTaskSuspendAll   tasks.o
    0x0800a23c   0x0800a23c   0x0000005c   Code   RO         4417    i.vTaskSwitchContext  tasks.o
    0x0800a298   0x0800a298   0x0000005a   Code   RO         5917    i.writeBuffer       bsp_circle.o
    0x0800a2f2   0x0800a2f2   0x00000002   PAD
    0x0800a2f4   0x0800a2f4   0x000000f4   Code   RO         5282    i.xPortStartScheduler  port.o
    0x0800a3e8   0x0800a3e8   0x00000042   Code   RO         4058    i.xQueueGenericCreate  queue.o
    0x0800a42a   0x0800a42a   0x00000066   Code   RO         4059    i.xQueueGenericCreateStatic  queue.o
    0x0800a490   0x0800a490   0x00000088   Code   RO         4060    i.xQueueGenericReset  queue.o
    0x0800a518   0x0800a518   0x00000160   Code   RO         4061    i.xQueueGenericSend  queue.o
    0x0800a678   0x0800a678   0x000000be   Code   RO         4062    i.xQueueGenericSendFromISR  queue.o
    0x0800a736   0x0800a736   0x00000002   PAD
    0x0800a738   0x0800a738   0x00000138   Code   RO         4070    i.xQueueReceive     queue.o
    0x0800a870   0x0800a870   0x0000009a   Code   RO         4071    i.xQueueReceiveFromISR  queue.o
    0x0800a90a   0x0800a90a   0x00000002   PAD
    0x0800a90c   0x0800a90c   0x00000074   Code   RO         4419    i.xTaskCheckForTimeOut  tasks.o
    0x0800a980   0x0800a980   0x0000005a   Code   RO         4420    i.xTaskCreate       tasks.o
    0x0800a9da   0x0800a9da   0x00000056   Code   RO         4421    i.xTaskCreateStatic  tasks.o
    0x0800aa30   0x0800aa30   0x0000001c   Code   RO         4425    i.xTaskGetSchedulerState  tasks.o
    0x0800aa4c   0x0800aa4c   0x0000000c   Code   RO         4426    i.xTaskGetTickCount  tasks.o
    0x0800aa58   0x0800aa58   0x00000010   Code   RO         4427    i.xTaskGetTickCountFromISR  tasks.o
    0x0800aa68   0x0800aa68   0x000000cc   Code   RO         4428    i.xTaskIncrementTick  tasks.o
    0x0800ab34   0x0800ab34   0x00000098   Code   RO         4431    i.xTaskPriorityDisinherit  tasks.o
    0x0800abcc   0x0800abcc   0x00000074   Code   RO         4433    i.xTaskRemoveFromEventList  tasks.o
    0x0800ac40   0x0800ac40   0x000000c4   Code   RO         4434    i.xTaskResumeAll    tasks.o
    0x0800ad04   0x0800ad04   0x00000034   Code   RO         4717    i.xTimerCreate      timers.o
    0x0800ad38   0x0800ad38   0x0000002e   Code   RO         4718    i.xTimerCreateStatic  timers.o
    0x0800ad66   0x0800ad66   0x00000002   PAD
    0x0800ad68   0x0800ad68   0x00000060   Code   RO         4719    i.xTimerCreateTimerTask  timers.o
    0x0800adc8   0x0800adc8   0x00000060   Code   RO         4720    i.xTimerGenericCommand  timers.o
    0x0800ae28   0x0800ae28   0x00000062   Code   RO         7227    x$fpl$d2f           fz_wm.l(d2f.o)
    0x0800ae8a   0x0800ae8a   0x00000002   PAD
    0x0800ae8c   0x0800ae8c   0x00000150   Code   RO         7229    x$fpl$dadd          fz_wm.l(daddsub_clz.o)
    0x0800afdc   0x0800afdc   0x00000018   Code   RO         7376    x$fpl$dcmpinf       fz_wm.l(dcmpi.o)
    0x0800aff4   0x0800aff4   0x0000002e   Code   RO         7236    x$fpl$dflt          fz_wm.l(dflt_clz.o)
    0x0800b022   0x0800b022   0x00000002   PAD
    0x0800b024   0x0800b024   0x00000078   Code   RO         7326    x$fpl$dleqf         fz_wm.l(dleqf.o)
    0x0800b09c   0x0800b09c   0x00000154   Code   RO         7241    x$fpl$dmul          fz_wm.l(dmul.o)
    0x0800b1f0   0x0800b1f0   0x0000009c   Code   RO         7328    x$fpl$dnaninf       fz_wm.l(dnaninf.o)
    0x0800b28c   0x0800b28c   0x0000000c   Code   RO         7330    x$fpl$dretinf       fz_wm.l(dretinf.o)
    0x0800b298   0x0800b298   0x0000006c   Code   RO         7243    x$fpl$drleqf        fz_wm.l(drleqf.o)
    0x0800b304   0x0800b304   0x000001d4   Code   RO         7231    x$fpl$dsub          fz_wm.l(daddsub_clz.o)
    0x0800b4d8   0x0800b4d8   0x00000056   Code   RO         7245    x$fpl$f2d           fz_wm.l(f2d.o)
    0x0800b52e   0x0800b52e   0x0000008c   Code   RO         7332    x$fpl$fnaninf       fz_wm.l(fnaninf.o)
    0x0800b5ba   0x0800b5ba   0x0000000a   Code   RO         7378    x$fpl$fpinit        fz_wm.l(fpinit.o)
    0x0800b5c4   0x0800b5c4   0x0000000a   Code   RO         7334    x$fpl$fretinf       fz_wm.l(fretinf.o)
    0x0800b5ce   0x0800b5ce   0x00000000   Code   RO         7336    x$fpl$usenofp       fz_wm.l(usenofp.o)
    0x0800b5ce   0x0800b5ce   0x00000002   PAD
    0x0800b5d0   0x0800b5d0   0x0000019c   Data   RO          276    .constdata          freertos.o
    0x0800b76c   0x0800b76c   0x00000008   Data   RO         1642    .constdata          stm32f4xx_hal_dma.o
    0x0800b774   0x0800b774   0x00000010   Data   RO         3866    .constdata          system_stm32f4xx.o
    0x0800b784   0x0800b784   0x00000008   Data   RO         3867    .constdata          system_stm32f4xx.o
    0x0800b78c   0x0800b78c   0x00000038   Data   RO         5371    .constdata          bsp_can.o
    0x0800b7c4   0x0800b7c4   0x000000fe   Data   RO         6654    .constdata          judge_send_task.o
    0x0800b8c2   0x0800b8c2   0x00000300   Data   RO         7105    .constdata          crc.o
    0x0800bbc2   0x0800bbc2   0x00000002   PAD
    0x0800bbc4   0x0800bbc4   0x000000a7   Data   RO          277    .conststring        freertos.o
    0x0800bc6b   0x0800bc6b   0x00000001   PAD
    0x0800bc6c   0x0800bc6c   0x00000020   Data   RO         7467    Region$$Table       anon$$obj.o


    Execution Region RW_IRAM1 (Exec base: 0x20000000, Load base: 0x0800bc8c, Size: 0x00009458, Max: 0x00020000, ABSOLUTE, COMPRESSED[0x00000048])

    Exec Addr    Load Addr    Size         Type   Attr      Idx    E Section Name        Object

    0x20000000   COMPRESSED   0x00000040   Data   RW          278    .data               freertos.o
    0x20000040   COMPRESSED   0x00000004   Data   RW          437    .data               can.o
    0x20000044   COMPRESSED   0x0000000c   Data   RW         2069    .data               stm32f4xx_hal.o
    0x20000050   COMPRESSED   0x00000004   Data   RW         3868    .data               system_stm32f4xx.o
    0x20000054   COMPRESSED   0x0000003c   Data   RW         4437    .data               tasks.o
    0x20000090   COMPRESSED   0x00000014   Data   RW         4726    .data               timers.o
    0x200000a4   COMPRESSED   0x00000020   Data   RW         5227    .data               heap_4.o
    0x200000c4   COMPRESSED   0x0000000c   Data   RW         5283    .data               port.o
    0x200000d0   COMPRESSED   0x00000008   Data   RW         5372    .data               bsp_can.o
    0x200000d8   COMPRESSED   0x0000002e   Data   RW         5682    .data               bsp_judge.o
    0x20000106   COMPRESSED   0x00000008   Data   RW         5733    .data               bsp_judgesend.o
    0x2000010e   COMPRESSED   0x00000002   PAD
    0x20000110   COMPRESSED   0x00000004   Data   RW         5868    .data               bsp_pwm.o
    0x20000114   COMPRESSED   0x00000038   Data   RW         5983    .data               keyboard_handle.o
    0x2000014c   COMPRESSED   0x00000014   Data   RW         6141    .data               modeswitch_task.o
    0x20000160   COMPRESSED   0x00000006   Data   RW         6205    .data               stretch_task.o
    0x20000166   COMPRESSED   0x00000002   PAD
    0x20000168   COMPRESSED   0x00000008   Data   RW         6257    .data               rotate_task.o
    0x20000170   COMPRESSED   0x00000002   Data   RW         6306    .data               common_task.o
    0x20000172   COMPRESSED   0x00000004   Data   RW         6343    .data               addstretch_task.o
    0x20000176   COMPRESSED   0x00000002   Data   RW         6385    .data               relay_task.o
    0x20000178   COMPRESSED   0x00000002   Data   RW         6419    .data               uplift_task.o
    0x2000017a   COMPRESSED   0x00000004   Data   RW         6467    .data               chassis_task.o
    0x2000017e   COMPRESSED   0x00000002   Data   RW         6507    .data               cradle_task.o
    0x20000180   COMPRESSED   0x00000004   Data   RW         6557    .data               convey_task.o
    0x20000184   COMPRESSED   0x00000004   Data   RW         6606    .data               cross_task.o
    0x20000188   COMPRESSED   0x00000060   Data   RW         6659    .data               judge_send_task.o
    0x200001e8   COMPRESSED   0x0000000c   Data   RW         6921    .data               remote_msg.o
    0x200001f4   COMPRESSED   0x00000002   Data   RW         7106    .data               crc.o
    0x200001f6   COMPRESSED   0x00000002   PAD
    0x200001f8        -       0x000006a8   Zero   RW          275    .bss                freertos.o
    0x200008a0        -       0x00000048   Zero   RW          393    .bss                adc.o
    0x200008e8        -       0x00000050   Zero   RW          436    .bss                can.o
    0x20000938        -       0x000000d8   Zero   RW          511    .bss                tim.o
    0x20000a10        -       0x000004b4   Zero   RW          572    .bss                usart.o
    0x20000ec4        -       0x00000048   Zero   RW          854    .bss                stm32f4xx_hal_timebase_tim.o
    0x20000f0c        -       0x00000040   Zero   RW         4073    .bss                queue.o
    0x20000f4c        -       0x000000f0   Zero   RW         4436    .bss                tasks.o
    0x2000103c        -       0x000000e8   Zero   RW         4725    .bss                timers.o
    0x20001124        -       0x00003c00   Zero   RW         5226    .bss                heap_4.o
    0x20004d24        -       0x00000144   Zero   RW         5368    .bss                bsp_can.o
    0x20004e68        -       0x00000010   Zero   RW         5369    .bss                bsp_can.o
    0x20004e78        -       0x00000010   Zero   RW         5370    .bss                bsp_can.o
    0x20004e88        -       0x00000198   Zero   RW         5476    .bss                bsp_usart.o
    0x20005020        -       0x00000080   Zero   RW         5679    .bss                bsp_judge.o
    0x200050a0        -       0x00000018   Zero   RW         5918    .bss                bsp_circle.o
    0x200050b8        -       0x00000040   Zero   RW         6204    .bss                stretch_task.o
    0x200050f8        -       0x00000048   Zero   RW         6256    .bss                rotate_task.o
    0x20005140        -       0x00000028   Zero   RW         6342    .bss                addstretch_task.o
    0x20005168        -       0x00000038   Zero   RW         6384    .bss                relay_task.o
    0x200051a0        -       0x0000004c   Zero   RW         6418    .bss                uplift_task.o
    0x200051ec        -       0x00000010   Zero   RW         6466    .bss                chassis_task.o
    0x200051fc        -       0x00000018   Zero   RW         6505    .bss                cradle_task.o
    0x20005214        -       0x00000018   Zero   RW         6555    .bss                convey_task.o
    0x2000522c        -       0x00000030   Zero   RW         6605    .bss                cross_task.o
    0x2000525c        -       0x0000004b   Zero   RW         6653    .bss                judge_send_task.o
    0x200052a7   COMPRESSED   0x00000001   PAD
    0x200052a8        -       0x00000030   Zero   RW         6724    .bss                spin_task.o
    0x200052d8        -       0x0000003c   Zero   RW         6768    .bss                diy_remote.o
    0x20005314        -       0x00000016   Zero   RW         6920    .bss                remote_msg.o
    0x2000532a   COMPRESSED   0x00000002   PAD
    0x2000532c        -       0x00000014   Zero   RW         6959    .bss                math_calcu.o
    0x20005340        -       0x00000014   Zero   RW         6960    .bss                math_calcu.o
    0x20005354        -       0x000000e0   Zero   RW         7017    .bss                pid.o
    0x20005434        -       0x000000e0   Zero   RW         7018    .bss                pid.o
    0x20005514        -       0x00000070   Zero   RW         7019    .bss                pid.o
    0x20005584        -       0x00000070   Zero   RW         7021    .bss                pid.o
    0x200055f4        -       0x00000070   Zero   RW         7022    .bss                pid.o
    0x20005664        -       0x00000070   Zero   RW         7023    .bss                pid.o
    0x200056d4        -       0x000000e0   Zero   RW         7024    .bss                pid.o
    0x200057b4        -       0x000000e0   Zero   RW         7025    .bss                pid.o
    0x20005894        -       0x000000e0   Zero   RW         7026    .bss                pid.o
    0x20005974        -       0x000000e0   Zero   RW         7027    .bss                pid.o
    0x20005a54        -       0x000000e0   Zero   RW         7028    .bss                pid.o
    0x20005b34        -       0x000000e0   Zero   RW         7029    .bss                pid.o
    0x20005c14        -       0x000000e0   Zero   RW         7030    .bss                pid.o
    0x20005cf4        -       0x000000e0   Zero   RW         7031    .bss                pid.o
    0x20005dd4        -       0x000000e0   Zero   RW         7032    .bss                pid.o
    0x20005eb4        -       0x000000e0   Zero   RW         7033    .bss                pid.o
    0x20005f94        -       0x000000e0   Zero   RW         7034    .bss                pid.o
    0x20006074        -       0x00000070   Zero   RW         7037    .bss                pid.o
    0x200060e4        -       0x00000070   Zero   RW         7038    .bss                pid.o
    0x20006154        -       0x00000070   Zero   RW         7039    .bss                pid.o
    0x200061c4        -       0x00000070   Zero   RW         7040    .bss                pid.o
    0x20006234        -       0x00000070   Zero   RW         7041    .bss                pid.o
    0x200062a4        -       0x00000070   Zero   RW         7042    .bss                pid.o
    0x20006314        -       0x00000070   Zero   RW         7043    .bss                pid.o
    0x20006384        -       0x00000070   Zero   RW         7044    .bss                pid.o
    0x200063f4        -       0x00000060   Zero   RW         7340    .bss                c_w.l(libspace.o)
    0x20006454   COMPRESSED   0x00000004   PAD
    0x20006458        -       0x00001000   Zero   RW            2    HEAP                startup_stm32f407xx.o
    0x20007458        -       0x00002000   Zero   RW            1    STACK               startup_stm32f407xx.o


==============================================================================

Image component sizes


      Code (inc. data)   RO Data    RW Data    ZI Data      Debug   Object Name

       196         24          0          0         72       1873   adc.o
       992         92          0          4         40       3964   addstretch_task.o
       950         90         56          8        356      11956   bsp_can.o
       184          0          0          0         24       2926   bsp_circle.o
       552         16          0         46        128       7928   bsp_judge.o
       746         38          0          8          0      12105   bsp_judgesend.o
        96         16          0          4          0        888   bsp_pwm.o
       390         66          0          0        408     586621   bsp_usart.o
       484         40          0          4         80       2738   can.o
       700         72          0          4         16       2698   chassis_task.o
       604         18          0          0          0      35269   cmsis_os.o
       176         24          0          2          0       1936   common_task.o
       564         80          0          4         24       4700   convey_task.o
       556         84          0          2         24       3937   cradle_task.o
       250         22        768          2          0       5036   crc.o
       904        122          0          4         48       3831   cross_task.o
         0          0          0          0         60       1117   diy_remote.o
       188          4          0          0          0        962   dma.o
         0          0          0          0          0      20140   event_groups.o
       460         22        579         64       1704      18293   freertos.o
       176         12          0          0          0       1123   gpio.o
       472         24          0         32      15360       5123   heap_4.o
      1344         64        254         96         75       7520   judge_send_task.o
      6676        792          0         56          0      18069   keyboard_handle.o
       138          0          0          0          0       3798   list.o
       258         14          0          0          0     753721   main.o
       108          0          0          0         40       3026   math_calcu.o
      1042        144          0         20          0       5826   modeswitch_task.o
       540         14          0          0       4256       6248   pid.o
       786         82          0         12          0      12361   port.o
      1722         20          0          0         64      20521   queue.o
       116         16          0          2         56       2983   relay_task.o
       246          8          0         12         22       3769   remote_msg.o
      1204        130          0          8         72       4229   rotate_task.o
       436         62          0          0         48       3348   spin_task.o
        64         26        392          0      12288        888   startup_stm32f407xx.o
        80         14          0         12          0       8338   stm32f4xx_hal.o
       712         28          0          0          0       3055   stm32f4xx_hal_adc.o
      1636          6          0          0          0      14511   stm32f4xx_hal_can.o
       158         14          0          0          0      33366   stm32f4xx_hal_cortex.o
      1084         16          8          0          0       7734   stm32f4xx_hal_dma.o
       506         46          0          0          0       2324   stm32f4xx_hal_gpio.o
        56          4          0          0          0        954   stm32f4xx_hal_msp.o
      1388         84          0          0          0       6137   stm32f4xx_hal_rcc.o
      2246        144          0          0          0      19747   stm32f4xx_hal_tim.o
       232         28          0          0          0       3489   stm32f4xx_hal_tim_ex.o
       140         20          0          0         72       1560   stm32f4xx_hal_timebase_tim.o
      2156         44          0          0          0      19105   stm32f4xx_hal_uart.o
       352        142          0          0          0      15159   stm32f4xx_it.o
         0          0          0          0          0        392   stream_buffer.o
      1100        120          0          6         64       4218   stretch_task.o
        16          4         24          4          0       1259   system_stm32f4xx.o
      2260        172          0         60        240      29689   tasks.o
       732         68          0          0        216       4288   tim.o
      1128         80          0         20        232      33787   timers.o
      1044        122          0          2         76       4936   uplift_task.o
      1288        108          0          0       1204       5745   usart.o

    ----------------------------------------------------------------------
     42692       3502       2116        504      37372    1801264   Object Totals
         0          0         32          0          0          0   (incl. Generated)
        58          0          3          6          3          0   (incl. Padding)

    ----------------------------------------------------------------------

      Code (inc. data)   RO Data    RW Data    ZI Data      Debug   Library Member Name

        58          0          0          0          0          0   __dczerorl.o
         8          0          0          0          0         68   __main.o
         0          0          0          0          0          0   __rtentry.o
        12          0          0          0          0          0   __rtentry2.o
         6          0          0          0          0          0   __rtentry4.o
        52          8          0          0          0          0   __scatter.o
        28          0          0          0          0          0   __scatter_zi.o
        10          0          0          0          0         68   defsig_exit.o
        50          0          0          0          0         88   defsig_general.o
        80         58          0          0          0         76   defsig_rtmem_inner.o
        14          0          0          0          0         80   defsig_rtmem_outer.o
        18          0          0          0          0         80   exit.o
        94          0          0          0          0         80   h1_alloc.o
        52          0          0          0          0         68   h1_extend.o
        78          0          0          0          0         80   h1_free.o
        14          0          0          0          0         84   h1_init.o
         6          0          0          0          0        152   heapauxi.o
         4          0          0          0          0        136   hguard.o
         0          0          0          0          0          0   indicate_semi.o
       138          0          0          0          0        168   init_alloc.o
         2          0          0          0          0          0   libinit.o
        14          0          0          0          0          0   libinit2.o
         2          0          0          0          0          0   libshutdown.o
         2          0          0          0          0          0   libshutdown2.o
         8          4          0          0         96         68   libspace.o
       238          0          0          0          0        100   lludivv7m.o
         0          0          0          0          0          0   maybetermalloc1.o
         8          4          0          0          0         68   rt_heap_descriptor_intlibspace.o
        68          0          0          0          0         68   rt_memclr.o
        78          0          0          0          0         80   rt_memclr_w.o
       138          0          0          0          0         68   rt_memcpy_v6.o
       100          0          0          0          0         80   rt_memcpy_w.o
         2          0          0          0          0          0   rtexit.o
        10          0          0          0          0          0   rtexit2.o
        12          4          0          0          0         68   sys_exit.o
        74          0          0          0          0         80   sys_stackheap_outer.o
        14          0          0          0          0         76   sys_wrch.o
         2          0          0          0          0         68   use_no_semi.o
        98          4          0          0          0        140   d2f.o
       804         16          0          0          0        368   daddsub_clz.o
        24          0          0          0          0        116   dcmpi.o
        46          0          0          0          0        116   dflt_clz.o
       120          4          0          0          0        140   dleqf.o
       340         12          0          0          0        152   dmul.o
       156          4          0          0          0        140   dnaninf.o
        12          0          0          0          0        116   dretinf.o
       108          0          0          0          0        128   drleqf.o
        86          4          0          0          0        132   f2d.o
       140          4          0          0          0        132   fnaninf.o
        10          0          0          0          0        116   fpinit.o
        10          0          0          0          0        116   fretinf.o
         0          0          0          0          0          0   usenofp.o

    ----------------------------------------------------------------------
      3460        126          0          0        100       3964   Library Totals
        12          0          0          0          4          0   (incl. Padding)

    ----------------------------------------------------------------------

      Code (inc. data)   RO Data    RW Data    ZI Data      Debug   Library Name

      1494         78          0          0         96       2052   c_w.l
      1954         48          0          0          0       1912   fz_wm.l

    ----------------------------------------------------------------------
      3460        126          0          0        100       3964   Library Totals

    ----------------------------------------------------------------------

==============================================================================


      Code (inc. data)   RO Data    RW Data    ZI Data      Debug   

     46152       3628       2116        504      37472    1770036   Grand Totals
     46152       3628       2116         72      37472    1770036   ELF Image Totals (compressed)
     46152       3628       2116         72          0          0   ROM Totals

==============================================================================

    Total RO  Size (Code + RO Data)                48268 (  47.14kB)
    Total RW  Size (RW Data + ZI Data)             37976 (  37.09kB)
    Total ROM Size (Code + RO Data + RW Data)      48340 (  47.21kB)

==============================================================================

